node.exe : npm verbose cli C:\Program Files\nodejs\node.exe C:\Program Files\nodejs\node_modules\npm\bin\npm-cli.js
At C:\Program Files\nodejs\npm.ps1:29 char:3
+   & $NODE_EXE $NPM_CLI_JS $args
+   ~~~~~~~~~~~~~~~~~~~~~~~~~~~~~
    + CategoryInfo          : NotSpecified: (npm verbose cli...\bin\npm-cli.js:String) [], RemoteException
    + FullyQualifiedErrorId : NativeCommandError
 
npm info using npm@10.9.0
npm info using node@v22.11.0
npm verbose title npm test
npm verbose argv "test" "--detectOpenHandles" "--forceExit" "--loglevel" "verbose"
npm verbose logfile logs-max:10 dir:C:\Users\Prethor\AppData\Local\npm-cache\_logs\2025-04-27T07_41_50_269Z-
npm verbose logfile C:\Users\Prethor\AppData\Local\npm-cache\_logs\2025-04-27T07_41_50_269Z-debug-0.log

> poshproject@1.0.0 test
> jest

ts-jest[config] (WARN) [94mmessage[0m[90m TS151001: [0mIf you have issues related to imports, you should consider setting `esModuleInterop` to `true
` in your TypeScript configuration file (usually `tsconfig.json`). See https://blogs.msdn.microsoft.com/typescript/2018/01/31/announcing-typescript-2-7/
#easier-ecmascript-module-interoperability for more information.
ts-jest[config] (WARN) [94mmessage[0m[90m TS151001: [0mIf you have issues related to imports, you should consider setting `esModuleInterop` to `true
` in your TypeScript configuration file (usually `tsconfig.json`). See https://blogs.msdn.microsoft.com/typescript/2018/01/31/announcing-typescript-2-7/
#easier-ecmascript-module-interoperability for more information.
FAIL server/dist/src/automation/utils/__tests__/RateLimiter.test.js
  ÔŚĆ Console

    console.log
      [32minfo[39m: Rate limiter config updated {"newConfig":{"maxRequestsPerMinute":5},"service":"poshmark-automation","timestamp":"2025-04-27T08:41:
53.510Z"}

      at Console.log (server/node_modules/winston/lib/winston/transports/console.js:87:23)

    console.log
      [32minfo[39m: Rate limiter config updated {"newConfig":{"maxRequestsPerHour":2,"maxRequestsPerMinute":10},"service":"poshmark-automation","times
tamp":"2025-04-27T08:41:53.510Z"}

      at Console.log (server/node_modules/winston/lib/winston/transports/console.js:87:23)

  ÔŚĆ RateLimiter ÔÇ║ allows requests under the limit

    expect(received).toBe(expected) // Object.is equality

    Expected: true
    Received: false

    [0m [90m 27 |[39m         [36mconst[39m second [33m=[39m [36mawait[39m limiter[33m.[39macquireToken(userId)[33m;[39m
     [90m 28 |[39m         expect(first)[33m.[39mtoBe([36mtrue[39m)[33m;[39m
    [31m[1m>[22m[39m[90m 29 |[39m         expect(second)[33m.[39mtoBe([36mtrue[39m)[33m;[39m
     [90m    |[39m                        [31m[1m^[22m[39m
     [90m 30 |[39m         [90m// Third should be false[39m
     [90m 31 |[39m         [36mconst[39m third [33m=[39m [36mawait[39m limiter[33m.[39macquireToken(userId)[33m;[39m
     [90m 32 |[39m         expect(third)[33m.[39mtoBe([36mfalse[39m)[33m;[39m[0m

      at Object.<anonymous> (server/dist/src/automation/utils/__tests__/RateLimiter.test.js:29:24)

  ÔŚĆ RateLimiter ÔÇ║ respects maxRequestsPerMinute

    expect(received).toBe(expected) // Object.is equality

    Expected: true
    Received: false

    [0m [90m 59 |[39m     it([32m'respects maxRequestsPerMinute'[39m[33m,[39m [36masync[39m () [33m=>[39m {
     [90m 60 |[39m         [36mfor[39m ([36mlet[39m i [33m=[39m [35m0[39m[33m;[39m i [33m<[39m [35m3[39m[33m;[39m i[33m++[39m) {
    [31m[1m>[22m[39m[90m 61 |[39m             expect([36mawait[39m limiter[33m.[39macquireToken(userId))[33m.[39mtoBe([36mtrue[39m)[33m;
[39m
     [90m    |[39m                                                        [31m[1m^[22m[39m
     [90m 62 |[39m             limiter[33m.[39mreleaseToken(userId)[33m;[39m
     [90m 63 |[39m         }
     [90m 64 |[39m         [90m// 4th request should be blocked (limit is 3 per minute)[39m[0m

      at Object.<anonymous> (server/dist/src/automation/utils/__tests__/RateLimiter.test.js:61:56)

  ÔŚĆ RateLimiter ÔÇ║ enforces maxRequestsPerHour

    expect(received).toBe(expected) // Object.is equality

    Expected: false
    Received: true

    [0m [90m 84 |[39m         }
     [90m 85 |[39m         expect(tokens)[33m.[39mtoBe(defaultConfig[33m.[39mmaxRequestsPerHour)[33m;[39m
    [31m[1m>[22m[39m[90m 86 |[39m         expect([36mawait[39m limiter[33m.[39macquireToken(user2))[33m.[39mtoBe([36mfalse[39m)[33m;[39m
     [90m    |[39m                                                   [31m[1m^[22m[39m
     [90m 87 |[39m     })[33m;[39m
     [90m 88 |[39m     it([32m'updates config dynamically'[39m[33m,[39m [36masync[39m () [33m=>[39m {
     [90m 89 |[39m         limiter[33m.[39mupdateConfig({ maxRequestsPerMinute[33m:[39m [35m5[39m })[33m;[39m[0m

      at Object.<anonymous> (server/dist/src/automation/utils/__tests__/RateLimiter.test.js:86:51)

  ÔŚĆ RateLimiter ÔÇ║ updates config dynamically

    expect(received).toBe(expected) // Object.is equality

    Expected: true
    Received: false

    [0m [90m 89 |[39m         limiter[33m.[39mupdateConfig({ maxRequestsPerMinute[33m:[39m [35m5[39m })[33m;[39m
     [90m 90 |[39m         [36mfor[39m ([36mlet[39m i [33m=[39m [35m0[39m[33m;[39m i [33m<[39m [35m5[39m[33m;[39m i[33m++[39m) {
    [31m[1m>[22m[39m[90m 91 |[39m             expect([36mawait[39m limiter[33m.[39macquireToken(userId))[33m.[39mtoBe([36mtrue[39m)[33m;
[39m
     [90m    |[39m                                                        [31m[1m^[22m[39m
     [90m 92 |[39m             limiter[33m.[39mreleaseToken(userId)[33m;[39m
     [90m 93 |[39m         }
     [90m 94 |[39m         expect([36mawait[39m limiter[33m.[39macquireToken(userId))[33m.[39mtoBe([36mfalse[39m)[33m;[39m[0m

      at Object.<anonymous> (server/dist/src/automation/utils/__tests__/RateLimiter.test.js:91:56)

ts-jest[config] (WARN) [94mmessage[0m[90m TS151001: [0mIf you have issues related to imports, you should consider setting `esModuleInterop` to `true
` in your TypeScript configuration file (usually `tsconfig.json`). See https://blogs.msdn.microsoft.com/typescript/2018/01/31/announcing-typescript-2-7/
#easier-ecmascript-module-interoperability for more information.
(node:15304) PromiseRejectionHandledWarning: Promise rejection was handled asynchronously (rejection id: 9)
(Use `node --trace-warnings ...` to show where the warning was created)
(node:15304) PromiseRejectionHandledWarning: Promise rejection was handled asynchronously (rejection id: 14)
FAIL server/dist/src/automation/__tests__/RetryManager.test.js
  ÔŚĆ Console

    console.log
      [33mwarn[39m: Operation failed, retrying {"attempt":1,"error":{"name":"AutomationError","recoverable":true,"type":"NETWORK"},"nextDelay":100,"se
rvice":"poshmark-automation","timestamp":"2025-04-27T07:41:53.340Z"}

      at Console.log (server/node_modules/winston/lib/winston/transports/console.js:87:23)

    console.log
      [31merror[39m: Non-retryable error occurred {"attempt":1,"error":{"name":"AutomationError","recoverable":true,"type":"AUTH_FAILED"},"service":"p
oshmark-automation","timestamp":"2025-04-27T07:41:53.463Z"}

      at Console.log (server/node_modules/winston/lib/winston/transports/console.js:87:23)

    console.log
      [33mwarn[39m: Operation failed, retrying {"attempt":1,"error":{"name":"AutomationError","recoverable":true,"type":"NETWORK"},"nextDelay":100,"se
rvice":"poshmark-automation","timestamp":"2025-04-27T07:41:53.469Z"}

      at Console.log (server/node_modules/winston/lib/winston/transports/console.js:87:23)

    console.log
      [33mwarn[39m: Operation failed, retrying {"attempt":2,"error":{"name":"AutomationError","recoverable":true,"type":"NETWORK"},"nextDelay":200,"se
rvice":"poshmark-automation","timestamp":"2025-04-27T07:41:53.605Z"}

      at Console.log (server/node_modules/winston/lib/winston/transports/console.js:87:23)

    console.log
      [31merror[39m: Max retry attempts reached {"attempts":3,"error":{"name":"AutomationError","recoverable":true,"type":"NETWORK"},"service":"poshma
rk-automation","timestamp":"2025-04-27T07:41:53.808Z"}

      at Console.log (server/node_modules/winston/lib/winston/transports/console.js:87:23)

    console.log
      [33mwarn[39m: Operation failed, retrying {"attempt":1,"error":{"name":"AutomationError","recoverable":true,"type":"NETWORK"},"nextDelay":100,"se
rvice":"poshmark-automation","timestamp":"2025-04-27T07:41:53.812Z"}

      at Console.log (server/node_modules/winston/lib/winston/transports/console.js:87:23)

    console.log
      [33mwarn[39m: Operation failed, retrying {"attempt":2,"error":{"name":"AutomationError","recoverable":true,"type":"NETWORK"},"nextDelay":200,"se
rvice":"poshmark-automation","timestamp":"2025-04-27T07:41:53.912Z"}

      at Console.log (server/node_modules/winston/lib/winston/transports/console.js:87:23)

    console.log
      [31merror[39m: Max retry attempts reached {"attempts":3,"error":{"name":"AutomationError","recoverable":true,"type":"NETWORK"},"service":"poshma
rk-automation","timestamp":"2025-04-27T07:41:54.112Z"}

      at Console.log (server/node_modules/winston/lib/winston/transports/console.js:87:23)

    console.log
      [33mwarn[39m: Operation failed, retrying {"attempt":1,"error":{"name":"AutomationError","recoverable":true,"type":"NETWORK"},"nextDelay":500,"se
rvice":"poshmark-automation","timestamp":"2025-04-27T07:41:53.825Z"}

      at Console.log (server/node_modules/winston/lib/winston/transports/console.js:87:23)

    console.log
      [33mwarn[39m: Operation failed, retrying {"attempt":2,"error":{"name":"AutomationError","recoverable":true,"type":"NETWORK"},"nextDelay":1000,"s
ervice":"poshmark-automation","timestamp":"2025-04-27T07:41:54.325Z"}

      at Console.log (server/node_modules/winston/lib/winston/transports/console.js:87:23)

    console.log
      [33mwarn[39m: Operation failed, retrying {"attempt":3,"error":{"name":"AutomationError","recoverable":true,"type":"NETWORK"},"nextDelay":1000,"s
ervice":"poshmark-automation","timestamp":"2025-04-27T07:41:55.325Z"}

      at Console.log (server/node_modules/winston/lib/winston/transports/console.js:87:23)

    console.log
      [31merror[39m: Max retry attempts reached {"attempts":4,"error":{"name":"AutomationError","recoverable":true,"type":"NETWORK"},"service":"poshma
rk-automation","timestamp":"2025-04-27T07:41:56.325Z"}

      at Console.log (server/node_modules/winston/lib/winston/transports/console.js:87:23)

  ÔŚĆ RetryManager ÔÇ║ should successfully execute an operation that succeeds

    expect(received).not.toHaveBeenCalled()

    Matcher error: received value must be a mock or spy function

    Received has type:  function
    Received has value: [Function anonymous]

    [0m [90m 27 |[39m         expect(result)[33m.[39mtoBe([32m'success'[39m)[33m;[39m
     [90m 28 |[39m         expect(operation)[33m.[39mtoHaveBeenCalledTimes([35m1[39m)[33m;[39m
    [31m[1m>[22m[39m[90m 29 |[39m         expect(logger_1[33m.[39mlogger[33m.[39mwarn)[33m.[39mnot[33m.[39mtoHaveBeenCalled()[33m;[39m
     [90m    |[39m                                          [31m[1m^[22m[39m
     [90m 30 |[39m         expect(logger_1[33m.[39mlogger[33m.[39merror)[33m.[39mnot[33m.[39mtoHaveBeenCalled()[33m;[39m
     [90m 31 |[39m     })[33m;[39m
     [90m 32 |[39m     it([32m'should retry on retryable errors and eventually succeed'[39m[33m,[39m [36masync[39m () [33m=>[39m {[0m

      at Object.<anonymous> (server/dist/src/automation/__tests__/RetryManager.test.js:29:42)

  ÔŚĆ RetryManager ÔÇ║ should retry on retryable errors and eventually succeed

    expect(received).toHaveBeenCalledTimes(expected)

    Matcher error: received value must be a mock or spy function

    Received has type:  function
    Received has value: [Function anonymous]

    [0m [90m 37 |[39m         expect(result)[33m.[39mtoBe([32m'success'[39m)[33m;[39m
     [90m 38 |[39m         expect(operation)[33m.[39mtoHaveBeenCalledTimes([35m2[39m)[33m;[39m
    [31m[1m>[22m[39m[90m 39 |[39m         expect(logger_1[33m.[39mlogger[33m.[39mwarn)[33m.[39mtoHaveBeenCalledTimes([35m1[39m)[33m;[39m
     [90m    |[39m                                      [31m[1m^[22m[39m
     [90m 40 |[39m         expect(logger_1[33m.[39mlogger[33m.[39merror)[33m.[39mnot[33m.[39mtoHaveBeenCalled()[33m;[39m
     [90m 41 |[39m     })[33m;[39m
     [90m 42 |[39m     it([32m'should throw immediately on non-retryable errors'[39m[33m,[39m [36masync[39m () [33m=>[39m {[0m

      at Object.<anonymous> (server/dist/src/automation/__tests__/RetryManager.test.js:39:38)

  ÔŚĆ RetryManager ÔÇ║ should throw immediately on non-retryable errors

    expect(received).toHaveBeenCalledTimes(expected)

    Matcher error: received value must be a mock or spy function

    Received has type:  function
    Received has value: [Function anonymous]

    [0m [90m 47 |[39m             [33m.[39mtoThrow(error)[33m;[39m
     [90m 48 |[39m         expect(operation)[33m.[39mtoHaveBeenCalledTimes([35m1[39m)[33m;[39m
    [31m[1m>[22m[39m[90m 49 |[39m         expect(logger_1[33m.[39mlogger[33m.[39merror)[33m.[39mtoHaveBeenCalledTimes([35m1[39m)[33m;[39
m
     [90m    |[39m                                       [31m[1m^[22m[39m
     [90m 50 |[39m         expect(logger_1[33m.[39mlogger[33m.[39mwarn)[33m.[39mnot[33m.[39mtoHaveBeenCalled()[33m;[39m
     [90m 51 |[39m     })[33m;[39m
     [90m 52 |[39m     it([32m'should respect max attempts and throw after all retries fail'[39m[33m,[39m [36masync[39m () [33m=>[39m {[0m

      at Object.<anonymous> (server/dist/src/automation/__tests__/RetryManager.test.js:49:39)

  ÔŚĆ RetryManager ÔÇ║ should respect max attempts and throw after all retries fail

    expect(received).toHaveBeenCalledTimes(expected)

    Matcher error: received value must be a mock or spy function

    Received has type:  function
    Received has value: [Function anonymous]

    [0m [90m 57 |[39m             [33m.[39mtoThrow([32m'Operation failed after 3 attempts'[39m)[33m;[39m
     [90m 58 |[39m         expect(operation)[33m.[39mtoHaveBeenCalledTimes([35m3[39m)[33m;[39m
    [31m[1m>[22m[39m[90m 59 |[39m         expect(logger_1[33m.[39mlogger[33m.[39mwarn)[33m.[39mtoHaveBeenCalledTimes([35m2[39m)[33m;[39m
     [90m    |[39m                                      [31m[1m^[22m[39m
     [90m 60 |[39m         expect(logger_1[33m.[39mlogger[33m.[39merror)[33m.[39mtoHaveBeenCalledTimes([35m1[39m)[33m;[39m
     [90m 61 |[39m     })[33m;[39m
     [90m 62 |[39m     it([32m'should use exponential backoff for delays'[39m[33m,[39m [36masync[39m () [33m=>[39m {[0m

      at Object.<anonymous> (server/dist/src/automation/__tests__/RetryManager.test.js:59:38)

  ÔŚĆ RetryManager ÔÇ║ should use exponential backoff for delays

    AutomationError: Operation failed after 3 attempts

    [0m [90m 49 |[39m                         [33m...[39mcontext
     [90m 50 |[39m                     })[33m;[39m
    [31m[1m>[22m[39m[90m 51 |[39m                     [36mthrow[39m [36mnew[39m errors_1[33m.[39m[33mAutomationError[39m([32m`Operation f
ailed after ${attempt} attempts`[39m[33m,[39m error [36minstanceof[39m errors_1[33m.[39m[33mAutomationError[39m [33m?[39m error[33m.[39mtyp
e [33m:[39m errors_1[33m.[39m[33mErrorType[39m[33m.[39m[33mUNKNOWN[39m)[33m;[39m
     [90m    |[39m                           [31m[1m^[22m[39m
     [90m 52 |[39m                 }
     [90m 53 |[39m                 logger_1[33m.[39mlogger[33m.[39mwarn([32m'Operation failed, retrying'[39m[33m,[39m {
     [90m 54 |[39m                     error[33m,[39m[0m

      at RetryManager.executeWithBackoff (server/dist/src/automation/utils/RetryManager.js:51:27)

  ÔŚĆ RetryManager ÔÇ║ should respect maxDelay limit

    AutomationError: Operation failed after 4 attempts

    [0m [90m 49 |[39m                         [33m...[39mcontext
     [90m 50 |[39m                     })[33m;[39m
    [31m[1m>[22m[39m[90m 51 |[39m                     [36mthrow[39m [36mnew[39m errors_1[33m.[39m[33mAutomationError[39m([32m`Operation f
ailed after ${attempt} attempts`[39m[33m,[39m error [36minstanceof[39m errors_1[33m.[39m[33mAutomationError[39m [33m?[39m error[33m.[39mtyp
e [33m:[39m errors_1[33m.[39m[33mErrorType[39m[33m.[39m[33mUNKNOWN[39m)[33m;[39m
     [90m    |[39m                           [31m[1m^[22m[39m
     [90m 52 |[39m                 }
     [90m 53 |[39m                 logger_1[33m.[39mlogger[33m.[39mwarn([32m'Operation failed, retrying'[39m[33m,[39m {
     [90m 54 |[39m                     error[33m,[39m[0m

      at RetryManager.executeWithBackoff (server/dist/src/automation/utils/RetryManager.js:51:27)

FAIL server/dist/src/automation/__tests__/BrowserManager.basic.test.js
  ÔŚĆ BrowserManager ÔÇ║ should launch browser with correct options

    TypeError: playwright_1.chromium.launch.mockResolvedValue is not a function

    [0m [90m 30 |[39m             close[33m:[39m jest[33m.[39mfn()[33m,[39m
     [90m 31 |[39m         }[33m;[39m
    [31m[1m>[22m[39m[90m 32 |[39m         playwright_1[33m.[39mchromium[33m.[39mlaunch[33m.[39mmockResolvedValue(mockBrowser)[33m;[39m
     [90m    |[39m                                      [31m[1m^[22m[39m
     [90m 33 |[39m         [36mconst[39m profile [33m=[39m {
     [90m 34 |[39m             id[33m:[39m [32m'test-profile'[39m[33m,[39m
     [90m 35 |[39m             userAgent[33m:[39m [32m'test-agent'[39m[33m,[39m[0m

      at Object.<anonymous> (server/dist/src/automation/__tests__/BrowserManager.basic.test.js:32:38)

ts-jest[config] (WARN) [94mmessage[0m[90m TS151001: [0mIf you have issues related to imports, you should consider setting `esModuleInterop` to `true
` in your TypeScript configuration file (usually `tsconfig.json`). See https://blogs.msdn.microsoft.com/typescript/2018/01/31/announcing-typescript-2-7/
#easier-ecmascript-module-interoperability for more information.
FAIL server/dist/src/automation/__tests__/ShareAutomation.test.js
  ÔŚĆ ShareAutomation ÔÇ║ initialize ÔÇ║ should successfully initialize and login

    TypeError: BrowserManager_1.BrowserManager.getInstance.mockReturnValue is not a function

    [0m [90m 29 |[39m         }[33m;[39m
     [90m 30 |[39m         [90m// Mock BrowserManager[39m
    [31m[1m>[22m[39m[90m 31 |[39m         [33mBrowserManager_1[39m[33m.[39m[33mBrowserManager[39m[33m.[39mgetInstance[33m.[39mmockReturn
Value({
     [90m    |[39m                                                     [31m[1m^[22m[39m
     [90m 32 |[39m             createSession[33m:[39m jest[33m.[39mfn()[33m.[39mmockResolvedValue({ browser[33m:[39m mockBrowser[33m,[39m pa
ge[33m:[39m mockPage })[33m,[39m
     [90m 33 |[39m             checkHealth[33m:[39m jest[33m.[39mfn()[33m.[39mmockResolvedValue({ status[33m:[39m [32m'healthy'[39m })[33m,
[39m
     [90m 34 |[39m             closeSession[33m:[39m jest[33m.[39mfn()[33m,[39m[0m

      at Object.<anonymous> (server/dist/src/automation/__tests__/ShareAutomation.test.js:31:53)

  ÔŚĆ ShareAutomation ÔÇ║ initialize ÔÇ║ should handle CAPTCHA detection

    TypeError: BrowserManager_1.BrowserManager.getInstance.mockReturnValue is not a function

    [0m [90m 29 |[39m         }[33m;[39m
     [90m 30 |[39m         [90m// Mock BrowserManager[39m
    [31m[1m>[22m[39m[90m 31 |[39m         [33mBrowserManager_1[39m[33m.[39m[33mBrowserManager[39m[33m.[39mgetInstance[33m.[39mmockReturn
Value({
     [90m    |[39m                                                     [31m[1m^[22m[39m
     [90m 32 |[39m             createSession[33m:[39m jest[33m.[39mfn()[33m.[39mmockResolvedValue({ browser[33m:[39m mockBrowser[33m,[39m pa
ge[33m:[39m mockPage })[33m,[39m
     [90m 33 |[39m             checkHealth[33m:[39m jest[33m.[39mfn()[33m.[39mmockResolvedValue({ status[33m:[39m [32m'healthy'[39m })[33m,
[39m
     [90m 34 |[39m             closeSession[33m:[39m jest[33m.[39mfn()[33m,[39m[0m

      at Object.<anonymous> (server/dist/src/automation/__tests__/ShareAutomation.test.js:31:53)

  ÔŚĆ ShareAutomation ÔÇ║ initialize ÔÇ║ should handle login failure

    TypeError: BrowserManager_1.BrowserManager.getInstance.mockReturnValue is not a function

    [0m [90m 29 |[39m         }[33m;[39m
     [90m 30 |[39m         [90m// Mock BrowserManager[39m
    [31m[1m>[22m[39m[90m 31 |[39m         [33mBrowserManager_1[39m[33m.[39m[33mBrowserManager[39m[33m.[39mgetInstance[33m.[39mmockReturn
Value({
     [90m    |[39m                                                     [31m[1m^[22m[39m
     [90m 32 |[39m             createSession[33m:[39m jest[33m.[39mfn()[33m.[39mmockResolvedValue({ browser[33m:[39m mockBrowser[33m,[39m pa
ge[33m:[39m mockPage })[33m,[39m
     [90m 33 |[39m             checkHealth[33m:[39m jest[33m.[39mfn()[33m.[39mmockResolvedValue({ status[33m:[39m [32m'healthy'[39m })[33m,
[39m
     [90m 34 |[39m             closeSession[33m:[39m jest[33m.[39mfn()[33m,[39m[0m

      at Object.<anonymous> (server/dist/src/automation/__tests__/ShareAutomation.test.js:31:53)

  ÔŚĆ ShareAutomation ÔÇ║ initialize ÔÇ║ should handle browser creation failure

    TypeError: BrowserManager_1.BrowserManager.getInstance.mockReturnValue is not a function

    [0m [90m 29 |[39m         }[33m;[39m
     [90m 30 |[39m         [90m// Mock BrowserManager[39m
    [31m[1m>[22m[39m[90m 31 |[39m         [33mBrowserManager_1[39m[33m.[39m[33mBrowserManager[39m[33m.[39mgetInstance[33m.[39mmockReturn
Value({
     [90m    |[39m                                                     [31m[1m^[22m[39m
     [90m 32 |[39m             createSession[33m:[39m jest[33m.[39mfn()[33m.[39mmockResolvedValue({ browser[33m:[39m mockBrowser[33m,[39m pa
ge[33m:[39m mockPage })[33m,[39m
     [90m 33 |[39m             checkHealth[33m:[39m jest[33m.[39mfn()[33m.[39mmockResolvedValue({ status[33m:[39m [32m'healthy'[39m })[33m,
[39m
     [90m 34 |[39m             closeSession[33m:[39m jest[33m.[39mfn()[33m,[39m[0m

      at Object.<anonymous> (server/dist/src/automation/__tests__/ShareAutomation.test.js:31:53)

  ÔŚĆ ShareAutomation ÔÇ║ initialize ÔÇ║ should handle navigation failure

    TypeError: BrowserManager_1.BrowserManager.getInstance.mockReturnValue is not a function

    [0m [90m 29 |[39m         }[33m;[39m
     [90m 30 |[39m         [90m// Mock BrowserManager[39m
    [31m[1m>[22m[39m[90m 31 |[39m         [33mBrowserManager_1[39m[33m.[39m[33mBrowserManager[39m[33m.[39mgetInstance[33m.[39mmockReturn
Value({
     [90m    |[39m                                                     [31m[1m^[22m[39m
     [90m 32 |[39m             createSession[33m:[39m jest[33m.[39mfn()[33m.[39mmockResolvedValue({ browser[33m:[39m mockBrowser[33m,[39m pa
ge[33m:[39m mockPage })[33m,[39m
     [90m 33 |[39m             checkHealth[33m:[39m jest[33m.[39mfn()[33m.[39mmockResolvedValue({ status[33m:[39m [32m'healthy'[39m })[33m,
[39m
     [90m 34 |[39m             closeSession[33m:[39m jest[33m.[39mfn()[33m,[39m[0m

      at Object.<anonymous> (server/dist/src/automation/__tests__/ShareAutomation.test.js:31:53)

  ÔŚĆ ShareAutomation ÔÇ║ shareCloset ÔÇ║ should share items successfully

    TypeError: BrowserManager_1.BrowserManager.getInstance.mockReturnValue is not a function

    [0m [90m 29 |[39m         }[33m;[39m
     [90m 30 |[39m         [90m// Mock BrowserManager[39m
    [31m[1m>[22m[39m[90m 31 |[39m         [33mBrowserManager_1[39m[33m.[39m[33mBrowserManager[39m[33m.[39mgetInstance[33m.[39mmockReturn
Value({
     [90m    |[39m                                                     [31m[1m^[22m[39m
     [90m 32 |[39m             createSession[33m:[39m jest[33m.[39mfn()[33m.[39mmockResolvedValue({ browser[33m:[39m mockBrowser[33m,[39m pa
ge[33m:[39m mockPage })[33m,[39m
     [90m 33 |[39m             checkHealth[33m:[39m jest[33m.[39mfn()[33m.[39mmockResolvedValue({ status[33m:[39m [32m'healthy'[39m })[33m,
[39m
     [90m 34 |[39m             closeSession[33m:[39m jest[33m.[39mfn()[33m,[39m[0m

      at Object.<anonymous> (server/dist/src/automation/__tests__/ShareAutomation.test.js:31:53)

  ÔŚĆ ShareAutomation ÔÇ║ shareCloset ÔÇ║ should handle sharing errors gracefully

    TypeError: BrowserManager_1.BrowserManager.getInstance.mockReturnValue is not a function

    [0m [90m 29 |[39m         }[33m;[39m
     [90m 30 |[39m         [90m// Mock BrowserManager[39m
    [31m[1m>[22m[39m[90m 31 |[39m         [33mBrowserManager_1[39m[33m.[39m[33mBrowserManager[39m[33m.[39mgetInstance[33m.[39mmockReturn
Value({
     [90m    |[39m                                                     [31m[1m^[22m[39m
     [90m 32 |[39m             createSession[33m:[39m jest[33m.[39mfn()[33m.[39mmockResolvedValue({ browser[33m:[39m mockBrowser[33m,[39m pa
ge[33m:[39m mockPage })[33m,[39m
     [90m 33 |[39m             checkHealth[33m:[39m jest[33m.[39mfn()[33m.[39mmockResolvedValue({ status[33m:[39m [32m'healthy'[39m })[33m,
[39m
     [90m 34 |[39m             closeSession[33m:[39m jest[33m.[39mfn()[33m,[39m[0m

      at Object.<anonymous> (server/dist/src/automation/__tests__/ShareAutomation.test.js:31:53)

  ÔŚĆ ShareAutomation ÔÇ║ shareCloset ÔÇ║ should handle empty closet

    TypeError: BrowserManager_1.BrowserManager.getInstance.mockReturnValue is not a function

    [0m [90m 29 |[39m         }[33m;[39m
     [90m 30 |[39m         [90m// Mock BrowserManager[39m
    [31m[1m>[22m[39m[90m 31 |[39m         [33mBrowserManager_1[39m[33m.[39m[33mBrowserManager[39m[33m.[39mgetInstance[33m.[39mmockReturn
Value({
     [90m    |[39m                                                     [31m[1m^[22m[39m
     [90m 32 |[39m             createSession[33m:[39m jest[33m.[39mfn()[33m.[39mmockResolvedValue({ browser[33m:[39m mockBrowser[33m,[39m pa
ge[33m:[39m mockPage })[33m,[39m
     [90m 33 |[39m             checkHealth[33m:[39m jest[33m.[39mfn()[33m.[39mmockResolvedValue({ status[33m:[39m [32m'healthy'[39m })[33m,
[39m
     [90m 34 |[39m             closeSession[33m:[39m jest[33m.[39mfn()[33m,[39m[0m

      at Object.<anonymous> (server/dist/src/automation/__tests__/ShareAutomation.test.js:31:53)

  ÔŚĆ ShareAutomation ÔÇ║ shareCloset ÔÇ║ should handle sharing errors

    TypeError: BrowserManager_1.BrowserManager.getInstance.mockReturnValue is not a function

    [0m [90m 29 |[39m         }[33m;[39m
     [90m 30 |[39m         [90m// Mock BrowserManager[39m
    [31m[1m>[22m[39m[90m 31 |[39m         [33mBrowserManager_1[39m[33m.[39m[33mBrowserManager[39m[33m.[39mgetInstance[33m.[39mmockReturn
Value({
     [90m    |[39m                                                     [31m[1m^[22m[39m
     [90m 32 |[39m             createSession[33m:[39m jest[33m.[39mfn()[33m.[39mmockResolvedValue({ browser[33m:[39m mockBrowser[33m,[39m pa
ge[33m:[39m mockPage })[33m,[39m
     [90m 33 |[39m             checkHealth[33m:[39m jest[33m.[39mfn()[33m.[39mmockResolvedValue({ status[33m:[39m [32m'healthy'[39m })[33m,
[39m
     [90m 34 |[39m             closeSession[33m:[39m jest[33m.[39mfn()[33m,[39m[0m

      at Object.<anonymous> (server/dist/src/automation/__tests__/ShareAutomation.test.js:31:53)

  ÔŚĆ ShareAutomation ÔÇ║ shareCloset ÔÇ║ should respect maxItems limit

    TypeError: BrowserManager_1.BrowserManager.getInstance.mockReturnValue is not a function

    [0m [90m 29 |[39m         }[33m;[39m
     [90m 30 |[39m         [90m// Mock BrowserManager[39m
    [31m[1m>[22m[39m[90m 31 |[39m         [33mBrowserManager_1[39m[33m.[39m[33mBrowserManager[39m[33m.[39mgetInstance[33m.[39mmockReturn
Value({
     [90m    |[39m                                                     [31m[1m^[22m[39m
     [90m 32 |[39m             createSession[33m:[39m jest[33m.[39mfn()[33m.[39mmockResolvedValue({ browser[33m:[39m mockBrowser[33m,[39m pa
ge[33m:[39m mockPage })[33m,[39m
     [90m 33 |[39m             checkHealth[33m:[39m jest[33m.[39mfn()[33m.[39mmockResolvedValue({ status[33m:[39m [32m'healthy'[39m })[33m,
[39m
     [90m 34 |[39m             closeSession[33m:[39m jest[33m.[39mfn()[33m,[39m[0m

      at Object.<anonymous> (server/dist/src/automation/__tests__/ShareAutomation.test.js:31:53)

  ÔŚĆ ShareAutomation ÔÇ║ shareCloset ÔÇ║ should handle navigation failure to closet

    TypeError: BrowserManager_1.BrowserManager.getInstance.mockReturnValue is not a function

    [0m [90m 29 |[39m         }[33m;[39m
     [90m 30 |[39m         [90m// Mock BrowserManager[39m
    [31m[1m>[22m[39m[90m 31 |[39m         [33mBrowserManager_1[39m[33m.[39m[33mBrowserManager[39m[33m.[39mgetInstance[33m.[39mmockReturn
Value({
     [90m    |[39m                                                     [31m[1m^[22m[39m
     [90m 32 |[39m             createSession[33m:[39m jest[33m.[39mfn()[33m.[39mmockResolvedValue({ browser[33m:[39m mockBrowser[33m,[39m pa
ge[33m:[39m mockPage })[33m,[39m
     [90m 33 |[39m             checkHealth[33m:[39m jest[33m.[39mfn()[33m.[39mmockResolvedValue({ status[33m:[39m [32m'healthy'[39m })[33m,
[39m
     [90m 34 |[39m             closeSession[33m:[39m jest[33m.[39mfn()[33m,[39m[0m

      at Object.<anonymous> (server/dist/src/automation/__tests__/ShareAutomation.test.js:31:53)

  ÔŚĆ ShareAutomation ÔÇ║ shareCloset ÔÇ║ should handle failure to find closet items

    TypeError: BrowserManager_1.BrowserManager.getInstance.mockReturnValue is not a function

    [0m [90m 29 |[39m         }[33m;[39m
     [90m 30 |[39m         [90m// Mock BrowserManager[39m
    [31m[1m>[22m[39m[90m 31 |[39m         [33mBrowserManager_1[39m[33m.[39m[33mBrowserManager[39m[33m.[39mgetInstance[33m.[39mmockReturn
Value({
     [90m    |[39m                                                     [31m[1m^[22m[39m
     [90m 32 |[39m             createSession[33m:[39m jest[33m.[39mfn()[33m.[39mmockResolvedValue({ browser[33m:[39m mockBrowser[33m,[39m pa
ge[33m:[39m mockPage })[33m,[39m
     [90m 33 |[39m             checkHealth[33m:[39m jest[33m.[39mfn()[33m.[39mmockResolvedValue({ status[33m:[39m [32m'healthy'[39m })[33m,
[39m
     [90m 34 |[39m             closeSession[33m:[39m jest[33m.[39mfn()[33m,[39m[0m

      at Object.<anonymous> (server/dist/src/automation/__tests__/ShareAutomation.test.js:31:53)

  ÔŚĆ ShareAutomation ÔÇ║ shareCloset ÔÇ║ should handle missing share button

    TypeError: BrowserManager_1.BrowserManager.getInstance.mockReturnValue is not a function

    [0m [90m 29 |[39m         }[33m;[39m
     [90m 30 |[39m         [90m// Mock BrowserManager[39m
    [31m[1m>[22m[39m[90m 31 |[39m         [33mBrowserManager_1[39m[33m.[39m[33mBrowserManager[39m[33m.[39mgetInstance[33m.[39mmockReturn
Value({
     [90m    |[39m                                                     [31m[1m^[22m[39m
     [90m 32 |[39m             createSession[33m:[39m jest[33m.[39mfn()[33m.[39mmockResolvedValue({ browser[33m:[39m mockBrowser[33m,[39m pa
ge[33m:[39m mockPage })[33m,[39m
     [90m 33 |[39m             checkHealth[33m:[39m jest[33m.[39mfn()[33m.[39mmockResolvedValue({ status[33m:[39m [32m'healthy'[39m })[33m,
[39m
     [90m 34 |[39m             closeSession[33m:[39m jest[33m.[39mfn()[33m,[39m[0m

      at Object.<anonymous> (server/dist/src/automation/__tests__/ShareAutomation.test.js:31:53)

  ÔŚĆ ShareAutomation ÔÇ║ shareCloset ÔÇ║ should handle not being logged in

    TypeError: BrowserManager_1.BrowserManager.getInstance.mockReturnValue is not a function

    [0m [90m 29 |[39m         }[33m;[39m
     [90m 30 |[39m         [90m// Mock BrowserManager[39m
    [31m[1m>[22m[39m[90m 31 |[39m         [33mBrowserManager_1[39m[33m.[39m[33mBrowserManager[39m[33m.[39mgetInstance[33m.[39mmockReturn
Value({
     [90m    |[39m                                                     [31m[1m^[22m[39m
     [90m 32 |[39m             createSession[33m:[39m jest[33m.[39mfn()[33m.[39mmockResolvedValue({ browser[33m:[39m mockBrowser[33m,[39m pa
ge[33m:[39m mockPage })[33m,[39m
     [90m 33 |[39m             checkHealth[33m:[39m jest[33m.[39mfn()[33m.[39mmockResolvedValue({ status[33m:[39m [32m'healthy'[39m })[33m,
[39m
     [90m 34 |[39m             closeSession[33m:[39m jest[33m.[39mfn()[33m,[39m[0m

      at Object.<anonymous> (server/dist/src/automation/__tests__/ShareAutomation.test.js:31:53)

  ÔŚĆ ShareAutomation ÔÇ║ cleanup ÔÇ║ should properly clean up resources

    TypeError: BrowserManager_1.BrowserManager.getInstance.mockReturnValue is not a function

    [0m [90m 29 |[39m         }[33m;[39m
     [90m 30 |[39m         [90m// Mock BrowserManager[39m
    [31m[1m>[22m[39m[90m 31 |[39m         [33mBrowserManager_1[39m[33m.[39m[33mBrowserManager[39m[33m.[39mgetInstance[33m.[39mmockReturn
Value({
     [90m    |[39m                                                     [31m[1m^[22m[39m
     [90m 32 |[39m             createSession[33m:[39m jest[33m.[39mfn()[33m.[39mmockResolvedValue({ browser[33m:[39m mockBrowser[33m,[39m pa
ge[33m:[39m mockPage })[33m,[39m
     [90m 33 |[39m             checkHealth[33m:[39m jest[33m.[39mfn()[33m.[39mmockResolvedValue({ status[33m:[39m [32m'healthy'[39m })[33m,
[39m
     [90m 34 |[39m             closeSession[33m:[39m jest[33m.[39mfn()[33m,[39m[0m

      at Object.<anonymous> (server/dist/src/automation/__tests__/ShareAutomation.test.js:31:53)

  ÔŚĆ ShareAutomation ÔÇ║ cleanup ÔÇ║ should handle cleanup errors gracefully

    TypeError: BrowserManager_1.BrowserManager.getInstance.mockReturnValue is not a function

    [0m [90m 29 |[39m         }[33m;[39m
     [90m 30 |[39m         [90m// Mock BrowserManager[39m
    [31m[1m>[22m[39m[90m 31 |[39m         [33mBrowserManager_1[39m[33m.[39m[33mBrowserManager[39m[33m.[39mgetInstance[33m.[39mmockReturn
Value({
     [90m    |[39m                                                     [31m[1m^[22m[39m
     [90m 32 |[39m             createSession[33m:[39m jest[33m.[39mfn()[33m.[39mmockResolvedValue({ browser[33m:[39m mockBrowser[33m,[39m pa
ge[33m:[39m mockPage })[33m,[39m
     [90m 33 |[39m             checkHealth[33m:[39m jest[33m.[39mfn()[33m.[39mmockResolvedValue({ status[33m:[39m [32m'healthy'[39m })[33m,
[39m
     [90m 34 |[39m             closeSession[33m:[39m jest[33m.[39mfn()[33m,[39m[0m

      at Object.<anonymous> (server/dist/src/automation/__tests__/ShareAutomation.test.js:31:53)

  ÔŚĆ ShareAutomation ÔÇ║ cleanup ÔÇ║ should handle cleanup when resources are already null

    TypeError: BrowserManager_1.BrowserManager.getInstance.mockReturnValue is not a function

    [0m [90m 29 |[39m         }[33m;[39m
     [90m 30 |[39m         [90m// Mock BrowserManager[39m
    [31m[1m>[22m[39m[90m 31 |[39m         [33mBrowserManager_1[39m[33m.[39m[33mBrowserManager[39m[33m.[39mgetInstance[33m.[39mmockReturn
Value({
     [90m    |[39m                                                     [31m[1m^[22m[39m
     [90m 32 |[39m             createSession[33m:[39m jest[33m.[39mfn()[33m.[39mmockResolvedValue({ browser[33m:[39m mockBrowser[33m,[39m pa
ge[33m:[39m mockPage })[33m,[39m
     [90m 33 |[39m             checkHealth[33m:[39m jest[33m.[39mfn()[33m.[39mmockResolvedValue({ status[33m:[39m [32m'healthy'[39m })[33m,
[39m
     [90m 34 |[39m             closeSession[33m:[39m jest[33m.[39mfn()[33m,[39m[0m

      at Object.<anonymous> (server/dist/src/automation/__tests__/ShareAutomation.test.js:31:53)

ts-jest[config] (WARN) [94mmessage[0m[90m TS151001: [0mIf you have issues related to imports, you should consider setting `esModuleInterop` to `true
` in your TypeScript configuration file (usually `tsconfig.json`). See https://blogs.msdn.microsoft.com/typescript/2018/01/31/announcing-typescript-2-7/
#easier-ecmascript-module-interoperability for more information.
ts-jest[config] (WARN) [94mmessage[0m[90m TS151001: [0mIf you have issues related to imports, you should consider setting `esModuleInterop` to `true
` in your TypeScript configuration file (usually `tsconfig.json`). See https://blogs.msdn.microsoft.com/typescript/2018/01/31/announcing-typescript-2-7/
#easier-ecmascript-module-interoperability for more information.
PASS server/src/automation/utils/__tests__/RateLimiter.test.ts
  ÔŚĆ Console

    console.log
      [RateLimiter.getInstance] called with config: {
        maxRequestsPerMinute: 3,
        maxRequestsPerHour: 5,
        maxConcurrentRequests: 2,
        cooldownPeriod: 200
      } current instance: undefined

      at Function.getInstance (server/src/automation/utils/RateLimiter.ts:73:13)

    console.error
      [RateLimiter] Constructed with config: {
        maxRequestsPerMinute: 3,
        maxRequestsPerHour: 5,
        maxConcurrentRequests: 2,
        cooldownPeriod: 200
      }

    [0m [90m 49 |[39m     [90m// Detailed debug logging for constructor[39m
     [90m 50 |[39m     [90m// eslint-disable-next-line no-console[39m
    [31m[1m>[22m[39m[90m 51 |[39m     console[33m.[39merror([32m'[RateLimiter] Constructed with config:'[39m[33m,[39m config)[33m;[39m
     [90m    |[39m             [31m[1m^[22m[39m
     [90m 52 |[39m     [90m// eslint-disable-next-line no-console[39m
     [90m 53 |[39m     console[33m.[39merror([32m'[RateLimiter] Stack trace:'[39m[33m,[39m [36mnew[39m [33mError[39m([32m'Stack trace for R
ateLimiter instantiation'[39m))[33m;[39m
     [90m 54 |[39m     [90m// Runtime checks for required config fields[39m[0m

      at new RateLimiter (server/src/automation/utils/RateLimiter.ts:51:13)
      at Function.getInstance (server/src/automation/utils/RateLimiter.ts:78:30)
      at Object.<anonymous> (server/src/automation/utils/__tests__/RateLimiter.test.ts:25:27)

    console.error
      [RateLimiter] Stack trace: Error: Stack trace for RateLimiter instantiation
          at new RateLimiter (C:\Praca\saas\poshproject\server\src\automation\utils\RateLimiter.ts:53:49)
          at Function.getInstance (C:\Praca\saas\poshproject\server\src\automation\utils\RateLimiter.ts:78:30)
          at Object.<anonymous> (C:\Praca\saas\poshproject\server\src\automation\utils\__tests__\RateLimiter.test.ts:25:27)
          at Promise.then.completed (C:\Praca\saas\poshproject\node_modules\jest-circus\build\utils.js:298:28)
          at new Promise (<anonymous>)
          at callAsyncCircusFn (C:\Praca\saas\poshproject\node_modules\jest-circus\build\utils.js:231:10)
          at _callCircusHook (C:\Praca\saas\poshproject\node_modules\jest-circus\build\run.js:281:40)
          at processTicksAndRejections (node:internal/process/task_queues:105:5)
          at _runTest (C:\Praca\saas\poshproject\node_modules\jest-circus\build\run.js:246:5)
          at _runTestsForDescribeBlock (C:\Praca\saas\poshproject\node_modules\jest-circus\build\run.js:126:9)
          at _runTestsForDescribeBlock (C:\Praca\saas\poshproject\node_modules\jest-circus\build\run.js:121:9)
          at run (C:\Praca\saas\poshproject\node_modules\jest-circus\build\run.js:71:3)
          at runAndTransformResultsToJestFormat (C:\Praca\saas\poshproject\node_modules\jest-circus\build\legacy-code-todo-rewrite\jestAdapterInit.js:12
2:21)
          at jestAdapter (C:\Praca\saas\poshproject\node_modules\jest-circus\build\legacy-code-todo-rewrite\jestAdapter.js:79:19)
          at runTestInternal (C:\Praca\saas\poshproject\node_modules\jest-runner\build\runTest.js:367:16)
          at runTest (C:\Praca\saas\poshproject\node_modules\jest-runner\build\runTest.js:444:34)
          at Object.worker (C:\Praca\saas\poshproject\node_modules\jest-runner\build\testWorker.js:106:12)

    [0m [90m 51 |[39m     console[33m.[39merror([32m'[RateLimiter] Constructed with config:'[39m[33m,[39m config)[33m;[39m
     [90m 52 |[39m     [90m// eslint-disable-next-line no-console[39m
    [31m[1m>[22m[39m[90m 53 |[39m     console[33m.[39merror([32m'[RateLimiter] Stack trace:'[39m[33m,[39m [36mnew[39m [33mError[39m([32
m'Stack trace for RateLimiter instantiation'[39m))[33m;[39m
     [90m    |[39m             [31m[1m^[22m[39m
     [90m 54 |[39m     [90m// Runtime checks for required config fields[39m
     [90m 55 |[39m     [36mif[39m (
     [90m 56 |[39m       config[33m.[39mmaxRequestsPerMinute [33m===[39m undefined [33m||[39m[0m

      at new RateLimiter (server/src/automation/utils/RateLimiter.ts:53:13)
      at Function.getInstance (server/src/automation/utils/RateLimiter.ts:78:30)
      at Object.<anonymous> (server/src/automation/utils/__tests__/RateLimiter.test.ts:25:27)

    console.log
      [acquireToken] BEFORE {
        userId: 'user-1',
        now: '2025-04-27T07:41:54.643Z',
        beforeMinute: 0,
        beforeHour: 0
      }

      at RateLimiter.acquireToken (server/src/automation/utils/RateLimiter.ts:203:13)

    console.log
      [acquireToken] AFTER {
        userId: 'user-1',
        now: '2025-04-27T07:41:54.643Z',
        afterMinute: 1,
        afterHour: 1,
        userReqs: [ '2025-04-27T07:41:54.643Z' ]
      }

      at RateLimiter.acquireToken (server/src/automation/utils/RateLimiter.ts:223:13)

    console.log
      [acquireToken] BEFORE {
        userId: 'user-1',
        now: '2025-04-27T07:41:55.643Z',
        beforeMinute: 1,
        beforeHour: 1
      }

      at RateLimiter.acquireToken (server/src/automation/utils/RateLimiter.ts:203:13)

    console.log
      [acquireToken] AFTER {
        userId: 'user-1',
        now: '2025-04-27T07:41:55.643Z',
        afterMinute: 2,
        afterHour: 2,
        userReqs: [ '2025-04-27T07:41:54.643Z', '2025-04-27T07:41:55.643Z' ]
      }

      at RateLimiter.acquireToken (server/src/automation/utils/RateLimiter.ts:223:13)

    console.log
      [acquireToken] BEFORE {
        userId: 'user-1',
        now: '2025-04-27T07:41:56.643Z',
        beforeMinute: 2,
        beforeHour: 2
      }

      at RateLimiter.acquireToken (server/src/automation/utils/RateLimiter.ts:203:13)

    console.log
      [acquireToken] AFTER {
        userId: 'user-1',
        now: '2025-04-27T07:41:56.643Z',
        afterMinute: 3,
        afterHour: 3,
        userReqs: [
          '2025-04-27T07:41:54.643Z',
          '2025-04-27T07:41:55.643Z',
          '2025-04-27T07:41:56.643Z'
        ]
      }

      at RateLimiter.acquireToken (server/src/automation/utils/RateLimiter.ts:223:13)

    console.log
      [acquireToken] BEFORE {
        userId: 'user-1',
        now: '2025-04-27T07:41:57.643Z',
        beforeMinute: 3,
        beforeHour: 3
      }

      at RateLimiter.acquireToken (server/src/automation/utils/RateLimiter.ts:203:13)

    console.log
      [acquireToken] BLOCKED {
        userId: 'user-1',
        now: '2025-04-27T07:41:57.643Z',
        beforeMinute: 3,
        beforeHour: 3
      }

      at RateLimiter.acquireToken (server/src/automation/utils/RateLimiter.ts:208:15)

    console.log
      [RateLimiter.getInstance] called with config: {
        maxRequestsPerMinute: 3,
        maxRequestsPerHour: 5,
        maxConcurrentRequests: 2,
        cooldownPeriod: 200
      } current instance: undefined

      at Function.getInstance (server/src/automation/utils/RateLimiter.ts:73:13)

    console.error
      [RateLimiter] Constructed with config: {
        maxRequestsPerMinute: 3,
        maxRequestsPerHour: 5,
        maxConcurrentRequests: 2,
        cooldownPeriod: 200
      }

    [0m [90m 49 |[39m     [90m// Detailed debug logging for constructor[39m
     [90m 50 |[39m     [90m// eslint-disable-next-line no-console[39m
    [31m[1m>[22m[39m[90m 51 |[39m     console[33m.[39merror([32m'[RateLimiter] Constructed with config:'[39m[33m,[39m config)[33m;[39m
     [90m    |[39m             [31m[1m^[22m[39m
     [90m 52 |[39m     [90m// eslint-disable-next-line no-console[39m
     [90m 53 |[39m     console[33m.[39merror([32m'[RateLimiter] Stack trace:'[39m[33m,[39m [36mnew[39m [33mError[39m([32m'Stack trace for R
ateLimiter instantiation'[39m))[33m;[39m
     [90m 54 |[39m     [90m// Runtime checks for required config fields[39m[0m

      at new RateLimiter (server/src/automation/utils/RateLimiter.ts:51:13)
      at Function.getInstance (server/src/automation/utils/RateLimiter.ts:78:30)
      at Object.<anonymous> (server/src/automation/utils/__tests__/RateLimiter.test.ts:25:27)

    console.error
      [RateLimiter] Stack trace: Error: Stack trace for RateLimiter instantiation
          at new RateLimiter (C:\Praca\saas\poshproject\server\src\automation\utils\RateLimiter.ts:53:49)
          at Function.getInstance (C:\Praca\saas\poshproject\server\src\automation\utils\RateLimiter.ts:78:30)
          at Object.<anonymous> (C:\Praca\saas\poshproject\server\src\automation\utils\__tests__\RateLimiter.test.ts:25:27)
          at Promise.then.completed (C:\Praca\saas\poshproject\node_modules\jest-circus\build\utils.js:298:28)
          at new Promise (<anonymous>)
          at callAsyncCircusFn (C:\Praca\saas\poshproject\node_modules\jest-circus\build\utils.js:231:10)
          at _callCircusHook (C:\Praca\saas\poshproject\node_modules\jest-circus\build\run.js:281:40)
          at processTicksAndRejections (node:internal/process/task_queues:105:5)
          at _runTest (C:\Praca\saas\poshproject\node_modules\jest-circus\build\run.js:246:5)
          at _runTestsForDescribeBlock (C:\Praca\saas\poshproject\node_modules\jest-circus\build\run.js:126:9)
          at _runTestsForDescribeBlock (C:\Praca\saas\poshproject\node_modules\jest-circus\build\run.js:121:9)
          at run (C:\Praca\saas\poshproject\node_modules\jest-circus\build\run.js:71:3)
          at runAndTransformResultsToJestFormat (C:\Praca\saas\poshproject\node_modules\jest-circus\build\legacy-code-todo-rewrite\jestAdapterInit.js:12
2:21)
          at jestAdapter (C:\Praca\saas\poshproject\node_modules\jest-circus\build\legacy-code-todo-rewrite\jestAdapter.js:79:19)
          at runTestInternal (C:\Praca\saas\poshproject\node_modules\jest-runner\build\runTest.js:367:16)
          at runTest (C:\Praca\saas\poshproject\node_modules\jest-runner\build\runTest.js:444:34)
          at Object.worker (C:\Praca\saas\poshproject\node_modules\jest-runner\build\testWorker.js:106:12)

    [0m [90m 51 |[39m     console[33m.[39merror([32m'[RateLimiter] Constructed with config:'[39m[33m,[39m config)[33m;[39m
     [90m 52 |[39m     [90m// eslint-disable-next-line no-console[39m
    [31m[1m>[22m[39m[90m 53 |[39m     console[33m.[39merror([32m'[RateLimiter] Stack trace:'[39m[33m,[39m [36mnew[39m [33mError[39m([32
m'Stack trace for RateLimiter instantiation'[39m))[33m;[39m
     [90m    |[39m             [31m[1m^[22m[39m
     [90m 54 |[39m     [90m// Runtime checks for required config fields[39m
     [90m 55 |[39m     [36mif[39m (
     [90m 56 |[39m       config[33m.[39mmaxRequestsPerMinute [33m===[39m undefined [33m||[39m[0m

      at new RateLimiter (server/src/automation/utils/RateLimiter.ts:53:13)
      at Function.getInstance (server/src/automation/utils/RateLimiter.ts:78:30)
      at Object.<anonymous> (server/src/automation/utils/__tests__/RateLimiter.test.ts:25:27)

    console.log
      [acquireToken] BEFORE {
        userId: 'user-1',
        now: '2025-04-27T07:41:57.643Z',
        beforeMinute: 0,
        beforeHour: 0
      }

      at RateLimiter.acquireToken (server/src/automation/utils/RateLimiter.ts:203:13)

    console.log
      [acquireToken] AFTER {
        userId: 'user-1',
        now: '2025-04-27T07:41:57.643Z',
        afterMinute: 1,
        afterHour: 1,
        userReqs: [ '2025-04-27T07:41:57.643Z' ]
      }

      at RateLimiter.acquireToken (server/src/automation/utils/RateLimiter.ts:223:13)

    console.log
      [acquireToken] BEFORE {
        userId: 'user-1',
        now: '2025-04-27T07:41:57.643Z',
        beforeMinute: 1,
        beforeHour: 1
      }

      at RateLimiter.acquireToken (server/src/automation/utils/RateLimiter.ts:203:13)

    console.log
      [acquireToken] AFTER {
        userId: 'user-1',
        now: '2025-04-27T07:41:57.643Z',
        afterMinute: 2,
        afterHour: 2,
        userReqs: [ '2025-04-27T07:41:57.643Z', '2025-04-27T07:41:57.643Z' ]
      }

      at RateLimiter.acquireToken (server/src/automation/utils/RateLimiter.ts:223:13)

    console.log
      [acquireToken] BEFORE {
        userId: 'user-1',
        now: '2025-04-27T07:41:57.643Z',
        beforeMinute: 2,
        beforeHour: 2
      }

      at RateLimiter.acquireToken (server/src/automation/utils/RateLimiter.ts:203:13)

    console.log
      [acquireToken] BLOCKED {
        userId: 'user-1',
        now: '2025-04-27T07:41:57.643Z',
        beforeMinute: 2,
        beforeHour: 2
      }

      at RateLimiter.acquireToken (server/src/automation/utils/RateLimiter.ts:208:15)

    console.log
      [RateLimiter.getInstance] called with config: {
        maxRequestsPerMinute: 3,
        maxRequestsPerHour: 5,
        maxConcurrentRequests: 2,
        cooldownPeriod: 200
      } current instance: undefined

      at Function.getInstance (server/src/automation/utils/RateLimiter.ts:73:13)

    console.error
      [RateLimiter] Constructed with config: {
        maxRequestsPerMinute: 3,
        maxRequestsPerHour: 5,
        maxConcurrentRequests: 2,
        cooldownPeriod: 200
      }

    [0m [90m 49 |[39m     [90m// Detailed debug logging for constructor[39m
     [90m 50 |[39m     [90m// eslint-disable-next-line no-console[39m
    [31m[1m>[22m[39m[90m 51 |[39m     console[33m.[39merror([32m'[RateLimiter] Constructed with config:'[39m[33m,[39m config)[33m;[39m
     [90m    |[39m             [31m[1m^[22m[39m
     [90m 52 |[39m     [90m// eslint-disable-next-line no-console[39m
     [90m 53 |[39m     console[33m.[39merror([32m'[RateLimiter] Stack trace:'[39m[33m,[39m [36mnew[39m [33mError[39m([32m'Stack trace for R
ateLimiter instantiation'[39m))[33m;[39m
     [90m 54 |[39m     [90m// Runtime checks for required config fields[39m[0m

      at new RateLimiter (server/src/automation/utils/RateLimiter.ts:51:13)
      at Function.getInstance (server/src/automation/utils/RateLimiter.ts:78:30)
      at Object.<anonymous> (server/src/automation/utils/__tests__/RateLimiter.test.ts:25:27)

    console.error
      [RateLimiter] Stack trace: Error: Stack trace for RateLimiter instantiation
          at new RateLimiter (C:\Praca\saas\poshproject\server\src\automation\utils\RateLimiter.ts:53:49)
          at Function.getInstance (C:\Praca\saas\poshproject\server\src\automation\utils\RateLimiter.ts:78:30)
          at Object.<anonymous> (C:\Praca\saas\poshproject\server\src\automation\utils\__tests__\RateLimiter.test.ts:25:27)
          at Promise.then.completed (C:\Praca\saas\poshproject\node_modules\jest-circus\build\utils.js:298:28)
          at new Promise (<anonymous>)
          at callAsyncCircusFn (C:\Praca\saas\poshproject\node_modules\jest-circus\build\utils.js:231:10)
          at _callCircusHook (C:\Praca\saas\poshproject\node_modules\jest-circus\build\run.js:281:40)
          at processTicksAndRejections (node:internal/process/task_queues:105:5)
          at _runTest (C:\Praca\saas\poshproject\node_modules\jest-circus\build\run.js:246:5)
          at _runTestsForDescribeBlock (C:\Praca\saas\poshproject\node_modules\jest-circus\build\run.js:126:9)
          at _runTestsForDescribeBlock (C:\Praca\saas\poshproject\node_modules\jest-circus\build\run.js:121:9)
          at run (C:\Praca\saas\poshproject\node_modules\jest-circus\build\run.js:71:3)
          at runAndTransformResultsToJestFormat (C:\Praca\saas\poshproject\node_modules\jest-circus\build\legacy-code-todo-rewrite\jestAdapterInit.js:12
2:21)
          at jestAdapter (C:\Praca\saas\poshproject\node_modules\jest-circus\build\legacy-code-todo-rewrite\jestAdapter.js:79:19)
          at runTestInternal (C:\Praca\saas\poshproject\node_modules\jest-runner\build\runTest.js:367:16)
          at runTest (C:\Praca\saas\poshproject\node_modules\jest-runner\build\runTest.js:444:34)
          at Object.worker (C:\Praca\saas\poshproject\node_modules\jest-runner\build\testWorker.js:106:12)

    [0m [90m 51 |[39m     console[33m.[39merror([32m'[RateLimiter] Constructed with config:'[39m[33m,[39m config)[33m;[39m
     [90m 52 |[39m     [90m// eslint-disable-next-line no-console[39m
    [31m[1m>[22m[39m[90m 53 |[39m     console[33m.[39merror([32m'[RateLimiter] Stack trace:'[39m[33m,[39m [36mnew[39m [33mError[39m([32
m'Stack trace for RateLimiter instantiation'[39m))[33m;[39m
     [90m    |[39m             [31m[1m^[22m[39m
     [90m 54 |[39m     [90m// Runtime checks for required config fields[39m
     [90m 55 |[39m     [36mif[39m (
     [90m 56 |[39m       config[33m.[39mmaxRequestsPerMinute [33m===[39m undefined [33m||[39m[0m

      at new RateLimiter (server/src/automation/utils/RateLimiter.ts:53:13)
      at Function.getInstance (server/src/automation/utils/RateLimiter.ts:78:30)
      at Object.<anonymous> (server/src/automation/utils/__tests__/RateLimiter.test.ts:25:27)

    console.log
      [acquireToken] BEFORE {
        userId: 'user-1',
        now: '2025-04-27T07:41:57.643Z',
        beforeMinute: 0,
        beforeHour: 0
      }

      at RateLimiter.acquireToken (server/src/automation/utils/RateLimiter.ts:203:13)

    console.log
      [acquireToken] AFTER {
        userId: 'user-1',
        now: '2025-04-27T07:41:57.643Z',
        afterMinute: 1,
        afterHour: 1,
        userReqs: [ '2025-04-27T07:41:57.643Z' ]
      }

      at RateLimiter.acquireToken (server/src/automation/utils/RateLimiter.ts:223:13)

    console.log
      [acquireToken] BEFORE {
        userId: 'user-1',
        now: '2025-04-27T07:41:57.643Z',
        beforeMinute: 1,
        beforeHour: 1
      }

      at RateLimiter.acquireToken (server/src/automation/utils/RateLimiter.ts:203:13)

    console.log
      [DEBUG] canMakeRequest cooldown check: {
        now: '2025-04-27T07:41:57.643Z',
        lastRequest: '2025-04-27T07:41:57.643Z',
        timeSinceLastRequest: 0,
        cooldown: 200
      }

      at RateLimiter.canMakeRequest (server/src/automation/utils/RateLimiter.ts:177:17)

    console.log
      [acquireToken] BLOCKED {
        userId: 'user-1',
        now: '2025-04-27T07:41:57.643Z',
        beforeMinute: 1,
        beforeHour: 1
      }

      at RateLimiter.acquireToken (server/src/automation/utils/RateLimiter.ts:208:15)

    console.log
      [acquireToken] BEFORE {
        userId: 'user-1',
        now: '2025-04-27T07:41:57.853Z',
        beforeMinute: 1,
        beforeHour: 1
      }

      at RateLimiter.acquireToken (server/src/automation/utils/RateLimiter.ts:203:13)

    console.log
      [DEBUG] canMakeRequest cooldown check: {
        now: '2025-04-27T07:41:57.853Z',
        lastRequest: '2025-04-27T07:41:57.643Z',
        timeSinceLastRequest: 210,
        cooldown: 200
      }

      at RateLimiter.canMakeRequest (server/src/automation/utils/RateLimiter.ts:177:17)

    console.log
      [acquireToken] AFTER {
        userId: 'user-1',
        now: '2025-04-27T07:41:57.853Z',
        afterMinute: 2,
        afterHour: 2,
        userReqs: [ '2025-04-27T07:41:57.643Z', '2025-04-27T07:41:57.853Z' ]
      }

      at RateLimiter.acquireToken (server/src/automation/utils/RateLimiter.ts:223:13)

    console.log
      [RateLimiter.getInstance] called with config: {
        maxRequestsPerMinute: 3,
        maxRequestsPerHour: 5,
        maxConcurrentRequests: 2,
        cooldownPeriod: 200
      } current instance: undefined

      at Function.getInstance (server/src/automation/utils/RateLimiter.ts:73:13)

    console.error
      [RateLimiter] Constructed with config: {
        maxRequestsPerMinute: 3,
        maxRequestsPerHour: 5,
        maxConcurrentRequests: 2,
        cooldownPeriod: 200
      }

    [0m [90m 49 |[39m     [90m// Detailed debug logging for constructor[39m
     [90m 50 |[39m     [90m// eslint-disable-next-line no-console[39m
    [31m[1m>[22m[39m[90m 51 |[39m     console[33m.[39merror([32m'[RateLimiter] Constructed with config:'[39m[33m,[39m config)[33m;[39m
     [90m    |[39m             [31m[1m^[22m[39m
     [90m 52 |[39m     [90m// eslint-disable-next-line no-console[39m
     [90m 53 |[39m     console[33m.[39merror([32m'[RateLimiter] Stack trace:'[39m[33m,[39m [36mnew[39m [33mError[39m([32m'Stack trace for R
ateLimiter instantiation'[39m))[33m;[39m
     [90m 54 |[39m     [90m// Runtime checks for required config fields[39m[0m

      at new RateLimiter (server/src/automation/utils/RateLimiter.ts:51:13)
      at Function.getInstance (server/src/automation/utils/RateLimiter.ts:78:30)
      at Object.<anonymous> (server/src/automation/utils/__tests__/RateLimiter.test.ts:25:27)

    console.error
      [RateLimiter] Stack trace: Error: Stack trace for RateLimiter instantiation
          at new RateLimiter (C:\Praca\saas\poshproject\server\src\automation\utils\RateLimiter.ts:53:49)
          at Function.getInstance (C:\Praca\saas\poshproject\server\src\automation\utils\RateLimiter.ts:78:30)
          at Object.<anonymous> (C:\Praca\saas\poshproject\server\src\automation\utils\__tests__\RateLimiter.test.ts:25:27)
          at Promise.then.completed (C:\Praca\saas\poshproject\node_modules\jest-circus\build\utils.js:298:28)
          at new Promise (<anonymous>)
          at callAsyncCircusFn (C:\Praca\saas\poshproject\node_modules\jest-circus\build\utils.js:231:10)
          at _callCircusHook (C:\Praca\saas\poshproject\node_modules\jest-circus\build\run.js:281:40)
          at processTicksAndRejections (node:internal/process/task_queues:105:5)
          at _runTest (C:\Praca\saas\poshproject\node_modules\jest-circus\build\run.js:246:5)
          at _runTestsForDescribeBlock (C:\Praca\saas\poshproject\node_modules\jest-circus\build\run.js:126:9)
          at _runTestsForDescribeBlock (C:\Praca\saas\poshproject\node_modules\jest-circus\build\run.js:121:9)
          at run (C:\Praca\saas\poshproject\node_modules\jest-circus\build\run.js:71:3)
          at runAndTransformResultsToJestFormat (C:\Praca\saas\poshproject\node_modules\jest-circus\build\legacy-code-todo-rewrite\jestAdapterInit.js:12
2:21)
          at jestAdapter (C:\Praca\saas\poshproject\node_modules\jest-circus\build\legacy-code-todo-rewrite\jestAdapter.js:79:19)
          at runTestInternal (C:\Praca\saas\poshproject\node_modules\jest-runner\build\runTest.js:367:16)
          at runTest (C:\Praca\saas\poshproject\node_modules\jest-runner\build\runTest.js:444:34)
          at Object.worker (C:\Praca\saas\poshproject\node_modules\jest-runner\build\testWorker.js:106:12)

    [0m [90m 51 |[39m     console[33m.[39merror([32m'[RateLimiter] Constructed with config:'[39m[33m,[39m config)[33m;[39m
     [90m 52 |[39m     [90m// eslint-disable-next-line no-console[39m
    [31m[1m>[22m[39m[90m 53 |[39m     console[33m.[39merror([32m'[RateLimiter] Stack trace:'[39m[33m,[39m [36mnew[39m [33mError[39m([32
m'Stack trace for RateLimiter instantiation'[39m))[33m;[39m
     [90m    |[39m             [31m[1m^[22m[39m
     [90m 54 |[39m     [90m// Runtime checks for required config fields[39m
     [90m 55 |[39m     [36mif[39m (
     [90m 56 |[39m       config[33m.[39mmaxRequestsPerMinute [33m===[39m undefined [33m||[39m[0m

      at new RateLimiter (server/src/automation/utils/RateLimiter.ts:53:13)
      at Function.getInstance (server/src/automation/utils/RateLimiter.ts:78:30)
      at Object.<anonymous> (server/src/automation/utils/__tests__/RateLimiter.test.ts:25:27)

    console.log
      [acquireToken] BEFORE {
        userId: 'user-1',
        now: '2025-04-27T07:41:58.853Z',
        beforeMinute: 0,
        beforeHour: 0
      }

      at RateLimiter.acquireToken (server/src/automation/utils/RateLimiter.ts:203:13)

    console.log
      [acquireToken] AFTER {
        userId: 'user-1',
        now: '2025-04-27T07:41:58.853Z',
        afterMinute: 1,
        afterHour: 1,
        userReqs: [ '2025-04-27T07:41:58.853Z' ]
      }

      at RateLimiter.acquireToken (server/src/automation/utils/RateLimiter.ts:223:13)

    console.log
      [acquireToken] BEFORE {
        userId: 'user-1',
        now: '2025-04-27T07:41:59.853Z',
        beforeMinute: 1,
        beforeHour: 1
      }

      at RateLimiter.acquireToken (server/src/automation/utils/RateLimiter.ts:203:13)

    console.log
      [DEBUG] canMakeRequest cooldown check: {
        now: '2025-04-27T07:41:59.853Z',
        lastRequest: '2025-04-27T07:41:58.853Z',
        timeSinceLastRequest: 1000,
        cooldown: 200
      }

      at RateLimiter.canMakeRequest (server/src/automation/utils/RateLimiter.ts:177:17)

    console.log
      [acquireToken] AFTER {
        userId: 'user-1',
        now: '2025-04-27T07:41:59.853Z',
        afterMinute: 2,
        afterHour: 2,
        userReqs: [ '2025-04-27T07:41:58.853Z', '2025-04-27T07:41:59.853Z' ]
      }

      at RateLimiter.acquireToken (server/src/automation/utils/RateLimiter.ts:223:13)

    console.log
      [acquireToken] BEFORE {
        userId: 'user-1',
        now: '2025-04-27T07:42:00.853Z',
        beforeMinute: 2,
        beforeHour: 2
      }

      at RateLimiter.acquireToken (server/src/automation/utils/RateLimiter.ts:203:13)

    console.log
      [DEBUG] canMakeRequest cooldown check: {
        now: '2025-04-27T07:42:00.853Z',
        lastRequest: '2025-04-27T07:41:59.853Z',
        timeSinceLastRequest: 1000,
        cooldown: 200
      }

      at RateLimiter.canMakeRequest (server/src/automation/utils/RateLimiter.ts:177:17)

    console.log
      [acquireToken] AFTER {
        userId: 'user-1',
        now: '2025-04-27T07:42:00.853Z',
        afterMinute: 3,
        afterHour: 3,
        userReqs: [
          '2025-04-27T07:41:58.853Z',
          '2025-04-27T07:41:59.853Z',
          '2025-04-27T07:42:00.853Z'
        ]
      }

      at RateLimiter.acquireToken (server/src/automation/utils/RateLimiter.ts:223:13)

    console.log
      [acquireToken] BEFORE {
        userId: 'user-1',
        now: '2025-04-27T07:42:01.853Z',
        beforeMinute: 3,
        beforeHour: 3
      }

      at RateLimiter.acquireToken (server/src/automation/utils/RateLimiter.ts:203:13)

    console.log
      [acquireToken] BLOCKED {
        userId: 'user-1',
        now: '2025-04-27T07:42:01.853Z',
        beforeMinute: 3,
        beforeHour: 3
      }

      at RateLimiter.acquireToken (server/src/automation/utils/RateLimiter.ts:208:15)

    console.log
      [acquireToken] BEFORE {
        userId: 'user-1',
        now: '2025-04-27T07:43:01.853Z',
        beforeMinute: 0,
        beforeHour: 3
      }

      at RateLimiter.acquireToken (server/src/automation/utils/RateLimiter.ts:203:13)

    console.log
      [DEBUG] canMakeRequest cooldown check: {
        now: '2025-04-27T07:43:01.853Z',
        lastRequest: '2025-04-27T07:42:00.853Z',
        timeSinceLastRequest: 61000,
        cooldown: 200
      }

      at RateLimiter.canMakeRequest (server/src/automation/utils/RateLimiter.ts:177:17)

    console.log
      [acquireToken] AFTER {
        userId: 'user-1',
        now: '2025-04-27T07:43:01.853Z',
        afterMinute: 1,
        afterHour: 4,
        userReqs: [
          '2025-04-27T07:41:58.853Z',
          '2025-04-27T07:41:59.853Z',
          '2025-04-27T07:42:00.853Z',
          '2025-04-27T07:43:01.853Z'
        ]
      }

      at RateLimiter.acquireToken (server/src/automation/utils/RateLimiter.ts:223:13)

    console.log
      [RateLimiter.getInstance] called with config: {
        maxRequestsPerMinute: 3,
        maxRequestsPerHour: 5,
        maxConcurrentRequests: 2,
        cooldownPeriod: 200
      } current instance: undefined

      at Function.getInstance (server/src/automation/utils/RateLimiter.ts:73:13)

    console.error
      [RateLimiter] Constructed with config: {
        maxRequestsPerMinute: 3,
        maxRequestsPerHour: 5,
        maxConcurrentRequests: 2,
        cooldownPeriod: 200
      }

    [0m [90m 49 |[39m     [90m// Detailed debug logging for constructor[39m
     [90m 50 |[39m     [90m// eslint-disable-next-line no-console[39m
    [31m[1m>[22m[39m[90m 51 |[39m     console[33m.[39merror([32m'[RateLimiter] Constructed with config:'[39m[33m,[39m config)[33m;[39m
     [90m    |[39m             [31m[1m^[22m[39m
     [90m 52 |[39m     [90m// eslint-disable-next-line no-console[39m
     [90m 53 |[39m     console[33m.[39merror([32m'[RateLimiter] Stack trace:'[39m[33m,[39m [36mnew[39m [33mError[39m([32m'Stack trace for R
ateLimiter instantiation'[39m))[33m;[39m
     [90m 54 |[39m     [90m// Runtime checks for required config fields[39m[0m

      at new RateLimiter (server/src/automation/utils/RateLimiter.ts:51:13)
      at Function.getInstance (server/src/automation/utils/RateLimiter.ts:78:30)
      at Object.<anonymous> (server/src/automation/utils/__tests__/RateLimiter.test.ts:25:27)

    console.error
      [RateLimiter] Stack trace: Error: Stack trace for RateLimiter instantiation
          at new RateLimiter (C:\Praca\saas\poshproject\server\src\automation\utils\RateLimiter.ts:53:49)
          at Function.getInstance (C:\Praca\saas\poshproject\server\src\automation\utils\RateLimiter.ts:78:30)
          at Object.<anonymous> (C:\Praca\saas\poshproject\server\src\automation\utils\__tests__\RateLimiter.test.ts:25:27)
          at Promise.then.completed (C:\Praca\saas\poshproject\node_modules\jest-circus\build\utils.js:298:28)
          at new Promise (<anonymous>)
          at callAsyncCircusFn (C:\Praca\saas\poshproject\node_modules\jest-circus\build\utils.js:231:10)
          at _callCircusHook (C:\Praca\saas\poshproject\node_modules\jest-circus\build\run.js:281:40)
          at processTicksAndRejections (node:internal/process/task_queues:105:5)
          at _runTest (C:\Praca\saas\poshproject\node_modules\jest-circus\build\run.js:246:5)
          at _runTestsForDescribeBlock (C:\Praca\saas\poshproject\node_modules\jest-circus\build\run.js:126:9)
          at _runTestsForDescribeBlock (C:\Praca\saas\poshproject\node_modules\jest-circus\build\run.js:121:9)
          at run (C:\Praca\saas\poshproject\node_modules\jest-circus\build\run.js:71:3)
          at runAndTransformResultsToJestFormat (C:\Praca\saas\poshproject\node_modules\jest-circus\build\legacy-code-todo-rewrite\jestAdapterInit.js:12
2:21)
          at jestAdapter (C:\Praca\saas\poshproject\node_modules\jest-circus\build\legacy-code-todo-rewrite\jestAdapter.js:79:19)
          at runTestInternal (C:\Praca\saas\poshproject\node_modules\jest-runner\build\runTest.js:367:16)
          at runTest (C:\Praca\saas\poshproject\node_modules\jest-runner\build\runTest.js:444:34)
          at Object.worker (C:\Praca\saas\poshproject\node_modules\jest-runner\build\testWorker.js:106:12)

    [0m [90m 51 |[39m     console[33m.[39merror([32m'[RateLimiter] Constructed with config:'[39m[33m,[39m config)[33m;[39m
     [90m 52 |[39m     [90m// eslint-disable-next-line no-console[39m
    [31m[1m>[22m[39m[90m 53 |[39m     console[33m.[39merror([32m'[RateLimiter] Stack trace:'[39m[33m,[39m [36mnew[39m [33mError[39m([32
m'Stack trace for RateLimiter instantiation'[39m))[33m;[39m
     [90m    |[39m             [31m[1m^[22m[39m
     [90m 54 |[39m     [90m// Runtime checks for required config fields[39m
     [90m 55 |[39m     [36mif[39m (
     [90m 56 |[39m       config[33m.[39mmaxRequestsPerMinute [33m===[39m undefined [33m||[39m[0m

      at new RateLimiter (server/src/automation/utils/RateLimiter.ts:53:13)
      at Function.getInstance (server/src/automation/utils/RateLimiter.ts:78:30)
      at Object.<anonymous> (server/src/automation/utils/__tests__/RateLimiter.test.ts:25:27)

    console.log
      [acquireToken] BEFORE {
        userId: 'user-hour',
        now: '2025-04-27T07:43:02.853Z',
        beforeMinute: 0,
        beforeHour: 0
      }

      at RateLimiter.acquireToken (server/src/automation/utils/RateLimiter.ts:203:13)

    console.log
      [acquireToken] AFTER {
        userId: 'user-hour',
        now: '2025-04-27T07:43:02.853Z',
        afterMinute: 1,
        afterHour: 1,
        userReqs: [ '2025-04-27T07:43:02.853Z' ]
      }

      at RateLimiter.acquireToken (server/src/automation/utils/RateLimiter.ts:223:13)

    console.log
      [acquireToken] BEFORE {
        userId: 'user-hour',
        now: '2025-04-27T07:43:03.853Z',
        beforeMinute: 1,
        beforeHour: 1
      }

      at RateLimiter.acquireToken (server/src/automation/utils/RateLimiter.ts:203:13)

    console.log
      [DEBUG] canMakeRequest cooldown check: {
        now: '2025-04-27T07:43:03.853Z',
        lastRequest: '2025-04-27T07:43:02.853Z',
        timeSinceLastRequest: 1000,
        cooldown: 200
      }

      at RateLimiter.canMakeRequest (server/src/automation/utils/RateLimiter.ts:177:17)

    console.log
      [acquireToken] AFTER {
        userId: 'user-hour',
        now: '2025-04-27T07:43:03.853Z',
        afterMinute: 2,
        afterHour: 2,
        userReqs: [ '2025-04-27T07:43:02.853Z', '2025-04-27T07:43:03.853Z' ]
      }

      at RateLimiter.acquireToken (server/src/automation/utils/RateLimiter.ts:223:13)

    console.log
      [acquireToken] BEFORE {
        userId: 'user-hour',
        now: '2025-04-27T07:43:04.853Z',
        beforeMinute: 2,
        beforeHour: 2
      }

      at RateLimiter.acquireToken (server/src/automation/utils/RateLimiter.ts:203:13)

    console.log
      [DEBUG] canMakeRequest cooldown check: {
        now: '2025-04-27T07:43:04.853Z',
        lastRequest: '2025-04-27T07:43:03.853Z',
        timeSinceLastRequest: 1000,
        cooldown: 200
      }

      at RateLimiter.canMakeRequest (server/src/automation/utils/RateLimiter.ts:177:17)

    console.log
      [acquireToken] AFTER {
        userId: 'user-hour',
        now: '2025-04-27T07:43:04.853Z',
        afterMinute: 3,
        afterHour: 3,
        userReqs: [
          '2025-04-27T07:43:02.853Z',
          '2025-04-27T07:43:03.853Z',
          '2025-04-27T07:43:04.853Z'
        ]
      }

      at RateLimiter.acquireToken (server/src/automation/utils/RateLimiter.ts:223:13)

    console.log
      [acquireToken] BEFORE {
        userId: 'user-hour',
        now: '2025-04-27T07:43:05.853Z',
        beforeMinute: 3,
        beforeHour: 3
      }

      at RateLimiter.acquireToken (server/src/automation/utils/RateLimiter.ts:203:13)

    console.log
      [DEBUG] canMakeRequest cooldown check: {
        now: '2025-04-27T07:43:05.853Z',
        lastRequest: '2025-04-27T07:43:04.853Z',
        timeSinceLastRequest: 1000,
        cooldown: 200
      }

      at RateLimiter.canMakeRequest (server/src/automation/utils/RateLimiter.ts:177:17)

    console.log
      [acquireToken] AFTER {
        userId: 'user-hour',
        now: '2025-04-27T07:43:05.853Z',
        afterMinute: 4,
        afterHour: 4,
        userReqs: [
          '2025-04-27T07:43:02.853Z',
          '2025-04-27T07:43:03.853Z',
          '2025-04-27T07:43:04.853Z',
          '2025-04-27T07:43:05.853Z'
        ]
      }

      at RateLimiter.acquireToken (server/src/automation/utils/RateLimiter.ts:223:13)

    console.log
      [acquireToken] BEFORE {
        userId: 'user-hour',
        now: '2025-04-27T07:43:06.853Z',
        beforeMinute: 4,
        beforeHour: 4
      }

      at RateLimiter.acquireToken (server/src/automation/utils/RateLimiter.ts:203:13)

    console.log
      [DEBUG] canMakeRequest cooldown check: {
        now: '2025-04-27T07:43:06.853Z',
        lastRequest: '2025-04-27T07:43:05.853Z',
        timeSinceLastRequest: 1000,
        cooldown: 200
      }

      at RateLimiter.canMakeRequest (server/src/automation/utils/RateLimiter.ts:177:17)

    console.log
      [acquireToken] AFTER {
        userId: 'user-hour',
        now: '2025-04-27T07:43:06.853Z',
        afterMinute: 5,
        afterHour: 5,
        userReqs: [
          '2025-04-27T07:43:02.853Z',
          '2025-04-27T07:43:03.853Z',
          '2025-04-27T07:43:04.853Z',
          '2025-04-27T07:43:05.853Z',
          '2025-04-27T07:43:06.853Z'
        ]
      }

      at RateLimiter.acquireToken (server/src/automation/utils/RateLimiter.ts:223:13)

    console.log
      Hour test - request timestamps: [
        '2025-04-27T07:43:02.853Z',
        '2025-04-27T07:43:03.853Z',
        '2025-04-27T07:43:04.853Z',
        '2025-04-27T07:43:05.853Z',
        '2025-04-27T07:43:06.853Z'
      ] now: 2025-04-27T07:43:06.853Z

      at Object.<anonymous> (server/src/automation/utils/__tests__/RateLimiter.test.ts:145:13)

    console.log
      Hour test - requests in last hour: 5 requests in last minute: 5

      at Object.<anonymous> (server/src/automation/utils/__tests__/RateLimiter.test.ts:150:13)

    console.log
      [acquireToken] BEFORE {
        userId: 'user-hour',
        now: '2025-04-27T07:43:07.853Z',
        beforeMinute: 5,
        beforeHour: 5
      }

      at RateLimiter.acquireToken (server/src/automation/utils/RateLimiter.ts:203:13)

    console.log
      [acquireToken] BLOCKED {
        userId: 'user-hour',
        now: '2025-04-27T07:43:07.853Z',
        beforeMinute: 5,
        beforeHour: 5
      }

      at RateLimiter.acquireToken (server/src/automation/utils/RateLimiter.ts:208:15)

    console.log
      [RateLimiter.getInstance] called with config: {
        maxRequestsPerMinute: 3,
        maxRequestsPerHour: 5,
        maxConcurrentRequests: 2,
        cooldownPeriod: 200
      } current instance: undefined

      at Function.getInstance (server/src/automation/utils/RateLimiter.ts:73:13)

    console.error
      [RateLimiter] Constructed with config: {
        maxRequestsPerMinute: 3,
        maxRequestsPerHour: 5,
        maxConcurrentRequests: 2,
        cooldownPeriod: 200
      }

    [0m [90m 49 |[39m     [90m// Detailed debug logging for constructor[39m
     [90m 50 |[39m     [90m// eslint-disable-next-line no-console[39m
    [31m[1m>[22m[39m[90m 51 |[39m     console[33m.[39merror([32m'[RateLimiter] Constructed with config:'[39m[33m,[39m config)[33m;[39m
     [90m    |[39m             [31m[1m^[22m[39m
     [90m 52 |[39m     [90m// eslint-disable-next-line no-console[39m
     [90m 53 |[39m     console[33m.[39merror([32m'[RateLimiter] Stack trace:'[39m[33m,[39m [36mnew[39m [33mError[39m([32m'Stack trace for R
ateLimiter instantiation'[39m))[33m;[39m
     [90m 54 |[39m     [90m// Runtime checks for required config fields[39m[0m

      at new RateLimiter (server/src/automation/utils/RateLimiter.ts:51:13)
      at Function.getInstance (server/src/automation/utils/RateLimiter.ts:78:30)
      at Object.<anonymous> (server/src/automation/utils/__tests__/RateLimiter.test.ts:25:27)

    console.error
      [RateLimiter] Stack trace: Error: Stack trace for RateLimiter instantiation
          at new RateLimiter (C:\Praca\saas\poshproject\server\src\automation\utils\RateLimiter.ts:53:49)
          at Function.getInstance (C:\Praca\saas\poshproject\server\src\automation\utils\RateLimiter.ts:78:30)
          at Object.<anonymous> (C:\Praca\saas\poshproject\server\src\automation\utils\__tests__\RateLimiter.test.ts:25:27)
          at Promise.then.completed (C:\Praca\saas\poshproject\node_modules\jest-circus\build\utils.js:298:28)
          at new Promise (<anonymous>)
          at callAsyncCircusFn (C:\Praca\saas\poshproject\node_modules\jest-circus\build\utils.js:231:10)
          at _callCircusHook (C:\Praca\saas\poshproject\node_modules\jest-circus\build\run.js:281:40)
          at processTicksAndRejections (node:internal/process/task_queues:105:5)
          at _runTest (C:\Praca\saas\poshproject\node_modules\jest-circus\build\run.js:246:5)
          at _runTestsForDescribeBlock (C:\Praca\saas\poshproject\node_modules\jest-circus\build\run.js:126:9)
          at _runTestsForDescribeBlock (C:\Praca\saas\poshproject\node_modules\jest-circus\build\run.js:121:9)
          at run (C:\Praca\saas\poshproject\node_modules\jest-circus\build\run.js:71:3)
          at runAndTransformResultsToJestFormat (C:\Praca\saas\poshproject\node_modules\jest-circus\build\legacy-code-todo-rewrite\jestAdapterInit.js:12
2:21)
          at jestAdapter (C:\Praca\saas\poshproject\node_modules\jest-circus\build\legacy-code-todo-rewrite\jestAdapter.js:79:19)
          at runTestInternal (C:\Praca\saas\poshproject\node_modules\jest-runner\build\runTest.js:367:16)
          at runTest (C:\Praca\saas\poshproject\node_modules\jest-runner\build\runTest.js:444:34)
          at Object.worker (C:\Praca\saas\poshproject\node_modules\jest-runner\build\testWorker.js:106:12)

    [0m [90m 51 |[39m     console[33m.[39merror([32m'[RateLimiter] Constructed with config:'[39m[33m,[39m config)[33m;[39m
     [90m 52 |[39m     [90m// eslint-disable-next-line no-console[39m
    [31m[1m>[22m[39m[90m 53 |[39m     console[33m.[39merror([32m'[RateLimiter] Stack trace:'[39m[33m,[39m [36mnew[39m [33mError[39m([32
m'Stack trace for RateLimiter instantiation'[39m))[33m;[39m
     [90m    |[39m             [31m[1m^[22m[39m
     [90m 54 |[39m     [90m// Runtime checks for required config fields[39m
     [90m 55 |[39m     [36mif[39m (
     [90m 56 |[39m       config[33m.[39mmaxRequestsPerMinute [33m===[39m undefined [33m||[39m[0m

      at new RateLimiter (server/src/automation/utils/RateLimiter.ts:53:13)
      at Function.getInstance (server/src/automation/utils/RateLimiter.ts:78:30)
      at Object.<anonymous> (server/src/automation/utils/__tests__/RateLimiter.test.ts:25:27)

    console.log
      [acquireToken] BEFORE {
        userId: 'user-dynamic',
        now: '2025-04-27T07:43:08.853Z',
        beforeMinute: 0,
        beforeHour: 0
      }

      at RateLimiter.acquireToken (server/src/automation/utils/RateLimiter.ts:203:13)

    console.log
      [acquireToken] AFTER {
        userId: 'user-dynamic',
        now: '2025-04-27T07:43:08.853Z',
        afterMinute: 1,
        afterHour: 1,
        userReqs: [ '2025-04-27T07:43:08.853Z' ]
      }

      at RateLimiter.acquireToken (server/src/automation/utils/RateLimiter.ts:223:13)

    console.log
      [acquireToken] BEFORE {
        userId: 'user-dynamic',
        now: '2025-04-27T07:43:09.853Z',
        beforeMinute: 1,
        beforeHour: 1
      }

      at RateLimiter.acquireToken (server/src/automation/utils/RateLimiter.ts:203:13)

    console.log
      [DEBUG] canMakeRequest cooldown check: {
        now: '2025-04-27T07:43:09.853Z',
        lastRequest: '2025-04-27T07:43:08.853Z',
        timeSinceLastRequest: 1000,
        cooldown: 200
      }

      at RateLimiter.canMakeRequest (server/src/automation/utils/RateLimiter.ts:177:17)

    console.log
      [acquireToken] AFTER {
        userId: 'user-dynamic',
        now: '2025-04-27T07:43:09.853Z',
        afterMinute: 2,
        afterHour: 2,
        userReqs: [ '2025-04-27T07:43:08.853Z', '2025-04-27T07:43:09.853Z' ]
      }

      at RateLimiter.acquireToken (server/src/automation/utils/RateLimiter.ts:223:13)

    console.log
      [acquireToken] BEFORE {
        userId: 'user-dynamic',
        now: '2025-04-27T07:43:10.853Z',
        beforeMinute: 2,
        beforeHour: 2
      }

      at RateLimiter.acquireToken (server/src/automation/utils/RateLimiter.ts:203:13)

    console.log
      [DEBUG] canMakeRequest cooldown check: {
        now: '2025-04-27T07:43:10.853Z',
        lastRequest: '2025-04-27T07:43:09.853Z',
        timeSinceLastRequest: 1000,
        cooldown: 200
      }

      at RateLimiter.canMakeRequest (server/src/automation/utils/RateLimiter.ts:177:17)

    console.log
      [acquireToken] AFTER {
        userId: 'user-dynamic',
        now: '2025-04-27T07:43:10.853Z',
        afterMinute: 3,
        afterHour: 3,
        userReqs: [
          '2025-04-27T07:43:08.853Z',
          '2025-04-27T07:43:09.853Z',
          '2025-04-27T07:43:10.853Z'
        ]
      }

      at RateLimiter.acquireToken (server/src/automation/utils/RateLimiter.ts:223:13)

    console.log
      [acquireToken] BEFORE {
        userId: 'user-dynamic',
        now: '2025-04-27T07:43:11.853Z',
        beforeMinute: 3,
        beforeHour: 3
      }

      at RateLimiter.acquireToken (server/src/automation/utils/RateLimiter.ts:203:13)

    console.log
      [DEBUG] canMakeRequest cooldown check: {
        now: '2025-04-27T07:43:11.853Z',
        lastRequest: '2025-04-27T07:43:10.853Z',
        timeSinceLastRequest: 1000,
        cooldown: 200
      }

      at RateLimiter.canMakeRequest (server/src/automation/utils/RateLimiter.ts:177:17)

    console.log
      [acquireToken] AFTER {
        userId: 'user-dynamic',
        now: '2025-04-27T07:43:11.853Z',
        afterMinute: 4,
        afterHour: 4,
        userReqs: [
          '2025-04-27T07:43:08.853Z',
          '2025-04-27T07:43:09.853Z',
          '2025-04-27T07:43:10.853Z',
          '2025-04-27T07:43:11.853Z'
        ]
      }

      at RateLimiter.acquireToken (server/src/automation/utils/RateLimiter.ts:223:13)

    console.log
      [acquireToken] BEFORE {
        userId: 'user-dynamic',
        now: '2025-04-27T07:43:12.853Z',
        beforeMinute: 4,
        beforeHour: 4
      }

      at RateLimiter.acquireToken (server/src/automation/utils/RateLimiter.ts:203:13)

    console.log
      [DEBUG] canMakeRequest cooldown check: {
        now: '2025-04-27T07:43:12.853Z',
        lastRequest: '2025-04-27T07:43:11.853Z',
        timeSinceLastRequest: 1000,
        cooldown: 200
      }

      at RateLimiter.canMakeRequest (server/src/automation/utils/RateLimiter.ts:177:17)

    console.log
      [acquireToken] AFTER {
        userId: 'user-dynamic',
        now: '2025-04-27T07:43:12.853Z',
        afterMinute: 5,
        afterHour: 5,
        userReqs: [
          '2025-04-27T07:43:08.853Z',
          '2025-04-27T07:43:09.853Z',
          '2025-04-27T07:43:10.853Z',
          '2025-04-27T07:43:11.853Z',
          '2025-04-27T07:43:12.853Z'
        ]
      }

      at RateLimiter.acquireToken (server/src/automation/utils/RateLimiter.ts:223:13)

    console.log
      [acquireToken] BEFORE {
        userId: 'user-dynamic',
        now: '2025-04-27T07:43:12.853Z',
        beforeMinute: 5,
        beforeHour: 5
      }

      at RateLimiter.acquireToken (server/src/automation/utils/RateLimiter.ts:203:13)

    console.log
      [acquireToken] BLOCKED {
        userId: 'user-dynamic',
        now: '2025-04-27T07:43:12.853Z',
        beforeMinute: 5,
        beforeHour: 5
      }

      at RateLimiter.acquireToken (server/src/automation/utils/RateLimiter.ts:208:15)

    console.log
      Dynamic config test - request timestamps: [
        '2025-04-27T07:43:08.853Z',
        '2025-04-27T07:43:09.853Z',
        '2025-04-27T07:43:10.853Z',
        '2025-04-27T07:43:11.853Z',
        '2025-04-27T07:43:12.853Z'
      ] now: 2025-04-27T08:44:13.064Z

      at Object.<anonymous> (server/src/automation/utils/__tests__/RateLimiter.test.ts:191:13)

    console.log
      Dynamic config test - requests in last minute: 0 requests in last hour: 0

      at Object.<anonymous> (server/src/automation/utils/__tests__/RateLimiter.test.ts:196:13)

    console.log
      [acquireToken] BEFORE {
        userId: 'user-dynamic',
        now: '2025-04-27T08:44:13.064Z',
        beforeMinute: 0,
        beforeHour: 0
      }

      at RateLimiter.acquireToken (server/src/automation/utils/RateLimiter.ts:203:13)

    console.log
      [acquireToken] AFTER {
        userId: 'user-dynamic',
        now: '2025-04-27T08:44:13.064Z',
        afterMinute: 1,
        afterHour: 1,
        userReqs: [ '2025-04-27T08:44:13.064Z' ]
      }

      at RateLimiter.acquireToken (server/src/automation/utils/RateLimiter.ts:223:13)

    console.log
      [RateLimiter.getInstance] called with config: {
        maxRequestsPerMinute: 3,
        maxRequestsPerHour: 5,
        maxConcurrentRequests: 2,
        cooldownPeriod: 200
      } current instance: undefined

      at Function.getInstance (server/src/automation/utils/RateLimiter.ts:73:13)

    console.error
      [RateLimiter] Constructed with config: {
        maxRequestsPerMinute: 3,
        maxRequestsPerHour: 5,
        maxConcurrentRequests: 2,
        cooldownPeriod: 200
      }

    [0m [90m 49 |[39m     [90m// Detailed debug logging for constructor[39m
     [90m 50 |[39m     [90m// eslint-disable-next-line no-console[39m
    [31m[1m>[22m[39m[90m 51 |[39m     console[33m.[39merror([32m'[RateLimiter] Constructed with config:'[39m[33m,[39m config)[33m;[39m
     [90m    |[39m             [31m[1m^[22m[39m
     [90m 52 |[39m     [90m// eslint-disable-next-line no-console[39m
     [90m 53 |[39m     console[33m.[39merror([32m'[RateLimiter] Stack trace:'[39m[33m,[39m [36mnew[39m [33mError[39m([32m'Stack trace for R
ateLimiter instantiation'[39m))[33m;[39m
     [90m 54 |[39m     [90m// Runtime checks for required config fields[39m[0m

      at new RateLimiter (server/src/automation/utils/RateLimiter.ts:51:13)
      at Function.getInstance (server/src/automation/utils/RateLimiter.ts:78:30)
      at Object.<anonymous> (server/src/automation/utils/__tests__/RateLimiter.test.ts:25:27)

    console.error
      [RateLimiter] Stack trace: Error: Stack trace for RateLimiter instantiation
          at new RateLimiter (C:\Praca\saas\poshproject\server\src\automation\utils\RateLimiter.ts:53:49)
          at Function.getInstance (C:\Praca\saas\poshproject\server\src\automation\utils\RateLimiter.ts:78:30)
          at Object.<anonymous> (C:\Praca\saas\poshproject\server\src\automation\utils\__tests__\RateLimiter.test.ts:25:27)
          at Promise.then.completed (C:\Praca\saas\poshproject\node_modules\jest-circus\build\utils.js:298:28)
          at new Promise (<anonymous>)
          at callAsyncCircusFn (C:\Praca\saas\poshproject\node_modules\jest-circus\build\utils.js:231:10)
          at _callCircusHook (C:\Praca\saas\poshproject\node_modules\jest-circus\build\run.js:281:40)
          at processTicksAndRejections (node:internal/process/task_queues:105:5)
          at _runTest (C:\Praca\saas\poshproject\node_modules\jest-circus\build\run.js:246:5)
          at _runTestsForDescribeBlock (C:\Praca\saas\poshproject\node_modules\jest-circus\build\run.js:126:9)
          at _runTestsForDescribeBlock (C:\Praca\saas\poshproject\node_modules\jest-circus\build\run.js:121:9)
          at run (C:\Praca\saas\poshproject\node_modules\jest-circus\build\run.js:71:3)
          at runAndTransformResultsToJestFormat (C:\Praca\saas\poshproject\node_modules\jest-circus\build\legacy-code-todo-rewrite\jestAdapterInit.js:12
2:21)
          at jestAdapter (C:\Praca\saas\poshproject\node_modules\jest-circus\build\legacy-code-todo-rewrite\jestAdapter.js:79:19)
          at runTestInternal (C:\Praca\saas\poshproject\node_modules\jest-runner\build\runTest.js:367:16)
          at runTest (C:\Praca\saas\poshproject\node_modules\jest-runner\build\runTest.js:444:34)
          at Object.worker (C:\Praca\saas\poshproject\node_modules\jest-runner\build\testWorker.js:106:12)

    [0m [90m 51 |[39m     console[33m.[39merror([32m'[RateLimiter] Constructed with config:'[39m[33m,[39m config)[33m;[39m
     [90m 52 |[39m     [90m// eslint-disable-next-line no-console[39m
    [31m[1m>[22m[39m[90m 53 |[39m     console[33m.[39merror([32m'[RateLimiter] Stack trace:'[39m[33m,[39m [36mnew[39m [33mError[39m([32
m'Stack trace for RateLimiter instantiation'[39m))[33m;[39m
     [90m    |[39m             [31m[1m^[22m[39m
     [90m 54 |[39m     [90m// Runtime checks for required config fields[39m
     [90m 55 |[39m     [36mif[39m (
     [90m 56 |[39m       config[33m.[39mmaxRequestsPerMinute [33m===[39m undefined [33m||[39m[0m

      at new RateLimiter (server/src/automation/utils/RateLimiter.ts:53:13)
      at Function.getInstance (server/src/automation/utils/RateLimiter.ts:78:30)
      at Object.<anonymous> (server/src/automation/utils/__tests__/RateLimiter.test.ts:25:27)

    console.log
      [acquireToken] BEFORE {
        userId: 'user-1',
        now: '2025-04-27T08:44:13.064Z',
        beforeMinute: 0,
        beforeHour: 0
      }

      at RateLimiter.acquireToken (server/src/automation/utils/RateLimiter.ts:203:13)

    console.log
      [acquireToken] AFTER {
        userId: 'user-1',
        now: '2025-04-27T08:44:13.064Z',
        afterMinute: 1,
        afterHour: 1,
        userReqs: [ '2025-04-27T08:44:13.064Z' ]
      }

      at RateLimiter.acquireToken (server/src/automation/utils/RateLimiter.ts:223:13)

    console.log
      [DEBUG] canMakeRequest cooldown check: {
        now: '2025-04-27T08:44:13.064Z',
        lastRequest: '2025-04-27T08:44:13.064Z',
        timeSinceLastRequest: 0,
        cooldown: 200
      }

      at RateLimiter.canMakeRequest (server/src/automation/utils/RateLimiter.ts:177:17)

    console.log
      [RateLimiter.getInstance] called with config: {
        maxRequestsPerMinute: 3,
        maxRequestsPerHour: 5,
        maxConcurrentRequests: 2,
        cooldownPeriod: 200
      } current instance: undefined

      at Function.getInstance (server/src/automation/utils/RateLimiter.ts:73:13)

    console.error
      [RateLimiter] Constructed with config: {
        maxRequestsPerMinute: 3,
        maxRequestsPerHour: 5,
        maxConcurrentRequests: 2,
        cooldownPeriod: 200
      }

    [0m [90m 49 |[39m     [90m// Detailed debug logging for constructor[39m
     [90m 50 |[39m     [90m// eslint-disable-next-line no-console[39m
    [31m[1m>[22m[39m[90m 51 |[39m     console[33m.[39merror([32m'[RateLimiter] Constructed with config:'[39m[33m,[39m config)[33m;[39m
     [90m    |[39m             [31m[1m^[22m[39m
     [90m 52 |[39m     [90m// eslint-disable-next-line no-console[39m
     [90m 53 |[39m     console[33m.[39merror([32m'[RateLimiter] Stack trace:'[39m[33m,[39m [36mnew[39m [33mError[39m([32m'Stack trace for R
ateLimiter instantiation'[39m))[33m;[39m
     [90m 54 |[39m     [90m// Runtime checks for required config fields[39m[0m

      at new RateLimiter (server/src/automation/utils/RateLimiter.ts:51:13)
      at Function.getInstance (server/src/automation/utils/RateLimiter.ts:78:30)
      at Object.<anonymous> (server/src/automation/utils/__tests__/RateLimiter.test.ts:25:27)

    console.error
      [RateLimiter] Stack trace: Error: Stack trace for RateLimiter instantiation
          at new RateLimiter (C:\Praca\saas\poshproject\server\src\automation\utils\RateLimiter.ts:53:49)
          at Function.getInstance (C:\Praca\saas\poshproject\server\src\automation\utils\RateLimiter.ts:78:30)
          at Object.<anonymous> (C:\Praca\saas\poshproject\server\src\automation\utils\__tests__\RateLimiter.test.ts:25:27)
          at Promise.then.completed (C:\Praca\saas\poshproject\node_modules\jest-circus\build\utils.js:298:28)
          at new Promise (<anonymous>)
          at callAsyncCircusFn (C:\Praca\saas\poshproject\node_modules\jest-circus\build\utils.js:231:10)
          at _callCircusHook (C:\Praca\saas\poshproject\node_modules\jest-circus\build\run.js:281:40)
          at processTicksAndRejections (node:internal/process/task_queues:105:5)
          at _runTest (C:\Praca\saas\poshproject\node_modules\jest-circus\build\run.js:246:5)
          at _runTestsForDescribeBlock (C:\Praca\saas\poshproject\node_modules\jest-circus\build\run.js:126:9)
          at _runTestsForDescribeBlock (C:\Praca\saas\poshproject\node_modules\jest-circus\build\run.js:121:9)
          at run (C:\Praca\saas\poshproject\node_modules\jest-circus\build\run.js:71:3)
          at runAndTransformResultsToJestFormat (C:\Praca\saas\poshproject\node_modules\jest-circus\build\legacy-code-todo-rewrite\jestAdapterInit.js:12
2:21)
          at jestAdapter (C:\Praca\saas\poshproject\node_modules\jest-circus\build\legacy-code-todo-rewrite\jestAdapter.js:79:19)
          at runTestInternal (C:\Praca\saas\poshproject\node_modules\jest-runner\build\runTest.js:367:16)
          at runTest (C:\Praca\saas\poshproject\node_modules\jest-runner\build\runTest.js:444:34)
          at Object.worker (C:\Praca\saas\poshproject\node_modules\jest-runner\build\testWorker.js:106:12)

    [0m [90m 51 |[39m     console[33m.[39merror([32m'[RateLimiter] Constructed with config:'[39m[33m,[39m config)[33m;[39m
     [90m 52 |[39m     [90m// eslint-disable-next-line no-console[39m
    [31m[1m>[22m[39m[90m 53 |[39m     console[33m.[39merror([32m'[RateLimiter] Stack trace:'[39m[33m,[39m [36mnew[39m [33mError[39m([32
m'Stack trace for RateLimiter instantiation'[39m))[33m;[39m
     [90m    |[39m             [31m[1m^[22m[39m
     [90m 54 |[39m     [90m// Runtime checks for required config fields[39m
     [90m 55 |[39m     [36mif[39m (
     [90m 56 |[39m       config[33m.[39mmaxRequestsPerMinute [33m===[39m undefined [33m||[39m[0m

      at new RateLimiter (server/src/automation/utils/RateLimiter.ts:53:13)
      at Function.getInstance (server/src/automation/utils/RateLimiter.ts:78:30)
      at Object.<anonymous> (server/src/automation/utils/__tests__/RateLimiter.test.ts:25:27)

    console.log
      [RateLimiter.getInstance] called with config: undefined current instance: undefined

      at Function.getInstance (server/src/automation/utils/RateLimiter.ts:73:13)

    console.log
      [RateLimiter.getInstance] called with config: {
        maxRequestsPerMinute: 3,
        maxRequestsPerHour: 5,
        maxConcurrentRequests: 2,
        cooldownPeriod: 200
      } current instance: undefined

      at Function.getInstance (server/src/automation/utils/RateLimiter.ts:73:13)

    console.error
      [RateLimiter] Constructed with config: {
        maxRequestsPerMinute: 3,
        maxRequestsPerHour: 5,
        maxConcurrentRequests: 2,
        cooldownPeriod: 200
      }

    [0m [90m 49 |[39m     [90m// Detailed debug logging for constructor[39m
     [90m 50 |[39m     [90m// eslint-disable-next-line no-console[39m
    [31m[1m>[22m[39m[90m 51 |[39m     console[33m.[39merror([32m'[RateLimiter] Constructed with config:'[39m[33m,[39m config)[33m;[39m
     [90m    |[39m             [31m[1m^[22m[39m
     [90m 52 |[39m     [90m// eslint-disable-next-line no-console[39m
     [90m 53 |[39m     console[33m.[39merror([32m'[RateLimiter] Stack trace:'[39m[33m,[39m [36mnew[39m [33mError[39m([32m'Stack trace for R
ateLimiter instantiation'[39m))[33m;[39m
     [90m 54 |[39m     [90m// Runtime checks for required config fields[39m[0m

      at new RateLimiter (server/src/automation/utils/RateLimiter.ts:51:13)
      at Function.getInstance (server/src/automation/utils/RateLimiter.ts:78:30)
      at Object.<anonymous> (server/src/automation/utils/__tests__/RateLimiter.test.ts:25:27)

    console.error
      [RateLimiter] Stack trace: Error: Stack trace for RateLimiter instantiation
          at new RateLimiter (C:\Praca\saas\poshproject\server\src\automation\utils\RateLimiter.ts:53:49)
          at Function.getInstance (C:\Praca\saas\poshproject\server\src\automation\utils\RateLimiter.ts:78:30)
          at Object.<anonymous> (C:\Praca\saas\poshproject\server\src\automation\utils\__tests__\RateLimiter.test.ts:25:27)
          at Promise.then.completed (C:\Praca\saas\poshproject\node_modules\jest-circus\build\utils.js:298:28)
          at new Promise (<anonymous>)
          at callAsyncCircusFn (C:\Praca\saas\poshproject\node_modules\jest-circus\build\utils.js:231:10)
          at _callCircusHook (C:\Praca\saas\poshproject\node_modules\jest-circus\build\run.js:281:40)
          at processTicksAndRejections (node:internal/process/task_queues:105:5)
          at _runTest (C:\Praca\saas\poshproject\node_modules\jest-circus\build\run.js:246:5)
          at _runTestsForDescribeBlock (C:\Praca\saas\poshproject\node_modules\jest-circus\build\run.js:126:9)
          at _runTestsForDescribeBlock (C:\Praca\saas\poshproject\node_modules\jest-circus\build\run.js:121:9)
          at run (C:\Praca\saas\poshproject\node_modules\jest-circus\build\run.js:71:3)
          at runAndTransformResultsToJestFormat (C:\Praca\saas\poshproject\node_modules\jest-circus\build\legacy-code-todo-rewrite\jestAdapterInit.js:12
2:21)
          at jestAdapter (C:\Praca\saas\poshproject\node_modules\jest-circus\build\legacy-code-todo-rewrite\jestAdapter.js:79:19)
          at runTestInternal (C:\Praca\saas\poshproject\node_modules\jest-runner\build\runTest.js:367:16)
          at runTest (C:\Praca\saas\poshproject\node_modules\jest-runner\build\runTest.js:444:34)
          at Object.worker (C:\Praca\saas\poshproject\node_modules\jest-runner\build\testWorker.js:106:12)

    [0m [90m 51 |[39m     console[33m.[39merror([32m'[RateLimiter] Constructed with config:'[39m[33m,[39m config)[33m;[39m
     [90m 52 |[39m     [90m// eslint-disable-next-line no-console[39m
    [31m[1m>[22m[39m[90m 53 |[39m     console[33m.[39merror([32m'[RateLimiter] Stack trace:'[39m[33m,[39m [36mnew[39m [33mError[39m([32
m'Stack trace for RateLimiter instantiation'[39m))[33m;[39m
     [90m    |[39m             [31m[1m^[22m[39m
     [90m 54 |[39m     [90m// Runtime checks for required config fields[39m
     [90m 55 |[39m     [36mif[39m (
     [90m 56 |[39m       config[33m.[39mmaxRequestsPerMinute [33m===[39m undefined [33m||[39m[0m

      at new RateLimiter (server/src/automation/utils/RateLimiter.ts:53:13)
      at Function.getInstance (server/src/automation/utils/RateLimiter.ts:78:30)
      at Object.<anonymous> (server/src/automation/utils/__tests__/RateLimiter.test.ts:25:27)

    console.log
      [acquireToken] BEFORE {
        userId: 'user-1',
        now: '2025-04-27T08:44:13.064Z',
        beforeMinute: 0,
        beforeHour: 0
      }

      at RateLimiter.acquireToken (server/src/automation/utils/RateLimiter.ts:203:13)

    console.log
      [acquireToken] AFTER {
        userId: 'user-1',
        now: '2025-04-27T08:44:13.064Z',
        afterMinute: 1,
        afterHour: 1,
        userReqs: [ '2025-04-27T08:44:13.064Z' ]
      }

      at RateLimiter.acquireToken (server/src/automation/utils/RateLimiter.ts:223:13)

    console.log
      [acquireToken] BEFORE {
        userId: 'user-1',
        now: '2025-04-27T08:44:14.064Z',
        beforeMinute: 1,
        beforeHour: 1
      }

      at RateLimiter.acquireToken (server/src/automation/utils/RateLimiter.ts:203:13)

    console.log
      [DEBUG] canMakeRequest cooldown check: {
        now: '2025-04-27T08:44:14.064Z',
        lastRequest: '2025-04-27T08:44:13.064Z',
        timeSinceLastRequest: 1000,
        cooldown: 200
      }

      at RateLimiter.canMakeRequest (server/src/automation/utils/RateLimiter.ts:177:17)

    console.log
      [acquireToken] AFTER {
        userId: 'user-1',
        now: '2025-04-27T08:44:14.064Z',
        afterMinute: 2,
        afterHour: 2,
        userReqs: [ '2025-04-27T08:44:13.064Z', '2025-04-27T08:44:14.064Z' ]
      }

      at RateLimiter.acquireToken (server/src/automation/utils/RateLimiter.ts:223:13)

    console.log
      [acquireToken] BEFORE {
        userId: 'user-1',
        now: '2025-04-27T08:44:15.064Z',
        beforeMinute: 2,
        beforeHour: 2
      }

      at RateLimiter.acquireToken (server/src/automation/utils/RateLimiter.ts:203:13)

    console.log
      [acquireToken] BLOCKED {
        userId: 'user-1',
        now: '2025-04-27T08:44:15.064Z',
        beforeMinute: 2,
        beforeHour: 2
      }

      at RateLimiter.acquireToken (server/src/automation/utils/RateLimiter.ts:208:15)

    console.log
      [RateLimiter.getInstance] called with config: {
        maxRequestsPerMinute: 3,
        maxRequestsPerHour: 5,
        maxConcurrentRequests: 2,
        cooldownPeriod: 200
      } current instance: undefined

      at Function.getInstance (server/src/automation/utils/RateLimiter.ts:73:13)

    console.error
      [RateLimiter] Constructed with config: {
        maxRequestsPerMinute: 3,
        maxRequestsPerHour: 5,
        maxConcurrentRequests: 2,
        cooldownPeriod: 200
      }

    [0m [90m 49 |[39m     [90m// Detailed debug logging for constructor[39m
     [90m 50 |[39m     [90m// eslint-disable-next-line no-console[39m
    [31m[1m>[22m[39m[90m 51 |[39m     console[33m.[39merror([32m'[RateLimiter] Constructed with config:'[39m[33m,[39m config)[33m;[39m
     [90m    |[39m             [31m[1m^[22m[39m
     [90m 52 |[39m     [90m// eslint-disable-next-line no-console[39m
     [90m 53 |[39m     console[33m.[39merror([32m'[RateLimiter] Stack trace:'[39m[33m,[39m [36mnew[39m [33mError[39m([32m'Stack trace for R
ateLimiter instantiation'[39m))[33m;[39m
     [90m 54 |[39m     [90m// Runtime checks for required config fields[39m[0m

      at new RateLimiter (server/src/automation/utils/RateLimiter.ts:51:13)
      at Function.getInstance (server/src/automation/utils/RateLimiter.ts:78:30)
      at Object.<anonymous> (server/src/automation/utils/__tests__/RateLimiter.test.ts:25:27)

    console.error
      [RateLimiter] Stack trace: Error: Stack trace for RateLimiter instantiation
          at new RateLimiter (C:\Praca\saas\poshproject\server\src\automation\utils\RateLimiter.ts:53:49)
          at Function.getInstance (C:\Praca\saas\poshproject\server\src\automation\utils\RateLimiter.ts:78:30)
          at Object.<anonymous> (C:\Praca\saas\poshproject\server\src\automation\utils\__tests__\RateLimiter.test.ts:25:27)
          at Promise.then.completed (C:\Praca\saas\poshproject\node_modules\jest-circus\build\utils.js:298:28)
          at new Promise (<anonymous>)
          at callAsyncCircusFn (C:\Praca\saas\poshproject\node_modules\jest-circus\build\utils.js:231:10)
          at _callCircusHook (C:\Praca\saas\poshproject\node_modules\jest-circus\build\run.js:281:40)
          at processTicksAndRejections (node:internal/process/task_queues:105:5)
          at _runTest (C:\Praca\saas\poshproject\node_modules\jest-circus\build\run.js:246:5)
          at _runTestsForDescribeBlock (C:\Praca\saas\poshproject\node_modules\jest-circus\build\run.js:126:9)
          at _runTestsForDescribeBlock (C:\Praca\saas\poshproject\node_modules\jest-circus\build\run.js:121:9)
          at run (C:\Praca\saas\poshproject\node_modules\jest-circus\build\run.js:71:3)
          at runAndTransformResultsToJestFormat (C:\Praca\saas\poshproject\node_modules\jest-circus\build\legacy-code-todo-rewrite\jestAdapterInit.js:12
2:21)
          at jestAdapter (C:\Praca\saas\poshproject\node_modules\jest-circus\build\legacy-code-todo-rewrite\jestAdapter.js:79:19)
          at runTestInternal (C:\Praca\saas\poshproject\node_modules\jest-runner\build\runTest.js:367:16)
          at runTest (C:\Praca\saas\poshproject\node_modules\jest-runner\build\runTest.js:444:34)
          at Object.worker (C:\Praca\saas\poshproject\node_modules\jest-runner\build\testWorker.js:106:12)

    [0m [90m 51 |[39m     console[33m.[39merror([32m'[RateLimiter] Constructed with config:'[39m[33m,[39m config)[33m;[39m
     [90m 52 |[39m     [90m// eslint-disable-next-line no-console[39m
    [31m[1m>[22m[39m[90m 53 |[39m     console[33m.[39merror([32m'[RateLimiter] Stack trace:'[39m[33m,[39m [36mnew[39m [33mError[39m([32
m'Stack trace for RateLimiter instantiation'[39m))[33m;[39m
     [90m    |[39m             [31m[1m^[22m[39m
     [90m 54 |[39m     [90m// Runtime checks for required config fields[39m
     [90m 55 |[39m     [36mif[39m (
     [90m 56 |[39m       config[33m.[39mmaxRequestsPerMinute [33m===[39m undefined [33m||[39m[0m

      at new RateLimiter (server/src/automation/utils/RateLimiter.ts:53:13)
      at Function.getInstance (server/src/automation/utils/RateLimiter.ts:78:30)
      at Object.<anonymous> (server/src/automation/utils/__tests__/RateLimiter.test.ts:25:27)

    console.log
      [acquireToken] BEFORE {
        userId: 'user-1',
        now: '2025-04-27T08:44:15.064Z',
        beforeMinute: 0,
        beforeHour: 0
      }

      at RateLimiter.acquireToken (server/src/automation/utils/RateLimiter.ts:203:13)

    console.log
      [acquireToken] AFTER {
        userId: 'user-1',
        now: '2025-04-27T08:44:15.064Z',
        afterMinute: 1,
        afterHour: 1,
        userReqs: [ '2025-04-27T08:44:15.064Z' ]
      }

      at RateLimiter.acquireToken (server/src/automation/utils/RateLimiter.ts:223:13)

    console.log
      [DEBUG] canMakeRequest cooldown check: {
        now: '2025-04-27T08:44:15.064Z',
        lastRequest: '2025-04-27T08:44:15.064Z',
        timeSinceLastRequest: 0,
        cooldown: 200
      }

      at RateLimiter.canMakeRequest (server/src/automation/utils/RateLimiter.ts:177:17)

    console.log
      [RateLimiter.getInstance] called with config: {
        maxRequestsPerMinute: 3,
        maxRequestsPerHour: 5,
        maxConcurrentRequests: 2,
        cooldownPeriod: 200
      } current instance: undefined

      at Function.getInstance (server/src/automation/utils/RateLimiter.ts:73:13)

    console.error
      [RateLimiter] Constructed with config: {
        maxRequestsPerMinute: 3,
        maxRequestsPerHour: 5,
        maxConcurrentRequests: 2,
        cooldownPeriod: 200
      }

    [0m [90m 49 |[39m     [90m// Detailed debug logging for constructor[39m
     [90m 50 |[39m     [90m// eslint-disable-next-line no-console[39m
    [31m[1m>[22m[39m[90m 51 |[39m     console[33m.[39merror([32m'[RateLimiter] Constructed with config:'[39m[33m,[39m config)[33m;[39m
     [90m    |[39m             [31m[1m^[22m[39m
     [90m 52 |[39m     [90m// eslint-disable-next-line no-console[39m
     [90m 53 |[39m     console[33m.[39merror([32m'[RateLimiter] Stack trace:'[39m[33m,[39m [36mnew[39m [33mError[39m([32m'Stack trace for R
ateLimiter instantiation'[39m))[33m;[39m
     [90m 54 |[39m     [90m// Runtime checks for required config fields[39m[0m

      at new RateLimiter (server/src/automation/utils/RateLimiter.ts:51:13)
      at Function.getInstance (server/src/automation/utils/RateLimiter.ts:78:30)
      at Object.<anonymous> (server/src/automation/utils/__tests__/RateLimiter.test.ts:25:27)

    console.error
      [RateLimiter] Stack trace: Error: Stack trace for RateLimiter instantiation
          at new RateLimiter (C:\Praca\saas\poshproject\server\src\automation\utils\RateLimiter.ts:53:49)
          at Function.getInstance (C:\Praca\saas\poshproject\server\src\automation\utils\RateLimiter.ts:78:30)
          at Object.<anonymous> (C:\Praca\saas\poshproject\server\src\automation\utils\__tests__\RateLimiter.test.ts:25:27)
          at Promise.then.completed (C:\Praca\saas\poshproject\node_modules\jest-circus\build\utils.js:298:28)
          at new Promise (<anonymous>)
          at callAsyncCircusFn (C:\Praca\saas\poshproject\node_modules\jest-circus\build\utils.js:231:10)
          at _callCircusHook (C:\Praca\saas\poshproject\node_modules\jest-circus\build\run.js:281:40)
          at processTicksAndRejections (node:internal/process/task_queues:105:5)
          at _runTest (C:\Praca\saas\poshproject\node_modules\jest-circus\build\run.js:246:5)
          at _runTestsForDescribeBlock (C:\Praca\saas\poshproject\node_modules\jest-circus\build\run.js:126:9)
          at _runTestsForDescribeBlock (C:\Praca\saas\poshproject\node_modules\jest-circus\build\run.js:121:9)
          at run (C:\Praca\saas\poshproject\node_modules\jest-circus\build\run.js:71:3)
          at runAndTransformResultsToJestFormat (C:\Praca\saas\poshproject\node_modules\jest-circus\build\legacy-code-todo-rewrite\jestAdapterInit.js:12
2:21)
          at jestAdapter (C:\Praca\saas\poshproject\node_modules\jest-circus\build\legacy-code-todo-rewrite\jestAdapter.js:79:19)
          at runTestInternal (C:\Praca\saas\poshproject\node_modules\jest-runner\build\runTest.js:367:16)
          at runTest (C:\Praca\saas\poshproject\node_modules\jest-runner\build\runTest.js:444:34)
          at Object.worker (C:\Praca\saas\poshproject\node_modules\jest-runner\build\testWorker.js:106:12)

    [0m [90m 51 |[39m     console[33m.[39merror([32m'[RateLimiter] Constructed with config:'[39m[33m,[39m config)[33m;[39m
     [90m 52 |[39m     [90m// eslint-disable-next-line no-console[39m
    [31m[1m>[22m[39m[90m 53 |[39m     console[33m.[39merror([32m'[RateLimiter] Stack trace:'[39m[33m,[39m [36mnew[39m [33mError[39m([32
m'Stack trace for RateLimiter instantiation'[39m))[33m;[39m
     [90m    |[39m             [31m[1m^[22m[39m
     [90m 54 |[39m     [90m// Runtime checks for required config fields[39m
     [90m 55 |[39m     [36mif[39m (
     [90m 56 |[39m       config[33m.[39mmaxRequestsPerMinute [33m===[39m undefined [33m||[39m[0m

      at new RateLimiter (server/src/automation/utils/RateLimiter.ts:53:13)
      at Function.getInstance (server/src/automation/utils/RateLimiter.ts:78:30)
      at Object.<anonymous> (server/src/automation/utils/__tests__/RateLimiter.test.ts:25:27)

    console.log
      [RateLimiter.getInstance] called with config: undefined current instance: RateLimiter {
        config: {
          maxRequestsPerMinute: 3,
          maxRequestsPerHour: 5,
          maxConcurrentRequests: 2,
          cooldownPeriod: 200
        },
        requests: [],
        activeRequests: 0,
        userLastRequest: Map(0) {},
        userActiveRequests: Map(0) {},
        _now: [Function (anonymous)]
      }

      at Function.getInstance (server/src/automation/utils/RateLimiter.ts:73:13)

    console.log
      [RateLimiter.getInstance] Returning existing instance

      at Function.getInstance (server/src/automation/utils/RateLimiter.ts:81:15)

    console.log
      [RateLimiter.getInstance] called with config: {
        maxRequestsPerMinute: 3,
        maxRequestsPerHour: 5,
        maxConcurrentRequests: 2,
        cooldownPeriod: 200
      } current instance: undefined

      at Function.getInstance (server/src/automation/utils/RateLimiter.ts:73:13)

    console.error
      [RateLimiter] Constructed with config: {
        maxRequestsPerMinute: 3,
        maxRequestsPerHour: 5,
        maxConcurrentRequests: 2,
        cooldownPeriod: 200
      }

    [0m [90m 49 |[39m     [90m// Detailed debug logging for constructor[39m
     [90m 50 |[39m     [90m// eslint-disable-next-line no-console[39m
    [31m[1m>[22m[39m[90m 51 |[39m     console[33m.[39merror([32m'[RateLimiter] Constructed with config:'[39m[33m,[39m config)[33m;[39m
     [90m    |[39m             [31m[1m^[22m[39m
     [90m 52 |[39m     [90m// eslint-disable-next-line no-console[39m
     [90m 53 |[39m     console[33m.[39merror([32m'[RateLimiter] Stack trace:'[39m[33m,[39m [36mnew[39m [33mError[39m([32m'Stack trace for R
ateLimiter instantiation'[39m))[33m;[39m
     [90m 54 |[39m     [90m// Runtime checks for required config fields[39m[0m

      at new RateLimiter (server/src/automation/utils/RateLimiter.ts:51:13)
      at Function.getInstance (server/src/automation/utils/RateLimiter.ts:78:30)
      at Object.<anonymous> (server/src/automation/utils/__tests__/RateLimiter.test.ts:25:27)

    console.error
      [RateLimiter] Stack trace: Error: Stack trace for RateLimiter instantiation
          at new RateLimiter (C:\Praca\saas\poshproject\server\src\automation\utils\RateLimiter.ts:53:49)
          at Function.getInstance (C:\Praca\saas\poshproject\server\src\automation\utils\RateLimiter.ts:78:30)
          at Object.<anonymous> (C:\Praca\saas\poshproject\server\src\automation\utils\__tests__\RateLimiter.test.ts:25:27)
          at Promise.then.completed (C:\Praca\saas\poshproject\node_modules\jest-circus\build\utils.js:298:28)
          at new Promise (<anonymous>)
          at callAsyncCircusFn (C:\Praca\saas\poshproject\node_modules\jest-circus\build\utils.js:231:10)
          at _callCircusHook (C:\Praca\saas\poshproject\node_modules\jest-circus\build\run.js:281:40)
          at processTicksAndRejections (node:internal/process/task_queues:105:5)
          at _runTest (C:\Praca\saas\poshproject\node_modules\jest-circus\build\run.js:246:5)
          at _runTestsForDescribeBlock (C:\Praca\saas\poshproject\node_modules\jest-circus\build\run.js:126:9)
          at _runTestsForDescribeBlock (C:\Praca\saas\poshproject\node_modules\jest-circus\build\run.js:121:9)
          at run (C:\Praca\saas\poshproject\node_modules\jest-circus\build\run.js:71:3)
          at runAndTransformResultsToJestFormat (C:\Praca\saas\poshproject\node_modules\jest-circus\build\legacy-code-todo-rewrite\jestAdapterInit.js:12
2:21)
          at jestAdapter (C:\Praca\saas\poshproject\node_modules\jest-circus\build\legacy-code-todo-rewrite\jestAdapter.js:79:19)
          at runTestInternal (C:\Praca\saas\poshproject\node_modules\jest-runner\build\runTest.js:367:16)
          at runTest (C:\Praca\saas\poshproject\node_modules\jest-runner\build\runTest.js:444:34)
          at Object.worker (C:\Praca\saas\poshproject\node_modules\jest-runner\build\testWorker.js:106:12)

    [0m [90m 51 |[39m     console[33m.[39merror([32m'[RateLimiter] Constructed with config:'[39m[33m,[39m config)[33m;[39m
     [90m 52 |[39m     [90m// eslint-disable-next-line no-console[39m
    [31m[1m>[22m[39m[90m 53 |[39m     console[33m.[39merror([32m'[RateLimiter] Stack trace:'[39m[33m,[39m [36mnew[39m [33mError[39m([32
m'Stack trace for RateLimiter instantiation'[39m))[33m;[39m
     [90m    |[39m             [31m[1m^[22m[39m
     [90m 54 |[39m     [90m// Runtime checks for required config fields[39m
     [90m 55 |[39m     [36mif[39m (
     [90m 56 |[39m       config[33m.[39mmaxRequestsPerMinute [33m===[39m undefined [33m||[39m[0m

      at new RateLimiter (server/src/automation/utils/RateLimiter.ts:53:13)
      at Function.getInstance (server/src/automation/utils/RateLimiter.ts:78:30)
      at Object.<anonymous> (server/src/automation/utils/__tests__/RateLimiter.test.ts:25:27)

    console.log
      [acquireToken] BEFORE {
        userId: 'user-1',
        now: '2025-04-27T08:44:15.064Z',
        beforeMinute: 0,
        beforeHour: 0
      }

      at RateLimiter.acquireToken (server/src/automation/utils/RateLimiter.ts:203:13)

    console.log
      [acquireToken] AFTER {
        userId: 'user-1',
        now: '2025-04-27T08:44:15.064Z',
        afterMinute: 1,
        afterHour: 1,
        userReqs: [ '2025-04-27T08:44:15.064Z' ]
      }

      at RateLimiter.acquireToken (server/src/automation/utils/RateLimiter.ts:223:13)

    console.log
      [acquireToken] BEFORE {
        userId: 'user-2',
        now: '2025-04-27T08:44:15.064Z',
        beforeMinute: 0,
        beforeHour: 0
      }

      at RateLimiter.acquireToken (server/src/automation/utils/RateLimiter.ts:203:13)

    console.log
      [acquireToken] AFTER {
        userId: 'user-2',
        now: '2025-04-27T08:44:15.064Z',
        afterMinute: 1,
        afterHour: 1,
        userReqs: [ '2025-04-27T08:44:15.064Z' ]
      }

      at RateLimiter.acquireToken (server/src/automation/utils/RateLimiter.ts:223:13)

    console.log
      [RateLimiter.getInstance] called with config: undefined current instance: RateLimiter {
        config: {
          maxRequestsPerMinute: 3,
          maxRequestsPerHour: 5,
          maxConcurrentRequests: 2,
          cooldownPeriod: 200
        },
        requests: [
          { timestamp: 2025-04-27T08:44:15.064Z, userId: 'user-1' },
          { timestamp: 2025-04-27T08:44:15.064Z, userId: 'user-2' }
        ],
        activeRequests: 0,
        userLastRequest: Map(2) {
          'user-1' => 2025-04-27T08:44:15.064Z,
          'user-2' => 2025-04-27T08:44:15.064Z
        },
        userActiveRequests: Map(2) { 'user-1' => 0, 'user-2' => 0 },
        _now: [Function (anonymous)]
      }

      at Function.getInstance (server/src/automation/utils/RateLimiter.ts:73:13)

    console.log
      [RateLimiter.getInstance] Returning existing instance

      at Function.getInstance (server/src/automation/utils/RateLimiter.ts:81:15)

PASS server/src/automation/__tests__/BrowserManager.test.ts
  ÔŚĆ Console

    console.log
      [RateLimiter.getInstance] called with config: {
        maxRequestsPerMinute: 30,
        maxRequestsPerHour: 300,
        maxConcurrentRequests: 5,
        cooldownPeriod: 2000
      } current instance: undefined

      at Function.getInstance (server/src/automation/utils/RateLimiter.ts:73:13)

    console.error
      [RateLimiter] Constructed with config: {
        maxRequestsPerMinute: 30,
        maxRequestsPerHour: 300,
        maxConcurrentRequests: 5,
        cooldownPeriod: 2000
      }

    [0m [90m 49 |[39m     [90m// Detailed debug logging for constructor[39m
     [90m 50 |[39m     [90m// eslint-disable-next-line no-console[39m
    [31m[1m>[22m[39m[90m 51 |[39m     console[33m.[39merror([32m'[RateLimiter] Constructed with config:'[39m[33m,[39m config)[33m;[39m
     [90m    |[39m             [31m[1m^[22m[39m
     [90m 52 |[39m     [90m// eslint-disable-next-line no-console[39m
     [90m 53 |[39m     console[33m.[39merror([32m'[RateLimiter] Stack trace:'[39m[33m,[39m [36mnew[39m [33mError[39m([32m'Stack trace for R
ateLimiter instantiation'[39m))[33m;[39m
     [90m 54 |[39m     [90m// Runtime checks for required config fields[39m[0m

      at new RateLimiter (server/src/automation/utils/RateLimiter.ts:51:13)
      at Function.getInstance (server/src/automation/utils/RateLimiter.ts:78:30)
      at Object.<anonymous> (server/src/automation/__tests__/BrowserManager.test.ts:50:15)

    console.error
      [RateLimiter] Stack trace: Error: Stack trace for RateLimiter instantiation
          at new RateLimiter (C:\Praca\saas\poshproject\server\src\automation\utils\RateLimiter.ts:53:49)
          at Function.getInstance (C:\Praca\saas\poshproject\server\src\automation\utils\RateLimiter.ts:78:30)
          at Object.<anonymous> (C:\Praca\saas\poshproject\server\src\automation\__tests__\BrowserManager.test.ts:50:15)
          at Promise.then.completed (C:\Praca\saas\poshproject\node_modules\jest-circus\build\utils.js:298:28)
          at new Promise (<anonymous>)
          at callAsyncCircusFn (C:\Praca\saas\poshproject\node_modules\jest-circus\build\utils.js:231:10)
          at _callCircusHook (C:\Praca\saas\poshproject\node_modules\jest-circus\build\run.js:281:40)
          at processTicksAndRejections (node:internal/process/task_queues:105:5)
          at _runTestsForDescribeBlock (C:\Praca\saas\poshproject\node_modules\jest-circus\build\run.js:95:7)
          at run (C:\Praca\saas\poshproject\node_modules\jest-circus\build\run.js:71:3)
          at runAndTransformResultsToJestFormat (C:\Praca\saas\poshproject\node_modules\jest-circus\build\legacy-code-todo-rewrite\jestAdapterInit.js:12
2:21)
          at jestAdapter (C:\Praca\saas\poshproject\node_modules\jest-circus\build\legacy-code-todo-rewrite\jestAdapter.js:79:19)
          at runTestInternal (C:\Praca\saas\poshproject\node_modules\jest-runner\build\runTest.js:367:16)
          at runTest (C:\Praca\saas\poshproject\node_modules\jest-runner\build\runTest.js:444:34)
          at Object.worker (C:\Praca\saas\poshproject\node_modules\jest-runner\build\testWorker.js:106:12)

    [0m [90m 51 |[39m     console[33m.[39merror([32m'[RateLimiter] Constructed with config:'[39m[33m,[39m config)[33m;[39m
     [90m 52 |[39m     [90m// eslint-disable-next-line no-console[39m
    [31m[1m>[22m[39m[90m 53 |[39m     console[33m.[39merror([32m'[RateLimiter] Stack trace:'[39m[33m,[39m [36mnew[39m [33mError[39m([32
m'Stack trace for RateLimiter instantiation'[39m))[33m;[39m
     [90m    |[39m             [31m[1m^[22m[39m
     [90m 54 |[39m     [90m// Runtime checks for required config fields[39m
     [90m 55 |[39m     [36mif[39m (
     [90m 56 |[39m       config[33m.[39mmaxRequestsPerMinute [33m===[39m undefined [33m||[39m[0m

      at new RateLimiter (server/src/automation/utils/RateLimiter.ts:53:13)
      at Function.getInstance (server/src/automation/utils/RateLimiter.ts:78:30)
      at Object.<anonymous> (server/src/automation/__tests__/BrowserManager.test.ts:50:15)

    console.log
      [RateLimiter.getInstance] called with config: undefined current instance: RateLimiter {
        config: {
          maxRequestsPerMinute: 30,
          maxRequestsPerHour: 300,
          maxConcurrentRequests: 5,
          cooldownPeriod: 2000
        },
        requests: [],
        activeRequests: 0,
        userLastRequest: Map(0) {},
        userActiveRequests: Map(0) {},
        _now: [Function (anonymous)]
      }

      at Function.getInstance (server/src/automation/utils/RateLimiter.ts:73:13)

    console.log
      [RateLimiter.getInstance] Returning existing instance

      at Function.getInstance (server/src/automation/utils/RateLimiter.ts:81:15)

    console.log
      [RateLimiter.getInstance] called with config: undefined current instance: RateLimiter {
        config: {
          maxRequestsPerMinute: 30,
          maxRequestsPerHour: 300,
          maxConcurrentRequests: 5,
          cooldownPeriod: 2000
        },
        requests: [],
        activeRequests: 0,
        userLastRequest: Map(0) {},
        userActiveRequests: Map(0) {},
        _now: [Function (anonymous)]
      }

      at Function.getInstance (server/src/automation/utils/RateLimiter.ts:73:13)

    console.log
      [RateLimiter.getInstance] Returning existing instance

      at Function.getInstance (server/src/automation/utils/RateLimiter.ts:81:15)

    console.log
      [RateLimiter.getInstance] called with config: undefined current instance: RateLimiter {
        config: {
          maxRequestsPerMinute: 30,
          maxRequestsPerHour: 300,
          maxConcurrentRequests: 5,
          cooldownPeriod: 2000
        },
        requests: [],
        activeRequests: 0,
        userLastRequest: Map(0) {},
        userActiveRequests: Map(0) {},
        _now: [Function (anonymous)]
      }

      at Function.getInstance (server/src/automation/utils/RateLimiter.ts:73:13)

    console.log
      [RateLimiter.getInstance] Returning existing instance

      at Function.getInstance (server/src/automation/utils/RateLimiter.ts:81:15)

    console.log
      [RateLimiter.getInstance] called with config: undefined current instance: RateLimiter {
        config: {
          maxRequestsPerMinute: 30,
          maxRequestsPerHour: 300,
          maxConcurrentRequests: 5,
          cooldownPeriod: 2000
        },
        requests: [],
        activeRequests: 0,
        userLastRequest: Map(0) {},
        userActiveRequests: Map(0) {},
        _now: [Function (anonymous)]
      }

      at Function.getInstance (server/src/automation/utils/RateLimiter.ts:73:13)

    console.log
      [RateLimiter.getInstance] Returning existing instance

      at Function.getInstance (server/src/automation/utils/RateLimiter.ts:81:15)

    console.log
      [RateLimiter.getInstance] called with config: undefined current instance: RateLimiter {
        config: {
          maxRequestsPerMinute: 30,
          maxRequestsPerHour: 300,
          maxConcurrentRequests: 5,
          cooldownPeriod: 2000
        },
        requests: [],
        activeRequests: 0,
        userLastRequest: Map(0) {},
        userActiveRequests: Map(0) {},
        _now: [Function (anonymous)]
      }

      at Function.getInstance (server/src/automation/utils/RateLimiter.ts:73:13)

    console.log
      [RateLimiter.getInstance] Returning existing instance

      at Function.getInstance (server/src/automation/utils/RateLimiter.ts:81:15)

    console.log
      [acquireToken] BEFORE {
        userId: 'test-user-123',
        now: '2025-04-27T07:41:54.200Z',
        beforeMinute: 0,
        beforeHour: 0
      }

      at RateLimiter.acquireToken (server/src/automation/utils/RateLimiter.ts:203:13)

    console.log
      [acquireToken] AFTER {
        userId: 'test-user-123',
        now: '2025-04-27T07:41:54.200Z',
        afterMinute: 1,
        afterHour: 1,
        userReqs: [ '2025-04-27T07:41:54.200Z' ]
      }

      at RateLimiter.acquireToken (server/src/automation/utils/RateLimiter.ts:223:13)

    console.log
      [RateLimiter.getInstance] called with config: undefined current instance: RateLimiter {
        config: {
          maxRequestsPerMinute: 30,
          maxRequestsPerHour: 300,
          maxConcurrentRequests: 5,
          cooldownPeriod: 2000
        },
        requests: [ { timestamp: 2025-04-27T07:41:54.200Z, userId: 'test-user-123' } ],
        activeRequests: 0,
        userLastRequest: Map(1) { 'test-user-123' => 2025-04-27T07:41:54.200Z },
        userActiveRequests: Map(1) { 'test-user-123' => 0 },
        _now: [Function (anonymous)]
      }

      at Function.getInstance (server/src/automation/utils/RateLimiter.ts:73:13)

    console.log
      [RateLimiter.getInstance] Returning existing instance

      at Function.getInstance (server/src/automation/utils/RateLimiter.ts:81:15)

    console.log
      [RateLimiter.getInstance] called with config: undefined current instance: RateLimiter {
        config: {
          maxRequestsPerMinute: 30,
          maxRequestsPerHour: 300,
          maxConcurrentRequests: 5,
          cooldownPeriod: 2000
        },
        requests: [],
        activeRequests: 0,
        userLastRequest: Map(0) {},
        userActiveRequests: Map(0) {},
        _now: [Function (anonymous)]
      }

      at Function.getInstance (server/src/automation/utils/RateLimiter.ts:73:13)

    console.log
      [RateLimiter.getInstance] Returning existing instance

      at Function.getInstance (server/src/automation/utils/RateLimiter.ts:81:15)

    console.log
      [RateLimiter.getInstance] called with config: undefined current instance: RateLimiter {
        config: {
          maxRequestsPerMinute: 30,
          maxRequestsPerHour: 300,
          maxConcurrentRequests: 5,
          cooldownPeriod: 2000
        },
        requests: [],
        activeRequests: 0,
        userLastRequest: Map(0) {},
        userActiveRequests: Map(0) {},
        _now: [Function (anonymous)]
      }

      at Function.getInstance (server/src/automation/utils/RateLimiter.ts:73:13)

    console.log
      [RateLimiter.getInstance] Returning existing instance

      at Function.getInstance (server/src/automation/utils/RateLimiter.ts:81:15)

    console.log
      [acquireToken] BEFORE {
        userId: 'test-user-123',
        now: '2025-04-27T07:41:54.208Z',
        beforeMinute: 0,
        beforeHour: 0
      }

      at RateLimiter.acquireToken (server/src/automation/utils/RateLimiter.ts:203:13)

    console.log
      [acquireToken] AFTER {
        userId: 'test-user-123',
        now: '2025-04-27T07:41:54.208Z',
        afterMinute: 1,
        afterHour: 1,
        userReqs: [ '2025-04-27T07:41:54.208Z' ]
      }

      at RateLimiter.acquireToken (server/src/automation/utils/RateLimiter.ts:223:13)

    console.log
      [RateLimiter.getInstance] called with config: undefined current instance: RateLimiter {
        config: {
          maxRequestsPerMinute: 30,
          maxRequestsPerHour: 300,
          maxConcurrentRequests: 5,
          cooldownPeriod: 2000
        },
        requests: [ { timestamp: 2025-04-27T07:41:54.208Z, userId: 'test-user-123' } ],
        activeRequests: 0,
        userLastRequest: Map(1) { 'test-user-123' => 2025-04-27T07:41:54.208Z },
        userActiveRequests: Map(1) { 'test-user-123' => 0 },
        _now: [Function (anonymous)]
      }

      at Function.getInstance (server/src/automation/utils/RateLimiter.ts:73:13)

    console.log
      [RateLimiter.getInstance] Returning existing instance

      at Function.getInstance (server/src/automation/utils/RateLimiter.ts:81:15)

    console.log
      [RateLimiter.getInstance] called with config: undefined current instance: RateLimiter {
        config: {
          maxRequestsPerMinute: 30,
          maxRequestsPerHour: 300,
          maxConcurrentRequests: 5,
          cooldownPeriod: 2000
        },
        requests: [],
        activeRequests: 0,
        userLastRequest: Map(0) {},
        userActiveRequests: Map(0) {},
        _now: [Function (anonymous)]
      }

      at Function.getInstance (server/src/automation/utils/RateLimiter.ts:73:13)

    console.log
      [RateLimiter.getInstance] Returning existing instance

      at Function.getInstance (server/src/automation/utils/RateLimiter.ts:81:15)

    console.log
      [RateLimiter.getInstance] called with config: undefined current instance: RateLimiter {
        config: {
          maxRequestsPerMinute: 30,
          maxRequestsPerHour: 300,
          maxConcurrentRequests: 5,
          cooldownPeriod: 2000
        },
        requests: [],
        activeRequests: 0,
        userLastRequest: Map(0) {},
        userActiveRequests: Map(0) {},
        _now: [Function (anonymous)]
      }

      at Function.getInstance (server/src/automation/utils/RateLimiter.ts:73:13)

    console.log
      [RateLimiter.getInstance] Returning existing instance

      at Function.getInstance (server/src/automation/utils/RateLimiter.ts:81:15)

    console.log
      [acquireToken] BEFORE {
        userId: 'test-user-123',
        now: '2025-04-27T07:41:54.214Z',
        beforeMinute: 0,
        beforeHour: 0
      }

      at RateLimiter.acquireToken (server/src/automation/utils/RateLimiter.ts:203:13)

    console.log
      [acquireToken] AFTER {
        userId: 'test-user-123',
        now: '2025-04-27T07:41:54.214Z',
        afterMinute: 1,
        afterHour: 1,
        userReqs: [ '2025-04-27T07:41:54.214Z' ]
      }

      at RateLimiter.acquireToken (server/src/automation/utils/RateLimiter.ts:223:13)

    console.log
      [RateLimiter.getInstance] called with config: undefined current instance: RateLimiter {
        config: {
          maxRequestsPerMinute: 30,
          maxRequestsPerHour: 300,
          maxConcurrentRequests: 5,
          cooldownPeriod: 2000
        },
        requests: [ { timestamp: 2025-04-27T07:41:54.214Z, userId: 'test-user-123' } ],
        activeRequests: 0,
        userLastRequest: Map(1) { 'test-user-123' => 2025-04-27T07:41:54.214Z },
        userActiveRequests: Map(1) { 'test-user-123' => 0 },
        _now: [Function (anonymous)]
      }

      at Function.getInstance (server/src/automation/utils/RateLimiter.ts:73:13)

    console.log
      [RateLimiter.getInstance] Returning existing instance

      at Function.getInstance (server/src/automation/utils/RateLimiter.ts:81:15)

    console.log
      [RateLimiter.getInstance] called with config: undefined current instance: RateLimiter {
        config: {
          maxRequestsPerMinute: 30,
          maxRequestsPerHour: 300,
          maxConcurrentRequests: 5,
          cooldownPeriod: 2000
        },
        requests: [],
        activeRequests: 0,
        userLastRequest: Map(0) {},
        userActiveRequests: Map(0) {},
        _now: [Function (anonymous)]
      }

      at Function.getInstance (server/src/automation/utils/RateLimiter.ts:73:13)

    console.log
      [RateLimiter.getInstance] Returning existing instance

      at Function.getInstance (server/src/automation/utils/RateLimiter.ts:81:15)

    console.log
      [RateLimiter.getInstance] called with config: undefined current instance: RateLimiter {
        config: {
          maxRequestsPerMinute: 30,
          maxRequestsPerHour: 300,
          maxConcurrentRequests: 5,
          cooldownPeriod: 2000
        },
        requests: [],
        activeRequests: 0,
        userLastRequest: Map(0) {},
        userActiveRequests: Map(0) {},
        _now: [Function (anonymous)]
      }

      at Function.getInstance (server/src/automation/utils/RateLimiter.ts:73:13)

    console.log
      [RateLimiter.getInstance] Returning existing instance

      at Function.getInstance (server/src/automation/utils/RateLimiter.ts:81:15)

    console.log
      [RateLimiter.getInstance] called with config: undefined current instance: RateLimiter {
        config: {
          maxRequestsPerMinute: 30,
          maxRequestsPerHour: 300,
          maxConcurrentRequests: 5,
          cooldownPeriod: 2000
        },
        requests: [],
        activeRequests: 0,
        userLastRequest: Map(0) {},
        userActiveRequests: Map(0) {},
        _now: [Function (anonymous)]
      }

      at Function.getInstance (server/src/automation/utils/RateLimiter.ts:73:13)

    console.log
      [RateLimiter.getInstance] Returning existing instance

      at Function.getInstance (server/src/automation/utils/RateLimiter.ts:81:15)

    console.log
      [RateLimiter.getInstance] called with config: undefined current instance: RateLimiter {
        config: {
          maxRequestsPerMinute: 30,
          maxRequestsPerHour: 300,
          maxConcurrentRequests: 5,
          cooldownPeriod: 2000
        },
        requests: [],
        activeRequests: 0,
        userLastRequest: Map(0) {},
        userActiveRequests: Map(0) {},
        _now: [Function (anonymous)]
      }

      at Function.getInstance (server/src/automation/utils/RateLimiter.ts:73:13)

    console.log
      [RateLimiter.getInstance] Returning existing instance

      at Function.getInstance (server/src/automation/utils/RateLimiter.ts:81:15)

    console.log
      [RateLimiter.getInstance] called with config: undefined current instance: RateLimiter {
        config: {
          maxRequestsPerMinute: 30,
          maxRequestsPerHour: 300,
          maxConcurrentRequests: 5,
          cooldownPeriod: 2000
        },
        requests: [],
        activeRequests: 0,
        userLastRequest: Map(0) {},
        userActiveRequests: Map(0) {},
        _now: [Function (anonymous)]
      }

      at Function.getInstance (server/src/automation/utils/RateLimiter.ts:73:13)

    console.log
      [RateLimiter.getInstance] Returning existing instance

      at Function.getInstance (server/src/automation/utils/RateLimiter.ts:81:15)

    console.log
      [acquireToken] BEFORE {
        userId: 'test-user-123',
        now: '2025-04-27T07:41:54.225Z',
        beforeMinute: 0,
        beforeHour: 0
      }

      at RateLimiter.acquireToken (server/src/automation/utils/RateLimiter.ts:203:13)

    console.log
      [acquireToken] AFTER {
        userId: 'test-user-123',
        now: '2025-04-27T07:41:54.225Z',
        afterMinute: 1,
        afterHour: 1,
        userReqs: [ '2025-04-27T07:41:54.225Z' ]
      }

      at RateLimiter.acquireToken (server/src/automation/utils/RateLimiter.ts:223:13)

    console.log
      [RateLimiter.getInstance] called with config: undefined current instance: RateLimiter {
        config: {
          maxRequestsPerMinute: 30,
          maxRequestsPerHour: 300,
          maxConcurrentRequests: 5,
          cooldownPeriod: 2000
        },
        requests: [ { timestamp: 2025-04-27T07:41:54.225Z, userId: 'test-user-123' } ],
        activeRequests: 0,
        userLastRequest: Map(1) { 'test-user-123' => 2025-04-27T07:41:54.225Z },
        userActiveRequests: Map(1) { 'test-user-123' => 0 },
        _now: [Function (anonymous)]
      }

      at Function.getInstance (server/src/automation/utils/RateLimiter.ts:73:13)

    console.log
      [RateLimiter.getInstance] Returning existing instance

      at Function.getInstance (server/src/automation/utils/RateLimiter.ts:81:15)

    console.log
      [RateLimiter.getInstance] called with config: undefined current instance: RateLimiter {
        config: {
          maxRequestsPerMinute: 30,
          maxRequestsPerHour: 300,
          maxConcurrentRequests: 5,
          cooldownPeriod: 2000
        },
        requests: [],
        activeRequests: 0,
        userLastRequest: Map(0) {},
        userActiveRequests: Map(0) {},
        _now: [Function (anonymous)]
      }

      at Function.getInstance (server/src/automation/utils/RateLimiter.ts:73:13)

    console.log
      [RateLimiter.getInstance] Returning existing instance

      at Function.getInstance (server/src/automation/utils/RateLimiter.ts:81:15)

    console.log
      [RateLimiter.getInstance] called with config: undefined current instance: RateLimiter {
        config: {
          maxRequestsPerMinute: 30,
          maxRequestsPerHour: 300,
          maxConcurrentRequests: 5,
          cooldownPeriod: 2000
        },
        requests: [],
        activeRequests: 0,
        userLastRequest: Map(0) {},
        userActiveRequests: Map(0) {},
        _now: [Function (anonymous)]
      }

      at Function.getInstance (server/src/automation/utils/RateLimiter.ts:73:13)

    console.log
      [RateLimiter.getInstance] Returning existing instance

      at Function.getInstance (server/src/automation/utils/RateLimiter.ts:81:15)

    console.log
      [RateLimiter.getInstance] called with config: undefined current instance: RateLimiter {
        config: {
          maxRequestsPerMinute: 30,
          maxRequestsPerHour: 300,
          maxConcurrentRequests: 5,
          cooldownPeriod: 2000
        },
        requests: [],
        activeRequests: 0,
        userLastRequest: Map(0) {},
        userActiveRequests: Map(0) {},
        _now: [Function (anonymous)]
      }

      at Function.getInstance (server/src/automation/utils/RateLimiter.ts:73:13)

    console.log
      [RateLimiter.getInstance] Returning existing instance

      at Function.getInstance (server/src/automation/utils/RateLimiter.ts:81:15)

    console.log
      [RateLimiter.getInstance] called with config: undefined current instance: RateLimiter {
        config: {
          maxRequestsPerMinute: 30,
          maxRequestsPerHour: 300,
          maxConcurrentRequests: 5,
          cooldownPeriod: 2000
        },
        requests: [],
        activeRequests: 0,
        userLastRequest: Map(0) {},
        userActiveRequests: Map(0) {},
        _now: [Function (anonymous)]
      }

      at Function.getInstance (server/src/automation/utils/RateLimiter.ts:73:13)

    console.log
      [RateLimiter.getInstance] Returning existing instance

      at Function.getInstance (server/src/automation/utils/RateLimiter.ts:81:15)

    console.log
      [RateLimiter.getInstance] called with config: undefined current instance: RateLimiter {
        config: {
          maxRequestsPerMinute: 30,
          maxRequestsPerHour: 300,
          maxConcurrentRequests: 5,
          cooldownPeriod: 2000
        },
        requests: [],
        activeRequests: 0,
        userLastRequest: Map(0) {},
        userActiveRequests: Map(0) {},
        _now: [Function (anonymous)]
      }

      at Function.getInstance (server/src/automation/utils/RateLimiter.ts:73:13)

    console.log
      [RateLimiter.getInstance] Returning existing instance

      at Function.getInstance (server/src/automation/utils/RateLimiter.ts:81:15)

    console.log
      [acquireToken] BEFORE {
        userId: 'test-user-123',
        now: '2025-04-27T07:41:54.242Z',
        beforeMinute: 0,
        beforeHour: 0
      }

      at RateLimiter.acquireToken (server/src/automation/utils/RateLimiter.ts:203:13)

    console.log
      [acquireToken] AFTER {
        userId: 'test-user-123',
        now: '2025-04-27T07:41:54.242Z',
        afterMinute: 1,
        afterHour: 1,
        userReqs: [ '2025-04-27T07:41:54.242Z' ]
      }

      at RateLimiter.acquireToken (server/src/automation/utils/RateLimiter.ts:223:13)

    console.log
      [RateLimiter.getInstance] called with config: undefined current instance: RateLimiter {
        config: {
          maxRequestsPerMinute: 30,
          maxRequestsPerHour: 300,
          maxConcurrentRequests: 5,
          cooldownPeriod: 2000
        },
        requests: [ { timestamp: 2025-04-27T07:41:54.242Z, userId: 'test-user-123' } ],
        activeRequests: 0,
        userLastRequest: Map(1) { 'test-user-123' => 2025-04-27T07:41:54.242Z },
        userActiveRequests: Map(1) { 'test-user-123' => 0 },
        _now: [Function (anonymous)]
      }

      at Function.getInstance (server/src/automation/utils/RateLimiter.ts:73:13)

    console.log
      [RateLimiter.getInstance] Returning existing instance

      at Function.getInstance (server/src/automation/utils/RateLimiter.ts:81:15)

    console.log
      [RateLimiter.getInstance] called with config: undefined current instance: RateLimiter {
        config: {
          maxRequestsPerMinute: 30,
          maxRequestsPerHour: 300,
          maxConcurrentRequests: 5,
          cooldownPeriod: 2000
        },
        requests: [],
        activeRequests: 0,
        userLastRequest: Map(0) {},
        userActiveRequests: Map(0) {},
        _now: [Function (anonymous)]
      }

      at Function.getInstance (server/src/automation/utils/RateLimiter.ts:73:13)

    console.log
      [RateLimiter.getInstance] Returning existing instance

      at Function.getInstance (server/src/automation/utils/RateLimiter.ts:81:15)

    console.log
      [RateLimiter.getInstance] called with config: undefined current instance: RateLimiter {
        config: {
          maxRequestsPerMinute: 30,
          maxRequestsPerHour: 300,
          maxConcurrentRequests: 5,
          cooldownPeriod: 2000
        },
        requests: [],
        activeRequests: 0,
        userLastRequest: Map(0) {},
        userActiveRequests: Map(0) {},
        _now: [Function (anonymous)]
      }

      at Function.getInstance (server/src/automation/utils/RateLimiter.ts:73:13)

    console.log
      [RateLimiter.getInstance] Returning existing instance

      at Function.getInstance (server/src/automation/utils/RateLimiter.ts:81:15)

    console.log
      [acquireToken] BEFORE {
        userId: 'test-user-123',
        now: '2025-04-27T07:41:54.253Z',
        beforeMinute: 0,
        beforeHour: 0
      }

      at RateLimiter.acquireToken (server/src/automation/utils/RateLimiter.ts:203:13)

    console.log
      [acquireToken] AFTER {
        userId: 'test-user-123',
        now: '2025-04-27T07:41:54.253Z',
        afterMinute: 1,
        afterHour: 1,
        userReqs: [ '2025-04-27T07:41:54.253Z' ]
      }

      at RateLimiter.acquireToken (server/src/automation/utils/RateLimiter.ts:223:13)

    console.log
      Session after metrics update: {
        browser: {
          newContext: [Function: mockConstructor] {
            _isMockFunction: true,
            getMockImplementation: [Function (anonymous)],
            mock: [Getter/Setter],
            mockClear: [Function (anonymous)],
            mockReset: [Function (anonymous)],
            mockRestore: [Function (anonymous)],
            mockReturnValueOnce: [Function (anonymous)],
            mockResolvedValueOnce: [Function (anonymous)],
            mockRejectedValueOnce: [Function (anonymous)],
            mockReturnValue: [Function (anonymous)],
            mockResolvedValue: [Function (anonymous)],
            mockRejectedValue: [Function (anonymous)],
            mockImplementationOnce: [Function (anonymous)],
            withImplementation: [Function: bound withImplementation],
            mockImplementation: [Function (anonymous)],
            mockReturnThis: [Function (anonymous)],
            mockName: [Function (anonymous)],
            getMockName: [Function (anonymous)]
          },
          close: [Function: mockConstructor] {
            _isMockFunction: true,
            getMockImplementation: [Function (anonymous)],
            mock: [Getter/Setter],
            mockClear: [Function (anonymous)],
            mockReset: [Function (anonymous)],
            mockRestore: [Function (anonymous)],
            mockReturnValueOnce: [Function (anonymous)],
            mockResolvedValueOnce: [Function (anonymous)],
            mockRejectedValueOnce: [Function (anonymous)],
            mockReturnValue: [Function (anonymous)],
            mockResolvedValue: [Function (anonymous)],
            mockRejectedValue: [Function (anonymous)],
            mockImplementationOnce: [Function (anonymous)],
            withImplementation: [Function: bound withImplementation],
            mockImplementation: [Function (anonymous)],
            mockReturnThis: [Function (anonymous)],
            mockName: [Function (anonymous)],
            getMockName: [Function (anonymous)]
          }
        },
        context: {
          newPage: [Function: mockConstructor] {
            _isMockFunction: true,
            getMockImplementation: [Function (anonymous)],
            mock: [Getter/Setter],
            mockClear: [Function (anonymous)],
            mockReset: [Function (anonymous)],
            mockRestore: [Function (anonymous)],
            mockReturnValueOnce: [Function (anonymous)],
            mockResolvedValueOnce: [Function (anonymous)],
            mockRejectedValueOnce: [Function (anonymous)],
            mockReturnValue: [Function (anonymous)],
            mockResolvedValue: [Function (anonymous)],
            mockRejectedValue: [Function (anonymous)],
            mockImplementationOnce: [Function (anonymous)],
            withImplementation: [Function: bound withImplementation],
            mockImplementation: [Function (anonymous)],
            mockReturnThis: [Function (anonymous)],
            mockName: [Function (anonymous)],
            getMockName: [Function (anonymous)]
          },
          close: [Function: mockConstructor] {
            _isMockFunction: true,
            getMockImplementation: [Function (anonymous)],
            mock: [Getter/Setter],
            mockClear: [Function (anonymous)],
            mockReset: [Function (anonymous)],
            mockRestore: [Function (anonymous)],
            mockReturnValueOnce: [Function (anonymous)],
            mockResolvedValueOnce: [Function (anonymous)],
            mockRejectedValueOnce: [Function (anonymous)],
            mockReturnValue: [Function (anonymous)],
            mockResolvedValue: [Function (anonymous)],
            mockRejectedValue: [Function (anonymous)],
            mockImplementationOnce: [Function (anonymous)],
            withImplementation: [Function: bound withImplementation],
            mockImplementation: [Function (anonymous)],
            mockReturnThis: [Function (anonymous)],
            mockName: [Function (anonymous)],
            getMockName: [Function (anonymous)]
          },
          route: [Function: mockConstructor] {
            _isMockFunction: true,
            getMockImplementation: [Function (anonymous)],
            mock: [Getter/Setter],
            mockClear: [Function (anonymous)],
            mockReset: [Function (anonymous)],
            mockRestore: [Function (anonymous)],
            mockReturnValueOnce: [Function (anonymous)],
            mockResolvedValueOnce: [Function (anonymous)],
            mockRejectedValueOnce: [Function (anonymous)],
            mockReturnValue: [Function (anonymous)],
            mockResolvedValue: [Function (anonymous)],
            mockRejectedValue: [Function (anonymous)],
            mockImplementationOnce: [Function (anonymous)],
            withImplementation: [Function: bound withImplementation],
            mockImplementation: [Function (anonymous)],
            mockReturnThis: [Function (anonymous)],
            mockName: [Function (anonymous)],
            getMockName: [Function (anonymous)]
          },
          setDefaultTimeout: [Function: mockConstructor] {
            _isMockFunction: true,
            getMockImplementation: [Function (anonymous)],
            mock: [Getter/Setter],
            mockClear: [Function (anonymous)],
            mockReset: [Function (anonymous)],
            mockRestore: [Function (anonymous)],
            mockReturnValueOnce: [Function (anonymous)],
            mockResolvedValueOnce: [Function (anonymous)],
            mockRejectedValueOnce: [Function (anonymous)],
            mockReturnValue: [Function (anonymous)],
            mockResolvedValue: [Function (anonymous)],
            mockRejectedValue: [Function (anonymous)],
            mockImplementationOnce: [Function (anonymous)],
            withImplementation: [Function: bound withImplementation],
            mockImplementation: [Function (anonymous)],
            mockReturnThis: [Function (anonymous)],
            mockName: [Function (anonymous)],
            getMockName: [Function (anonymous)]
          }
        },
        profile: {
          id: 'test-profile',
          userAgent: 'test-agent',
          viewport: { width: 1920, height: 1080 },
          timezone: 'America/New_York',
          geolocation: { latitude: 40.7128, longitude: -74.006 }
        },
        userId: 'test-user-123',
        health: {
          status: 'healthy',
          lastCheck: 2025-04-27T07:41:54.254Z,
          lastUsed: 2025-04-27T07:41:54.254Z,
          errors: [],
          recoveryAttempts: 0,
          metrics: {
            totalOperations: 1,
            failedOperations: 0,
            averageResponseTime: 100,
            lastResponseTime: 100
          }
        },
        createdAt: 2025-04-27T07:41:54.254Z
      }

      at Object.<anonymous> (server/src/automation/__tests__/BrowserManager.test.ts:148:15)

    console.log
      [RateLimiter.getInstance] called with config: undefined current instance: RateLimiter {
        config: {
          maxRequestsPerMinute: 30,
          maxRequestsPerHour: 300,
          maxConcurrentRequests: 5,
          cooldownPeriod: 2000
        },
        requests: [ { timestamp: 2025-04-27T07:41:54.253Z, userId: 'test-user-123' } ],
        activeRequests: 0,
        userLastRequest: Map(1) { 'test-user-123' => 2025-04-27T07:41:54.253Z },
        userActiveRequests: Map(1) { 'test-user-123' => 0 },
        _now: [Function (anonymous)]
      }

      at Function.getInstance (server/src/automation/utils/RateLimiter.ts:73:13)

    console.log
      [RateLimiter.getInstance] Returning existing instance

      at Function.getInstance (server/src/automation/utils/RateLimiter.ts:81:15)

    console.log
      [RateLimiter.getInstance] called with config: undefined current instance: RateLimiter {
        config: {
          maxRequestsPerMinute: 30,
          maxRequestsPerHour: 300,
          maxConcurrentRequests: 5,
          cooldownPeriod: 2000
        },
        requests: [],
        activeRequests: 0,
        userLastRequest: Map(0) {},
        userActiveRequests: Map(0) {},
        _now: [Function (anonymous)]
      }

      at Function.getInstance (server/src/automation/utils/RateLimiter.ts:73:13)

    console.log
      [RateLimiter.getInstance] Returning existing instance

      at Function.getInstance (server/src/automation/utils/RateLimiter.ts:81:15)

    console.log
      [RateLimiter.getInstance] called with config: undefined current instance: RateLimiter {
        config: {
          maxRequestsPerMinute: 30,
          maxRequestsPerHour: 300,
          maxConcurrentRequests: 5,
          cooldownPeriod: 2000
        },
        requests: [],
        activeRequests: 0,
        userLastRequest: Map(0) {},
        userActiveRequests: Map(0) {},
        _now: [Function (anonymous)]
      }

      at Function.getInstance (server/src/automation/utils/RateLimiter.ts:73:13)

    console.log
      [RateLimiter.getInstance] Returning existing instance

      at Function.getInstance (server/src/automation/utils/RateLimiter.ts:81:15)

    console.log
      [acquireToken] BEFORE {
        userId: 'test-user-123',
        now: '2025-04-27T07:41:54.261Z',
        beforeMinute: 0,
        beforeHour: 0
      }

      at RateLimiter.acquireToken (server/src/automation/utils/RateLimiter.ts:203:13)

    console.log
      [acquireToken] AFTER {
        userId: 'test-user-123',
        now: '2025-04-27T07:41:54.261Z',
        afterMinute: 1,
        afterHour: 1,
        userReqs: [ '2025-04-27T07:41:54.261Z' ]
      }

      at RateLimiter.acquireToken (server/src/automation/utils/RateLimiter.ts:223:13)

    console.log
      Session after failed operation: {
        browser: {
          newContext: [Function: mockConstructor] {
            _isMockFunction: true,
            getMockImplementation: [Function (anonymous)],
            mock: [Getter/Setter],
            mockClear: [Function (anonymous)],
            mockReset: [Function (anonymous)],
            mockRestore: [Function (anonymous)],
            mockReturnValueOnce: [Function (anonymous)],
            mockResolvedValueOnce: [Function (anonymous)],
            mockRejectedValueOnce: [Function (anonymous)],
            mockReturnValue: [Function (anonymous)],
            mockResolvedValue: [Function (anonymous)],
            mockRejectedValue: [Function (anonymous)],
            mockImplementationOnce: [Function (anonymous)],
            withImplementation: [Function: bound withImplementation],
            mockImplementation: [Function (anonymous)],
            mockReturnThis: [Function (anonymous)],
            mockName: [Function (anonymous)],
            getMockName: [Function (anonymous)]
          },
          close: [Function: mockConstructor] {
            _isMockFunction: true,
            getMockImplementation: [Function (anonymous)],
            mock: [Getter/Setter],
            mockClear: [Function (anonymous)],
            mockReset: [Function (anonymous)],
            mockRestore: [Function (anonymous)],
            mockReturnValueOnce: [Function (anonymous)],
            mockResolvedValueOnce: [Function (anonymous)],
            mockRejectedValueOnce: [Function (anonymous)],
            mockReturnValue: [Function (anonymous)],
            mockResolvedValue: [Function (anonymous)],
            mockRejectedValue: [Function (anonymous)],
            mockImplementationOnce: [Function (anonymous)],
            withImplementation: [Function: bound withImplementation],
            mockImplementation: [Function (anonymous)],
            mockReturnThis: [Function (anonymous)],
            mockName: [Function (anonymous)],
            getMockName: [Function (anonymous)]
          }
        },
        context: {
          newPage: [Function: mockConstructor] {
            _isMockFunction: true,
            getMockImplementation: [Function (anonymous)],
            mock: [Getter/Setter],
            mockClear: [Function (anonymous)],
            mockReset: [Function (anonymous)],
            mockRestore: [Function (anonymous)],
            mockReturnValueOnce: [Function (anonymous)],
            mockResolvedValueOnce: [Function (anonymous)],
            mockRejectedValueOnce: [Function (anonymous)],
            mockReturnValue: [Function (anonymous)],
            mockResolvedValue: [Function (anonymous)],
            mockRejectedValue: [Function (anonymous)],
            mockImplementationOnce: [Function (anonymous)],
            withImplementation: [Function: bound withImplementation],
            mockImplementation: [Function (anonymous)],
            mockReturnThis: [Function (anonymous)],
            mockName: [Function (anonymous)],
            getMockName: [Function (anonymous)]
          },
          close: [Function: mockConstructor] {
            _isMockFunction: true,
            getMockImplementation: [Function (anonymous)],
            mock: [Getter/Setter],
            mockClear: [Function (anonymous)],
            mockReset: [Function (anonymous)],
            mockRestore: [Function (anonymous)],
            mockReturnValueOnce: [Function (anonymous)],
            mockResolvedValueOnce: [Function (anonymous)],
            mockRejectedValueOnce: [Function (anonymous)],
            mockReturnValue: [Function (anonymous)],
            mockResolvedValue: [Function (anonymous)],
            mockRejectedValue: [Function (anonymous)],
            mockImplementationOnce: [Function (anonymous)],
            withImplementation: [Function: bound withImplementation],
            mockImplementation: [Function (anonymous)],
            mockReturnThis: [Function (anonymous)],
            mockName: [Function (anonymous)],
            getMockName: [Function (anonymous)]
          },
          route: [Function: mockConstructor] {
            _isMockFunction: true,
            getMockImplementation: [Function (anonymous)],
            mock: [Getter/Setter],
            mockClear: [Function (anonymous)],
            mockReset: [Function (anonymous)],
            mockRestore: [Function (anonymous)],
            mockReturnValueOnce: [Function (anonymous)],
            mockResolvedValueOnce: [Function (anonymous)],
            mockRejectedValueOnce: [Function (anonymous)],
            mockReturnValue: [Function (anonymous)],
            mockResolvedValue: [Function (anonymous)],
            mockRejectedValue: [Function (anonymous)],
            mockImplementationOnce: [Function (anonymous)],
            withImplementation: [Function: bound withImplementation],
            mockImplementation: [Function (anonymous)],
            mockReturnThis: [Function (anonymous)],
            mockName: [Function (anonymous)],
            getMockName: [Function (anonymous)]
          },
          setDefaultTimeout: [Function: mockConstructor] {
            _isMockFunction: true,
            getMockImplementation: [Function (anonymous)],
            mock: [Getter/Setter],
            mockClear: [Function (anonymous)],
            mockReset: [Function (anonymous)],
            mockRestore: [Function (anonymous)],
            mockReturnValueOnce: [Function (anonymous)],
            mockResolvedValueOnce: [Function (anonymous)],
            mockRejectedValueOnce: [Function (anonymous)],
            mockReturnValue: [Function (anonymous)],
            mockResolvedValue: [Function (anonymous)],
            mockRejectedValue: [Function (anonymous)],
            mockImplementationOnce: [Function (anonymous)],
            withImplementation: [Function: bound withImplementation],
            mockImplementation: [Function (anonymous)],
            mockReturnThis: [Function (anonymous)],
            mockName: [Function (anonymous)],
            getMockName: [Function (anonymous)]
          }
        },
        profile: {
          id: 'test-profile',
          userAgent: 'test-agent',
          viewport: { width: 1920, height: 1080 },
          timezone: 'America/New_York',
          geolocation: { latitude: 40.7128, longitude: -74.006 }
        },
        userId: 'test-user-123',
        health: {
          status: 'failed',
          lastCheck: 2025-04-27T07:41:54.262Z,
          lastUsed: 2025-04-27T07:41:54.262Z,
          errors: [],
          recoveryAttempts: 0,
          metrics: {
            totalOperations: 1,
            failedOperations: 1,
            averageResponseTime: 100,
            lastResponseTime: 100
          }
        },
        createdAt: 2025-04-27T07:41:54.262Z
      }

      at Object.<anonymous> (server/src/automation/__tests__/BrowserManager.test.ts:166:15)

    console.log
      [RateLimiter.getInstance] called with config: undefined current instance: RateLimiter {
        config: {
          maxRequestsPerMinute: 30,
          maxRequestsPerHour: 300,
          maxConcurrentRequests: 5,
          cooldownPeriod: 2000
        },
        requests: [ { timestamp: 2025-04-27T07:41:54.261Z, userId: 'test-user-123' } ],
        activeRequests: 0,
        userLastRequest: Map(1) { 'test-user-123' => 2025-04-27T07:41:54.261Z },
        userActiveRequests: Map(1) { 'test-user-123' => 0 },
        _now: [Function (anonymous)]
      }

      at Function.getInstance (server/src/automation/utils/RateLimiter.ts:73:13)

    console.log
      [RateLimiter.getInstance] Returning existing instance

      at Function.getInstance (server/src/automation/utils/RateLimiter.ts:81:15)

    console.log
      [RateLimiter.getInstance] called with config: undefined current instance: RateLimiter {
        config: {
          maxRequestsPerMinute: 30,
          maxRequestsPerHour: 300,
          maxConcurrentRequests: 5,
          cooldownPeriod: 2000
        },
        requests: [],
        activeRequests: 0,
        userLastRequest: Map(0) {},
        userActiveRequests: Map(0) {},
        _now: [Function (anonymous)]
      }

      at Function.getInstance (server/src/automation/utils/RateLimiter.ts:73:13)

    console.log
      [RateLimiter.getInstance] Returning existing instance

      at Function.getInstance (server/src/automation/utils/RateLimiter.ts:81:15)

    console.log
      [RateLimiter.getInstance] called with config: undefined current instance: RateLimiter {
        config: {
          maxRequestsPerMinute: 30,
          maxRequestsPerHour: 300,
          maxConcurrentRequests: 5,
          cooldownPeriod: 2000
        },
        requests: [],
        activeRequests: 0,
        userLastRequest: Map(0) {},
        userActiveRequests: Map(0) {},
        _now: [Function (anonymous)]
      }

      at Function.getInstance (server/src/automation/utils/RateLimiter.ts:73:13)

    console.log
      [RateLimiter.getInstance] Returning existing instance

      at Function.getInstance (server/src/automation/utils/RateLimiter.ts:81:15)

    console.log
      [acquireToken] BEFORE {
        userId: 'test-user-123',
        now: '2025-04-27T07:41:54.267Z',
        beforeMinute: 0,
        beforeHour: 0
      }

      at RateLimiter.acquireToken (server/src/automation/utils/RateLimiter.ts:203:13)

    console.log
      [acquireToken] AFTER {
        userId: 'test-user-123',
        now: '2025-04-27T07:41:54.267Z',
        afterMinute: 1,
        afterHour: 1,
        userReqs: [ '2025-04-27T07:41:54.267Z' ]
      }

      at RateLimiter.acquireToken (server/src/automation/utils/RateLimiter.ts:223:13)

    console.log
      Session after health status degrade: {
        browser: {
          newContext: [Function: mockConstructor] {
            _isMockFunction: true,
            getMockImplementation: [Function (anonymous)],
            mock: [Getter/Setter],
            mockClear: [Function (anonymous)],
            mockReset: [Function (anonymous)],
            mockRestore: [Function (anonymous)],
            mockReturnValueOnce: [Function (anonymous)],
            mockResolvedValueOnce: [Function (anonymous)],
            mockRejectedValueOnce: [Function (anonymous)],
            mockReturnValue: [Function (anonymous)],
            mockResolvedValue: [Function (anonymous)],
            mockRejectedValue: [Function (anonymous)],
            mockImplementationOnce: [Function (anonymous)],
            withImplementation: [Function: bound withImplementation],
            mockImplementation: [Function (anonymous)],
            mockReturnThis: [Function (anonymous)],
            mockName: [Function (anonymous)],
            getMockName: [Function (anonymous)]
          },
          close: [Function: mockConstructor] {
            _isMockFunction: true,
            getMockImplementation: [Function (anonymous)],
            mock: [Getter/Setter],
            mockClear: [Function (anonymous)],
            mockReset: [Function (anonymous)],
            mockRestore: [Function (anonymous)],
            mockReturnValueOnce: [Function (anonymous)],
            mockResolvedValueOnce: [Function (anonymous)],
            mockRejectedValueOnce: [Function (anonymous)],
            mockReturnValue: [Function (anonymous)],
            mockResolvedValue: [Function (anonymous)],
            mockRejectedValue: [Function (anonymous)],
            mockImplementationOnce: [Function (anonymous)],
            withImplementation: [Function: bound withImplementation],
            mockImplementation: [Function (anonymous)],
            mockReturnThis: [Function (anonymous)],
            mockName: [Function (anonymous)],
            getMockName: [Function (anonymous)]
          }
        },
        context: {
          newPage: [Function: mockConstructor] {
            _isMockFunction: true,
            getMockImplementation: [Function (anonymous)],
            mock: [Getter/Setter],
            mockClear: [Function (anonymous)],
            mockReset: [Function (anonymous)],
            mockRestore: [Function (anonymous)],
            mockReturnValueOnce: [Function (anonymous)],
            mockResolvedValueOnce: [Function (anonymous)],
            mockRejectedValueOnce: [Function (anonymous)],
            mockReturnValue: [Function (anonymous)],
            mockResolvedValue: [Function (anonymous)],
            mockRejectedValue: [Function (anonymous)],
            mockImplementationOnce: [Function (anonymous)],
            withImplementation: [Function: bound withImplementation],
            mockImplementation: [Function (anonymous)],
            mockReturnThis: [Function (anonymous)],
            mockName: [Function (anonymous)],
            getMockName: [Function (anonymous)]
          },
          close: [Function: mockConstructor] {
            _isMockFunction: true,
            getMockImplementation: [Function (anonymous)],
            mock: [Getter/Setter],
            mockClear: [Function (anonymous)],
            mockReset: [Function (anonymous)],
            mockRestore: [Function (anonymous)],
            mockReturnValueOnce: [Function (anonymous)],
            mockResolvedValueOnce: [Function (anonymous)],
            mockRejectedValueOnce: [Function (anonymous)],
            mockReturnValue: [Function (anonymous)],
            mockResolvedValue: [Function (anonymous)],
            mockRejectedValue: [Function (anonymous)],
            mockImplementationOnce: [Function (anonymous)],
            withImplementation: [Function: bound withImplementation],
            mockImplementation: [Function (anonymous)],
            mockReturnThis: [Function (anonymous)],
            mockName: [Function (anonymous)],
            getMockName: [Function (anonymous)]
          },
          route: [Function: mockConstructor] {
            _isMockFunction: true,
            getMockImplementation: [Function (anonymous)],
            mock: [Getter/Setter],
            mockClear: [Function (anonymous)],
            mockReset: [Function (anonymous)],
            mockRestore: [Function (anonymous)],
            mockReturnValueOnce: [Function (anonymous)],
            mockResolvedValueOnce: [Function (anonymous)],
            mockRejectedValueOnce: [Function (anonymous)],
            mockReturnValue: [Function (anonymous)],
            mockResolvedValue: [Function (anonymous)],
            mockRejectedValue: [Function (anonymous)],
            mockImplementationOnce: [Function (anonymous)],
            withImplementation: [Function: bound withImplementation],
            mockImplementation: [Function (anonymous)],
            mockReturnThis: [Function (anonymous)],
            mockName: [Function (anonymous)],
            getMockName: [Function (anonymous)]
          },
          setDefaultTimeout: [Function: mockConstructor] {
            _isMockFunction: true,
            getMockImplementation: [Function (anonymous)],
            mock: [Getter/Setter],
            mockClear: [Function (anonymous)],
            mockReset: [Function (anonymous)],
            mockRestore: [Function (anonymous)],
            mockReturnValueOnce: [Function (anonymous)],
            mockResolvedValueOnce: [Function (anonymous)],
            mockRejectedValueOnce: [Function (anonymous)],
            mockReturnValue: [Function (anonymous)],
            mockResolvedValue: [Function (anonymous)],
            mockRejectedValue: [Function (anonymous)],
            mockImplementationOnce: [Function (anonymous)],
            withImplementation: [Function: bound withImplementation],
            mockImplementation: [Function (anonymous)],
            mockReturnThis: [Function (anonymous)],
            mockName: [Function (anonymous)],
            getMockName: [Function (anonymous)]
          }
        },
        profile: {
          id: 'test-profile',
          userAgent: 'test-agent',
          viewport: { width: 1920, height: 1080 },
          timezone: 'America/New_York',
          geolocation: { latitude: 40.7128, longitude: -74.006 }
        },
        userId: 'test-user-123',
        health: {
          status: 'failed',
          lastCheck: 2025-04-27T07:41:54.268Z,
          lastUsed: 2025-04-27T07:41:54.268Z,
          errors: [],
          recoveryAttempts: 0,
          metrics: {
            totalOperations: 3,
            failedOperations: 3,
            averageResponseTime: 100,
            lastResponseTime: 100
          }
        },
        createdAt: 2025-04-27T07:41:54.268Z
      }

      at Object.<anonymous> (server/src/automation/__tests__/BrowserManager.test.ts:184:15)

    console.log
      [RateLimiter.getInstance] called with config: undefined current instance: RateLimiter {
        config: {
          maxRequestsPerMinute: 30,
          maxRequestsPerHour: 300,
          maxConcurrentRequests: 5,
          cooldownPeriod: 2000
        },
        requests: [ { timestamp: 2025-04-27T07:41:54.267Z, userId: 'test-user-123' } ],
        activeRequests: 0,
        userLastRequest: Map(1) { 'test-user-123' => 2025-04-27T07:41:54.267Z },
        userActiveRequests: Map(1) { 'test-user-123' => 0 },
        _now: [Function (anonymous)]
      }

      at Function.getInstance (server/src/automation/utils/RateLimiter.ts:73:13)

    console.log
      [RateLimiter.getInstance] Returning existing instance

      at Function.getInstance (server/src/automation/utils/RateLimiter.ts:81:15)

    console.log
      [RateLimiter.getInstance] called with config: undefined current instance: RateLimiter {
        config: {
          maxRequestsPerMinute: 30,
          maxRequestsPerHour: 300,
          maxConcurrentRequests: 5,
          cooldownPeriod: 2000
        },
        requests: [],
        activeRequests: 0,
        userLastRequest: Map(0) {},
        userActiveRequests: Map(0) {},
        _now: [Function (anonymous)]
      }

      at Function.getInstance (server/src/automation/utils/RateLimiter.ts:73:13)

    console.log
      [RateLimiter.getInstance] Returning existing instance

      at Function.getInstance (server/src/automation/utils/RateLimiter.ts:81:15)

    console.log
      [RateLimiter.getInstance] called with config: undefined current instance: RateLimiter {
        config: {
          maxRequestsPerMinute: 30,
          maxRequestsPerHour: 300,
          maxConcurrentRequests: 5,
          cooldownPeriod: 2000
        },
        requests: [],
        activeRequests: 0,
        userLastRequest: Map(0) {},
        userActiveRequests: Map(0) {},
        _now: [Function (anonymous)]
      }

      at Function.getInstance (server/src/automation/utils/RateLimiter.ts:73:13)

    console.log
      [RateLimiter.getInstance] Returning existing instance

      at Function.getInstance (server/src/automation/utils/RateLimiter.ts:81:15)

    console.log
      [acquireToken] BEFORE {
        userId: 'test-user-123',
        now: '2025-04-27T07:41:54.277Z',
        beforeMinute: 0,
        beforeHour: 0
      }

      at RateLimiter.acquireToken (server/src/automation/utils/RateLimiter.ts:203:13)

    console.log
      [acquireToken] AFTER {
        userId: 'test-user-123',
        now: '2025-04-27T07:41:54.277Z',
        afterMinute: 1,
        afterHour: 1,
        userReqs: [ '2025-04-27T07:41:54.277Z' ]
      }

      at RateLimiter.acquireToken (server/src/automation/utils/RateLimiter.ts:223:13)

    console.log
      Session after high failure rate: {
        browser: {
          newContext: [Function: mockConstructor] {
            _isMockFunction: true,
            getMockImplementation: [Function (anonymous)],
            mock: [Getter/Setter],
            mockClear: [Function (anonymous)],
            mockReset: [Function (anonymous)],
            mockRestore: [Function (anonymous)],
            mockReturnValueOnce: [Function (anonymous)],
            mockResolvedValueOnce: [Function (anonymous)],
            mockRejectedValueOnce: [Function (anonymous)],
            mockReturnValue: [Function (anonymous)],
            mockResolvedValue: [Function (anonymous)],
            mockRejectedValue: [Function (anonymous)],
            mockImplementationOnce: [Function (anonymous)],
            withImplementation: [Function: bound withImplementation],
            mockImplementation: [Function (anonymous)],
            mockReturnThis: [Function (anonymous)],
            mockName: [Function (anonymous)],
            getMockName: [Function (anonymous)]
          },
          close: [Function: mockConstructor] {
            _isMockFunction: true,
            getMockImplementation: [Function (anonymous)],
            mock: [Getter/Setter],
            mockClear: [Function (anonymous)],
            mockReset: [Function (anonymous)],
            mockRestore: [Function (anonymous)],
            mockReturnValueOnce: [Function (anonymous)],
            mockResolvedValueOnce: [Function (anonymous)],
            mockRejectedValueOnce: [Function (anonymous)],
            mockReturnValue: [Function (anonymous)],
            mockResolvedValue: [Function (anonymous)],
            mockRejectedValue: [Function (anonymous)],
            mockImplementationOnce: [Function (anonymous)],
            withImplementation: [Function: bound withImplementation],
            mockImplementation: [Function (anonymous)],
            mockReturnThis: [Function (anonymous)],
            mockName: [Function (anonymous)],
            getMockName: [Function (anonymous)]
          }
        },
        context: {
          newPage: [Function: mockConstructor] {
            _isMockFunction: true,
            getMockImplementation: [Function (anonymous)],
            mock: [Getter/Setter],
            mockClear: [Function (anonymous)],
            mockReset: [Function (anonymous)],
            mockRestore: [Function (anonymous)],
            mockReturnValueOnce: [Function (anonymous)],
            mockResolvedValueOnce: [Function (anonymous)],
            mockRejectedValueOnce: [Function (anonymous)],
            mockReturnValue: [Function (anonymous)],
            mockResolvedValue: [Function (anonymous)],
            mockRejectedValue: [Function (anonymous)],
            mockImplementationOnce: [Function (anonymous)],
            withImplementation: [Function: bound withImplementation],
            mockImplementation: [Function (anonymous)],
            mockReturnThis: [Function (anonymous)],
            mockName: [Function (anonymous)],
            getMockName: [Function (anonymous)]
          },
          close: [Function: mockConstructor] {
            _isMockFunction: true,
            getMockImplementation: [Function (anonymous)],
            mock: [Getter/Setter],
            mockClear: [Function (anonymous)],
            mockReset: [Function (anonymous)],
            mockRestore: [Function (anonymous)],
            mockReturnValueOnce: [Function (anonymous)],
            mockResolvedValueOnce: [Function (anonymous)],
            mockRejectedValueOnce: [Function (anonymous)],
            mockReturnValue: [Function (anonymous)],
            mockResolvedValue: [Function (anonymous)],
            mockRejectedValue: [Function (anonymous)],
            mockImplementationOnce: [Function (anonymous)],
            withImplementation: [Function: bound withImplementation],
            mockImplementation: [Function (anonymous)],
            mockReturnThis: [Function (anonymous)],
            mockName: [Function (anonymous)],
            getMockName: [Function (anonymous)]
          },
          route: [Function: mockConstructor] {
            _isMockFunction: true,
            getMockImplementation: [Function (anonymous)],
            mock: [Getter/Setter],
            mockClear: [Function (anonymous)],
            mockReset: [Function (anonymous)],
            mockRestore: [Function (anonymous)],
            mockReturnValueOnce: [Function (anonymous)],
            mockResolvedValueOnce: [Function (anonymous)],
            mockRejectedValueOnce: [Function (anonymous)],
            mockReturnValue: [Function (anonymous)],
            mockResolvedValue: [Function (anonymous)],
            mockRejectedValue: [Function (anonymous)],
            mockImplementationOnce: [Function (anonymous)],
            withImplementation: [Function: bound withImplementation],
            mockImplementation: [Function (anonymous)],
            mockReturnThis: [Function (anonymous)],
            mockName: [Function (anonymous)],
            getMockName: [Function (anonymous)]
          },
          setDefaultTimeout: [Function: mockConstructor] {
            _isMockFunction: true,
            getMockImplementation: [Function (anonymous)],
            mock: [Getter/Setter],
            mockClear: [Function (anonymous)],
            mockReset: [Function (anonymous)],
            mockRestore: [Function (anonymous)],
            mockReturnValueOnce: [Function (anonymous)],
            mockResolvedValueOnce: [Function (anonymous)],
            mockRejectedValueOnce: [Function (anonymous)],
            mockReturnValue: [Function (anonymous)],
            mockResolvedValue: [Function (anonymous)],
            mockRejectedValue: [Function (anonymous)],
            mockImplementationOnce: [Function (anonymous)],
            withImplementation: [Function: bound withImplementation],
            mockImplementation: [Function (anonymous)],
            mockReturnThis: [Function (anonymous)],
            mockName: [Function (anonymous)],
            getMockName: [Function (anonymous)]
          }
        },
        profile: {
          id: 'test-profile',
          userAgent: 'test-agent',
          viewport: { width: 1920, height: 1080 },
          timezone: 'America/New_York',
          geolocation: { latitude: 40.7128, longitude: -74.006 }
        },
        userId: 'test-user-123',
        health: {
          status: 'failed',
          lastCheck: 2025-04-27T07:41:54.279Z,
          lastUsed: 2025-04-27T07:41:54.279Z,
          errors: [],
          recoveryAttempts: 0,
          metrics: {
            totalOperations: 6,
            failedOperations: 6,
            averageResponseTime: 100,
            lastResponseTime: 100
          }
        },
        createdAt: 2025-04-27T07:41:54.279Z
      }

      at Object.<anonymous> (server/src/automation/__tests__/BrowserManager.test.ts:202:15)

    console.log
      [RateLimiter.getInstance] called with config: undefined current instance: RateLimiter {
        config: {
          maxRequestsPerMinute: 30,
          maxRequestsPerHour: 300,
          maxConcurrentRequests: 5,
          cooldownPeriod: 2000
        },
        requests: [ { timestamp: 2025-04-27T07:41:54.277Z, userId: 'test-user-123' } ],
        activeRequests: 0,
        userLastRequest: Map(1) { 'test-user-123' => 2025-04-27T07:41:54.277Z },
        userActiveRequests: Map(1) { 'test-user-123' => 0 },
        _now: [Function (anonymous)]
      }

      at Function.getInstance (server/src/automation/utils/RateLimiter.ts:73:13)

    console.log
      [RateLimiter.getInstance] Returning existing instance

      at Function.getInstance (server/src/automation/utils/RateLimiter.ts:81:15)

    console.log
      [RateLimiter.getInstance] called with config: undefined current instance: RateLimiter {
        config: {
          maxRequestsPerMinute: 30,
          maxRequestsPerHour: 300,
          maxConcurrentRequests: 5,
          cooldownPeriod: 2000
        },
        requests: [],
        activeRequests: 0,
        userLastRequest: Map(0) {},
        userActiveRequests: Map(0) {},
        _now: [Function (anonymous)]
      }

      at Function.getInstance (server/src/automation/utils/RateLimiter.ts:73:13)

    console.log
      [RateLimiter.getInstance] Returning existing instance

      at Function.getInstance (server/src/automation/utils/RateLimiter.ts:81:15)

    console.log
      [RateLimiter.getInstance] called with config: undefined current instance: RateLimiter {
        config: {
          maxRequestsPerMinute: 30,
          maxRequestsPerHour: 300,
          maxConcurrentRequests: 5,
          cooldownPeriod: 2000
        },
        requests: [],
        activeRequests: 0,
        userLastRequest: Map(0) {},
        userActiveRequests: Map(0) {},
        _now: [Function (anonymous)]
      }

      at Function.getInstance (server/src/automation/utils/RateLimiter.ts:73:13)

    console.log
      [RateLimiter.getInstance] Returning existing instance

      at Function.getInstance (server/src/automation/utils/RateLimiter.ts:81:15)

    console.log
      [acquireToken] BEFORE {
        userId: 'test-user-123',
        now: '2025-04-27T07:41:54.287Z',
        beforeMinute: 0,
        beforeHour: 0
      }

      at RateLimiter.acquireToken (server/src/automation/utils/RateLimiter.ts:203:13)

    console.log
      [acquireToken] AFTER {
        userId: 'test-user-123',
        now: '2025-04-27T07:41:54.287Z',
        afterMinute: 1,
        afterHour: 1,
        userReqs: [ '2025-04-27T07:41:54.287Z' ]
      }

      at RateLimiter.acquireToken (server/src/automation/utils/RateLimiter.ts:223:13)

    console.log
      Session after recovery attempt: null

      at Object.<anonymous> (server/src/automation/__tests__/BrowserManager.test.ts:213:15)

    console.log
      [RateLimiter.getInstance] called with config: undefined current instance: RateLimiter {
        config: {
          maxRequestsPerMinute: 30,
          maxRequestsPerHour: 300,
          maxConcurrentRequests: 5,
          cooldownPeriod: 2000
        },
        requests: [ { timestamp: 2025-04-27T07:41:54.287Z, userId: 'test-user-123' } ],
        activeRequests: 0,
        userLastRequest: Map(1) { 'test-user-123' => 2025-04-27T07:41:54.287Z },
        userActiveRequests: Map(1) { 'test-user-123' => 0 },
        _now: [Function (anonymous)]
      }

      at Function.getInstance (server/src/automation/utils/RateLimiter.ts:73:13)

    console.log
      [RateLimiter.getInstance] Returning existing instance

      at Function.getInstance (server/src/automation/utils/RateLimiter.ts:81:15)

    console.log
      [RateLimiter.getInstance] called with config: undefined current instance: RateLimiter {
        config: {
          maxRequestsPerMinute: 30,
          maxRequestsPerHour: 300,
          maxConcurrentRequests: 5,
          cooldownPeriod: 2000
        },
        requests: [],
        activeRequests: 0,
        userLastRequest: Map(0) {},
        userActiveRequests: Map(0) {},
        _now: [Function (anonymous)]
      }

      at Function.getInstance (server/src/automation/utils/RateLimiter.ts:73:13)

    console.log
      [RateLimiter.getInstance] Returning existing instance

      at Function.getInstance (server/src/automation/utils/RateLimiter.ts:81:15)

    console.log
      [RateLimiter.getInstance] called with config: undefined current instance: RateLimiter {
        config: {
          maxRequestsPerMinute: 30,
          maxRequestsPerHour: 300,
          maxConcurrentRequests: 5,
          cooldownPeriod: 2000
        },
        requests: [],
        activeRequests: 0,
        userLastRequest: Map(0) {},
        userActiveRequests: Map(0) {},
        _now: [Function (anonymous)]
      }

      at Function.getInstance (server/src/automation/utils/RateLimiter.ts:73:13)

    console.log
      [RateLimiter.getInstance] Returning existing instance

      at Function.getInstance (server/src/automation/utils/RateLimiter.ts:81:15)

    console.log
      [acquireToken] BEFORE {
        userId: 'test-user-123',
        now: '2025-04-27T07:41:54.294Z',
        beforeMinute: 0,
        beforeHour: 0
      }

      at RateLimiter.acquireToken (server/src/automation/utils/RateLimiter.ts:203:13)

    console.log
      [acquireToken] AFTER {
        userId: 'test-user-123',
        now: '2025-04-27T07:41:54.294Z',
        afterMinute: 1,
        afterHour: 1,
        userReqs: [ '2025-04-27T07:41:54.294Z' ]
      }

      at RateLimiter.acquireToken (server/src/automation/utils/RateLimiter.ts:223:13)

    console.log
      Session after max recovery attempts: null

      at Object.<anonymous> (server/src/automation/__tests__/BrowserManager.test.ts:227:15)

    console.log
      [RateLimiter.getInstance] called with config: undefined current instance: RateLimiter {
        config: {
          maxRequestsPerMinute: 30,
          maxRequestsPerHour: 300,
          maxConcurrentRequests: 5,
          cooldownPeriod: 2000
        },
        requests: [ { timestamp: 2025-04-27T07:41:54.294Z, userId: 'test-user-123' } ],
        activeRequests: 0,
        userLastRequest: Map(1) { 'test-user-123' => 2025-04-27T07:41:54.294Z },
        userActiveRequests: Map(1) { 'test-user-123' => 0 },
        _now: [Function (anonymous)]
      }

      at Function.getInstance (server/src/automation/utils/RateLimiter.ts:73:13)

    console.log
      [RateLimiter.getInstance] Returning existing instance

      at Function.getInstance (server/src/automation/utils/RateLimiter.ts:81:15)

    console.log
      [RateLimiter.getInstance] called with config: undefined current instance: RateLimiter {
        config: {
          maxRequestsPerMinute: 30,
          maxRequestsPerHour: 300,
          maxConcurrentRequests: 5,
          cooldownPeriod: 2000
        },
        requests: [],
        activeRequests: 0,
        userLastRequest: Map(0) {},
        userActiveRequests: Map(0) {},
        _now: [Function (anonymous)]
      }

      at Function.getInstance (server/src/automation/utils/RateLimiter.ts:73:13)

    console.log
      [RateLimiter.getInstance] Returning existing instance

      at Function.getInstance (server/src/automation/utils/RateLimiter.ts:81:15)

    console.log
      [RateLimiter.getInstance] called with config: undefined current instance: RateLimiter {
        config: {
          maxRequestsPerMinute: 30,
          maxRequestsPerHour: 300,
          maxConcurrentRequests: 5,
          cooldownPeriod: 2000
        },
        requests: [],
        activeRequests: 0,
        userLastRequest: Map(0) {},
        userActiveRequests: Map(0) {},
        _now: [Function (anonymous)]
      }

      at Function.getInstance (server/src/automation/utils/RateLimiter.ts:73:13)

    console.log
      [RateLimiter.getInstance] Returning existing instance

      at Function.getInstance (server/src/automation/utils/RateLimiter.ts:81:15)

    console.log
      [RateLimiter.getInstance] called with config: undefined current instance: RateLimiter {
        config: {
          maxRequestsPerMinute: 30,
          maxRequestsPerHour: 300,
          maxConcurrentRequests: 5,
          cooldownPeriod: 2000
        },
        requests: [],
        activeRequests: 0,
        userLastRequest: Map(0) {},
        userActiveRequests: Map(0) {},
        _now: [Function (anonymous)]
      }

      at Function.getInstance (server/src/automation/utils/RateLimiter.ts:73:13)

    console.log
      [RateLimiter.getInstance] Returning existing instance

      at Function.getInstance (server/src/automation/utils/RateLimiter.ts:81:15)

    console.log
      [RateLimiter.getInstance] called with config: undefined current instance: RateLimiter {
        config: {
          maxRequestsPerMinute: 30,
          maxRequestsPerHour: 300,
          maxConcurrentRequests: 5,
          cooldownPeriod: 2000
        },
        requests: [],
        activeRequests: 0,
        userLastRequest: Map(0) {},
        userActiveRequests: Map(0) {},
        _now: [Function (anonymous)]
      }

      at Function.getInstance (server/src/automation/utils/RateLimiter.ts:73:13)

    console.log
      [RateLimiter.getInstance] Returning existing instance

      at Function.getInstance (server/src/automation/utils/RateLimiter.ts:81:15)

    console.log
      [RateLimiter.getInstance] called with config: undefined current instance: RateLimiter {
        config: {
          maxRequestsPerMinute: 30,
          maxRequestsPerHour: 300,
          maxConcurrentRequests: 5,
          cooldownPeriod: 2000
        },
        requests: [],
        activeRequests: 0,
        userLastRequest: Map(0) {},
        userActiveRequests: Map(0) {},
        _now: [Function (anonymous)]
      }

      at Function.getInstance (server/src/automation/utils/RateLimiter.ts:73:13)

    console.log
      [RateLimiter.getInstance] Returning existing instance

      at Function.getInstance (server/src/automation/utils/RateLimiter.ts:81:15)

    console.log
      [acquireToken] BEFORE {
        userId: 'test-user-123',
        now: '2025-04-27T07:41:54.308Z',
        beforeMinute: 0,
        beforeHour: 0
      }

      at RateLimiter.acquireToken (server/src/automation/utils/RateLimiter.ts:203:13)

    console.log
      [acquireToken] AFTER {
        userId: 'test-user-123',
        now: '2025-04-27T07:41:54.308Z',
        afterMinute: 1,
        afterHour: 1,
        userReqs: [ '2025-04-27T07:41:54.308Z' ]
      }

      at RateLimiter.acquireToken (server/src/automation/utils/RateLimiter.ts:223:13)

    console.log
      [RateLimiter.getInstance] called with config: undefined current instance: RateLimiter {
        config: {
          maxRequestsPerMinute: 30,
          maxRequestsPerHour: 300,
          maxConcurrentRequests: 5,
          cooldownPeriod: 2000
        },
        requests: [ { timestamp: 2025-04-27T07:41:54.308Z, userId: 'test-user-123' } ],
        activeRequests: 0,
        userLastRequest: Map(1) { 'test-user-123' => 2025-04-27T07:41:54.308Z },
        userActiveRequests: Map(1) { 'test-user-123' => 0 },
        _now: [Function (anonymous)]
      }

      at Function.getInstance (server/src/automation/utils/RateLimiter.ts:73:13)

    console.log
      [RateLimiter.getInstance] Returning existing instance

      at Function.getInstance (server/src/automation/utils/RateLimiter.ts:81:15)

    console.log
      [RateLimiter.getInstance] called with config: undefined current instance: RateLimiter {
        config: {
          maxRequestsPerMinute: 30,
          maxRequestsPerHour: 300,
          maxConcurrentRequests: 5,
          cooldownPeriod: 2000
        },
        requests: [],
        activeRequests: 0,
        userLastRequest: Map(0) {},
        userActiveRequests: Map(0) {},
        _now: [Function (anonymous)]
      }

      at Function.getInstance (server/src/automation/utils/RateLimiter.ts:73:13)

    console.log
      [RateLimiter.getInstance] Returning existing instance

      at Function.getInstance (server/src/automation/utils/RateLimiter.ts:81:15)

    console.log
      [RateLimiter.getInstance] called with config: undefined current instance: RateLimiter {
        config: {
          maxRequestsPerMinute: 30,
          maxRequestsPerHour: 300,
          maxConcurrentRequests: 5,
          cooldownPeriod: 2000
        },
        requests: [],
        activeRequests: 0,
        userLastRequest: Map(0) {},
        userActiveRequests: Map(0) {},
        _now: [Function (anonymous)]
      }

      at Function.getInstance (server/src/automation/utils/RateLimiter.ts:73:13)

    console.log
      [RateLimiter.getInstance] Returning existing instance

      at Function.getInstance (server/src/automation/utils/RateLimiter.ts:81:15)

    console.log
      [RateLimiter.getInstance] called with config: undefined current instance: RateLimiter {
        config: {
          maxRequestsPerMinute: 30,
          maxRequestsPerHour: 300,
          maxConcurrentRequests: 5,
          cooldownPeriod: 2000
        },
        requests: [],
        activeRequests: 0,
        userLastRequest: Map(0) {},
        userActiveRequests: Map(0) {},
        _now: [Function (anonymous)]
      }

      at Function.getInstance (server/src/automation/utils/RateLimiter.ts:73:13)

    console.log
      [RateLimiter.getInstance] Returning existing instance

      at Function.getInstance (server/src/automation/utils/RateLimiter.ts:81:15)

    console.log
      [RateLimiter.getInstance] called with config: undefined current instance: RateLimiter {
        config: {
          maxRequestsPerMinute: 30,
          maxRequestsPerHour: 300,
          maxConcurrentRequests: 5,
          cooldownPeriod: 2000
        },
        requests: [],
        activeRequests: 0,
        userLastRequest: Map(0) {},
        userActiveRequests: Map(0) {},
        _now: [Function (anonymous)]
      }

      at Function.getInstance (server/src/automation/utils/RateLimiter.ts:73:13)

    console.log
      [RateLimiter.getInstance] Returning existing instance

      at Function.getInstance (server/src/automation/utils/RateLimiter.ts:81:15)

    console.log
      [RateLimiter.getInstance] called with config: undefined current instance: RateLimiter {
        config: {
          maxRequestsPerMinute: 30,
          maxRequestsPerHour: 300,
          maxConcurrentRequests: 5,
          cooldownPeriod: 2000
        },
        requests: [],
        activeRequests: 0,
        userLastRequest: Map(0) {},
        userActiveRequests: Map(0) {},
        _now: [Function (anonymous)]
      }

      at Function.getInstance (server/src/automation/utils/RateLimiter.ts:73:13)

    console.log
      [RateLimiter.getInstance] Returning existing instance

      at Function.getInstance (server/src/automation/utils/RateLimiter.ts:81:15)

    console.log
      [acquireToken] BEFORE {
        userId: 'test-user-123',
        now: '2025-04-27T07:41:54.319Z',
        beforeMinute: 0,
        beforeHour: 0
      }

      at RateLimiter.acquireToken (server/src/automation/utils/RateLimiter.ts:203:13)

    console.log
      [acquireToken] AFTER {
        userId: 'test-user-123',
        now: '2025-04-27T07:41:54.319Z',
        afterMinute: 1,
        afterHour: 1,
        userReqs: [ '2025-04-27T07:41:54.319Z' ]
      }

      at RateLimiter.acquireToken (server/src/automation/utils/RateLimiter.ts:223:13)

    console.log
      [RateLimiter.getInstance] called with config: undefined current instance: RateLimiter {
        config: {
          maxRequestsPerMinute: 30,
          maxRequestsPerHour: 300,
          maxConcurrentRequests: 5,
          cooldownPeriod: 2000
        },
        requests: [ { timestamp: 2025-04-27T07:41:54.319Z, userId: 'test-user-123' } ],
        activeRequests: 0,
        userLastRequest: Map(1) { 'test-user-123' => 2025-04-27T07:41:54.319Z },
        userActiveRequests: Map(1) { 'test-user-123' => 0 },
        _now: [Function (anonymous)]
      }

      at Function.getInstance (server/src/automation/utils/RateLimiter.ts:73:13)

    console.log
      [RateLimiter.getInstance] Returning existing instance

      at Function.getInstance (server/src/automation/utils/RateLimiter.ts:81:15)

    console.log
      [RateLimiter.getInstance] called with config: undefined current instance: RateLimiter {
        config: {
          maxRequestsPerMinute: 30,
          maxRequestsPerHour: 300,
          maxConcurrentRequests: 5,
          cooldownPeriod: 2000
        },
        requests: [],
        activeRequests: 0,
        userLastRequest: Map(0) {},
        userActiveRequests: Map(0) {},
        _now: [Function (anonymous)]
      }

      at Function.getInstance (server/src/automation/utils/RateLimiter.ts:73:13)

    console.log
      [RateLimiter.getInstance] Returning existing instance

      at Function.getInstance (server/src/automation/utils/RateLimiter.ts:81:15)

    console.log
      [RateLimiter.getInstance] called with config: undefined current instance: RateLimiter {
        config: {
          maxRequestsPerMinute: 30,
          maxRequestsPerHour: 300,
          maxConcurrentRequests: 5,
          cooldownPeriod: 2000
        },
        requests: [],
        activeRequests: 0,
        userLastRequest: Map(0) {},
        userActiveRequests: Map(0) {},
        _now: [Function (anonymous)]
      }

      at Function.getInstance (server/src/automation/utils/RateLimiter.ts:73:13)

    console.log
      [RateLimiter.getInstance] Returning existing instance

      at Function.getInstance (server/src/automation/utils/RateLimiter.ts:81:15)

    console.log
      [acquireToken] BEFORE {
        userId: 'test-user-123',
        now: '2025-04-27T07:41:54.326Z',
        beforeMinute: 0,
        beforeHour: 0
      }

      at RateLimiter.acquireToken (server/src/automation/utils/RateLimiter.ts:203:13)

    console.log
      [acquireToken] AFTER {
        userId: 'test-user-123',
        now: '2025-04-27T07:41:54.326Z',
        afterMinute: 1,
        afterHour: 1,
        userReqs: [ '2025-04-27T07:41:54.326Z' ]
      }

      at RateLimiter.acquireToken (server/src/automation/utils/RateLimiter.ts:223:13)

    console.log
      [RateLimiter.getInstance] called with config: undefined current instance: RateLimiter {
        config: {
          maxRequestsPerMinute: 30,
          maxRequestsPerHour: 300,
          maxConcurrentRequests: 5,
          cooldownPeriod: 2000
        },
        requests: [ { timestamp: 2025-04-27T07:41:54.326Z, userId: 'test-user-123' } ],
        activeRequests: 0,
        userLastRequest: Map(1) { 'test-user-123' => 2025-04-27T07:41:54.326Z },
        userActiveRequests: Map(1) { 'test-user-123' => 0 },
        _now: [Function (anonymous)]
      }

      at Function.getInstance (server/src/automation/utils/RateLimiter.ts:73:13)

    console.log
      [RateLimiter.getInstance] Returning existing instance

      at Function.getInstance (server/src/automation/utils/RateLimiter.ts:81:15)

    console.log
      [RateLimiter.getInstance] called with config: undefined current instance: RateLimiter {
        config: {
          maxRequestsPerMinute: 30,
          maxRequestsPerHour: 300,
          maxConcurrentRequests: 5,
          cooldownPeriod: 2000
        },
        requests: [],
        activeRequests: 0,
        userLastRequest: Map(0) {},
        userActiveRequests: Map(0) {},
        _now: [Function (anonymous)]
      }

      at Function.getInstance (server/src/automation/utils/RateLimiter.ts:73:13)

    console.log
      [RateLimiter.getInstance] Returning existing instance

      at Function.getInstance (server/src/automation/utils/RateLimiter.ts:81:15)

    console.log
      [RateLimiter.getInstance] called with config: undefined current instance: RateLimiter {
        config: {
          maxRequestsPerMinute: 30,
          maxRequestsPerHour: 300,
          maxConcurrentRequests: 5,
          cooldownPeriod: 2000
        },
        requests: [],
        activeRequests: 0,
        userLastRequest: Map(0) {},
        userActiveRequests: Map(0) {},
        _now: [Function (anonymous)]
      }

      at Function.getInstance (server/src/automation/utils/RateLimiter.ts:73:13)

    console.log
      [RateLimiter.getInstance] Returning existing instance

      at Function.getInstance (server/src/automation/utils/RateLimiter.ts:81:15)

    console.log
      [acquireToken] BEFORE {
        userId: 'test-user-123',
        now: '2025-04-27T07:41:54.338Z',
        beforeMinute: 0,
        beforeHour: 0
      }

      at RateLimiter.acquireToken (server/src/automation/utils/RateLimiter.ts:203:13)

    console.log
      [acquireToken] AFTER {
        userId: 'test-user-123',
        now: '2025-04-27T07:41:54.338Z',
        afterMinute: 1,
        afterHour: 1,
        userReqs: [ '2025-04-27T07:41:54.338Z' ]
      }

      at RateLimiter.acquireToken (server/src/automation/utils/RateLimiter.ts:223:13)

    console.log
      [RateLimiter.getInstance] called with config: undefined current instance: RateLimiter {
        config: {
          maxRequestsPerMinute: 30,
          maxRequestsPerHour: 300,
          maxConcurrentRequests: 5,
          cooldownPeriod: 2000
        },
        requests: [ { timestamp: 2025-04-27T07:41:54.338Z, userId: 'test-user-123' } ],
        activeRequests: 0,
        userLastRequest: Map(1) { 'test-user-123' => 2025-04-27T07:41:54.338Z },
        userActiveRequests: Map(1) { 'test-user-123' => 0 },
        _now: [Function (anonymous)]
      }

      at Function.getInstance (server/src/automation/utils/RateLimiter.ts:73:13)

    console.log
      [RateLimiter.getInstance] Returning existing instance

      at Function.getInstance (server/src/automation/utils/RateLimiter.ts:81:15)

    console.log
      [RateLimiter.getInstance] called with config: undefined current instance: RateLimiter {
        config: {
          maxRequestsPerMinute: 30,
          maxRequestsPerHour: 300,
          maxConcurrentRequests: 5,
          cooldownPeriod: 2000
        },
        requests: [],
        activeRequests: 0,
        userLastRequest: Map(0) {},
        userActiveRequests: Map(0) {},
        _now: [Function (anonymous)]
      }

      at Function.getInstance (server/src/automation/utils/RateLimiter.ts:73:13)

    console.log
      [RateLimiter.getInstance] Returning existing instance

      at Function.getInstance (server/src/automation/utils/RateLimiter.ts:81:15)

    console.log
      [RateLimiter.getInstance] called with config: undefined current instance: RateLimiter {
        config: {
          maxRequestsPerMinute: 30,
          maxRequestsPerHour: 300,
          maxConcurrentRequests: 5,
          cooldownPeriod: 2000
        },
        requests: [],
        activeRequests: 0,
        userLastRequest: Map(0) {},
        userActiveRequests: Map(0) {},
        _now: [Function (anonymous)]
      }

      at Function.getInstance (server/src/automation/utils/RateLimiter.ts:73:13)

    console.log
      [RateLimiter.getInstance] Returning existing instance

      at Function.getInstance (server/src/automation/utils/RateLimiter.ts:81:15)

    console.log
      [acquireToken] BEFORE {
        userId: 'test-user-123',
        now: '2025-04-27T07:41:54.350Z',
        beforeMinute: 0,
        beforeHour: 0
      }

      at RateLimiter.acquireToken (server/src/automation/utils/RateLimiter.ts:203:13)

    console.log
      [acquireToken] AFTER {
        userId: 'test-user-123',
        now: '2025-04-27T07:41:54.350Z',
        afterMinute: 1,
        afterHour: 1,
        userReqs: [ '2025-04-27T07:41:54.350Z' ]
      }

      at RateLimiter.acquireToken (server/src/automation/utils/RateLimiter.ts:223:13)

    console.log
      [RateLimiter.getInstance] called with config: undefined current instance: RateLimiter {
        config: {
          maxRequestsPerMinute: 30,
          maxRequestsPerHour: 300,
          maxConcurrentRequests: 5,
          cooldownPeriod: 2000
        },
        requests: [ { timestamp: 2025-04-27T07:41:54.350Z, userId: 'test-user-123' } ],
        activeRequests: 0,
        userLastRequest: Map(1) { 'test-user-123' => 2025-04-27T07:41:54.350Z },
        userActiveRequests: Map(1) { 'test-user-123' => 0 },
        _now: [Function (anonymous)]
      }

      at Function.getInstance (server/src/automation/utils/RateLimiter.ts:73:13)

    console.log
      [RateLimiter.getInstance] Returning existing instance

      at Function.getInstance (server/src/automation/utils/RateLimiter.ts:81:15)

    console.log
      [RateLimiter.getInstance] called with config: undefined current instance: RateLimiter {
        config: {
          maxRequestsPerMinute: 30,
          maxRequestsPerHour: 300,
          maxConcurrentRequests: 5,
          cooldownPeriod: 2000
        },
        requests: [],
        activeRequests: 0,
        userLastRequest: Map(0) {},
        userActiveRequests: Map(0) {},
        _now: [Function (anonymous)]
      }

      at Function.getInstance (server/src/automation/utils/RateLimiter.ts:73:13)

    console.log
      [RateLimiter.getInstance] Returning existing instance

      at Function.getInstance (server/src/automation/utils/RateLimiter.ts:81:15)

    console.log
      [RateLimiter.getInstance] called with config: undefined current instance: RateLimiter {
        config: {
          maxRequestsPerMinute: 30,
          maxRequestsPerHour: 300,
          maxConcurrentRequests: 5,
          cooldownPeriod: 2000
        },
        requests: [],
        activeRequests: 0,
        userLastRequest: Map(0) {},
        userActiveRequests: Map(0) {},
        _now: [Function (anonymous)]
      }

      at Function.getInstance (server/src/automation/utils/RateLimiter.ts:73:13)

    console.log
      [RateLimiter.getInstance] Returning existing instance

      at Function.getInstance (server/src/automation/utils/RateLimiter.ts:81:15)

    console.log
      [RateLimiter.getInstance] called with config: undefined current instance: RateLimiter {
        config: {
          maxRequestsPerMinute: 30,
          maxRequestsPerHour: 300,
          maxConcurrentRequests: 5,
          cooldownPeriod: 2000
        },
        requests: [],
        activeRequests: 0,
        userLastRequest: Map(0) {},
        userActiveRequests: Map(0) {},
        _now: [Function (anonymous)]
      }

      at Function.getInstance (server/src/automation/utils/RateLimiter.ts:73:13)

    console.log
      [RateLimiter.getInstance] Returning existing instance

      at Function.getInstance (server/src/automation/utils/RateLimiter.ts:81:15)

    console.log
      [RateLimiter.getInstance] called with config: undefined current instance: RateLimiter {
        config: {
          maxRequestsPerMinute: 30,
          maxRequestsPerHour: 300,
          maxConcurrentRequests: 5,
          cooldownPeriod: 2000
        },
        requests: [],
        activeRequests: 0,
        userLastRequest: Map(0) {},
        userActiveRequests: Map(0) {},
        _now: [Function (anonymous)]
      }

      at Function.getInstance (server/src/automation/utils/RateLimiter.ts:73:13)

    console.log
      [RateLimiter.getInstance] Returning existing instance

      at Function.getInstance (server/src/automation/utils/RateLimiter.ts:81:15)

    console.log
      [RateLimiter.getInstance] called with config: undefined current instance: RateLimiter {
        config: {
          maxRequestsPerMinute: 30,
          maxRequestsPerHour: 300,
          maxConcurrentRequests: 5,
          cooldownPeriod: 2000
        },
        requests: [],
        activeRequests: 0,
        userLastRequest: Map(0) {},
        userActiveRequests: Map(0) {},
        _now: [Function (anonymous)]
      }

      at Function.getInstance (server/src/automation/utils/RateLimiter.ts:73:13)

    console.log
      [RateLimiter.getInstance] Returning existing instance

      at Function.getInstance (server/src/automation/utils/RateLimiter.ts:81:15)

    console.log
      [acquireToken] BEFORE {
        userId: 'test-user-123',
        now: '2025-04-27T07:41:54.377Z',
        beforeMinute: 0,
        beforeHour: 0
      }

      at RateLimiter.acquireToken (server/src/automation/utils/RateLimiter.ts:203:13)

    console.log
      [acquireToken] AFTER {
        userId: 'test-user-123',
        now: '2025-04-27T07:41:54.377Z',
        afterMinute: 1,
        afterHour: 1,
        userReqs: [ '2025-04-27T07:41:54.377Z' ]
      }

      at RateLimiter.acquireToken (server/src/automation/utils/RateLimiter.ts:223:13)

    console.log
      [RateLimiter.getInstance] called with config: undefined current instance: RateLimiter {
        config: {
          maxRequestsPerMinute: 30,
          maxRequestsPerHour: 300,
          maxConcurrentRequests: 5,
          cooldownPeriod: 2000
        },
        requests: [ { timestamp: 2025-04-27T07:41:54.377Z, userId: 'test-user-123' } ],
        activeRequests: 0,
        userLastRequest: Map(1) { 'test-user-123' => 2025-04-27T07:41:54.377Z },
        userActiveRequests: Map(1) { 'test-user-123' => 0 },
        _now: [Function (anonymous)]
      }

      at Function.getInstance (server/src/automation/utils/RateLimiter.ts:73:13)

    console.log
      [RateLimiter.getInstance] Returning existing instance

      at Function.getInstance (server/src/automation/utils/RateLimiter.ts:81:15)

    console.log
      [RateLimiter.getInstance] called with config: undefined current instance: RateLimiter {
        config: {
          maxRequestsPerMinute: 30,
          maxRequestsPerHour: 300,
          maxConcurrentRequests: 5,
          cooldownPeriod: 2000
        },
        requests: [],
        activeRequests: 0,
        userLastRequest: Map(0) {},
        userActiveRequests: Map(0) {},
        _now: [Function (anonymous)]
      }

      at Function.getInstance (server/src/automation/utils/RateLimiter.ts:73:13)

    console.log
      [RateLimiter.getInstance] Returning existing instance

      at Function.getInstance (server/src/automation/utils/RateLimiter.ts:81:15)

    console.log
      [RateLimiter.getInstance] called with config: undefined current instance: RateLimiter {
        config: {
          maxRequestsPerMinute: 30,
          maxRequestsPerHour: 300,
          maxConcurrentRequests: 5,
          cooldownPeriod: 2000
        },
        requests: [],
        activeRequests: 0,
        userLastRequest: Map(0) {},
        userActiveRequests: Map(0) {},
        _now: [Function (anonymous)]
      }

      at Function.getInstance (server/src/automation/utils/RateLimiter.ts:73:13)

    console.log
      [RateLimiter.getInstance] Returning existing instance

      at Function.getInstance (server/src/automation/utils/RateLimiter.ts:81:15)

    console.log
      [RateLimiter.getInstance] called with config: undefined current instance: RateLimiter {
        config: {
          maxRequestsPerMinute: 30,
          maxRequestsPerHour: 300,
          maxConcurrentRequests: 5,
          cooldownPeriod: 2000
        },
        requests: [],
        activeRequests: 0,
        userLastRequest: Map(0) {},
        userActiveRequests: Map(0) {},
        _now: [Function (anonymous)]
      }

      at Function.getInstance (server/src/automation/utils/RateLimiter.ts:73:13)

    console.log
      [RateLimiter.getInstance] Returning existing instance

      at Function.getInstance (server/src/automation/utils/RateLimiter.ts:81:15)

    console.log
      [RateLimiter.getInstance] called with config: undefined current instance: RateLimiter {
        config: {
          maxRequestsPerMinute: 30,
          maxRequestsPerHour: 300,
          maxConcurrentRequests: 5,
          cooldownPeriod: 2000
        },
        requests: [],
        activeRequests: 0,
        userLastRequest: Map(0) {},
        userActiveRequests: Map(0) {},
        _now: [Function (anonymous)]
      }

      at Function.getInstance (server/src/automation/utils/RateLimiter.ts:73:13)

    console.log
      [RateLimiter.getInstance] Returning existing instance

      at Function.getInstance (server/src/automation/utils/RateLimiter.ts:81:15)

    console.log
      [RateLimiter.getInstance] called with config: undefined current instance: RateLimiter {
        config: {
          maxRequestsPerMinute: 30,
          maxRequestsPerHour: 300,
          maxConcurrentRequests: 5,
          cooldownPeriod: 2000
        },
        requests: [],
        activeRequests: 0,
        userLastRequest: Map(0) {},
        userActiveRequests: Map(0) {},
        _now: [Function (anonymous)]
      }

      at Function.getInstance (server/src/automation/utils/RateLimiter.ts:73:13)

    console.log
      [RateLimiter.getInstance] Returning existing instance

      at Function.getInstance (server/src/automation/utils/RateLimiter.ts:81:15)

    console.log
      [acquireToken] BEFORE {
        userId: 'test-user-123',
        now: '2025-04-27T07:41:54.387Z',
        beforeMinute: 0,
        beforeHour: 0
      }

      at RateLimiter.acquireToken (server/src/automation/utils/RateLimiter.ts:203:13)

    console.log
      [acquireToken] AFTER {
        userId: 'test-user-123',
        now: '2025-04-27T07:41:54.387Z',
        afterMinute: 1,
        afterHour: 1,
        userReqs: [ '2025-04-27T07:41:54.387Z' ]
      }

      at RateLimiter.acquireToken (server/src/automation/utils/RateLimiter.ts:223:13)

    console.log
      [RateLimiter.getInstance] called with config: undefined current instance: RateLimiter {
        config: {
          maxRequestsPerMinute: 30,
          maxRequestsPerHour: 300,
          maxConcurrentRequests: 5,
          cooldownPeriod: 2000
        },
        requests: [ { timestamp: 2025-04-27T07:41:54.387Z, userId: 'test-user-123' } ],
        activeRequests: 0,
        userLastRequest: Map(1) { 'test-user-123' => 2025-04-27T07:41:54.387Z },
        userActiveRequests: Map(1) { 'test-user-123' => 0 },
        _now: [Function (anonymous)]
      }

      at Function.getInstance (server/src/automation/utils/RateLimiter.ts:73:13)

    console.log
      [RateLimiter.getInstance] Returning existing instance

      at Function.getInstance (server/src/automation/utils/RateLimiter.ts:81:15)

    console.log
      [RateLimiter.getInstance] called with config: undefined current instance: RateLimiter {
        config: {
          maxRequestsPerMinute: 30,
          maxRequestsPerHour: 300,
          maxConcurrentRequests: 5,
          cooldownPeriod: 2000
        },
        requests: [],
        activeRequests: 0,
        userLastRequest: Map(0) {},
        userActiveRequests: Map(0) {},
        _now: [Function (anonymous)]
      }

      at Function.getInstance (server/src/automation/utils/RateLimiter.ts:73:13)

    console.log
      [RateLimiter.getInstance] Returning existing instance

      at Function.getInstance (server/src/automation/utils/RateLimiter.ts:81:15)

    console.log
      [RateLimiter.getInstance] called with config: undefined current instance: RateLimiter {
        config: {
          maxRequestsPerMinute: 30,
          maxRequestsPerHour: 300,
          maxConcurrentRequests: 5,
          cooldownPeriod: 2000
        },
        requests: [],
        activeRequests: 0,
        userLastRequest: Map(0) {},
        userActiveRequests: Map(0) {},
        _now: [Function (anonymous)]
      }

      at Function.getInstance (server/src/automation/utils/RateLimiter.ts:73:13)

    console.log
      [RateLimiter.getInstance] Returning existing instance

      at Function.getInstance (server/src/automation/utils/RateLimiter.ts:81:15)

    console.log
      [acquireToken] BEFORE {
        userId: 'test-user-123',
        now: '2025-04-27T07:41:54.403Z',
        beforeMinute: 0,
        beforeHour: 0
      }

      at RateLimiter.acquireToken (server/src/automation/utils/RateLimiter.ts:203:13)

    console.log
      [acquireToken] AFTER {
        userId: 'test-user-123',
        now: '2025-04-27T07:41:54.403Z',
        afterMinute: 1,
        afterHour: 1,
        userReqs: [ '2025-04-27T07:41:54.403Z' ]
      }

      at RateLimiter.acquireToken (server/src/automation/utils/RateLimiter.ts:223:13)

    console.log
      [RateLimiter.getInstance] called with config: undefined current instance: RateLimiter {
        config: {
          maxRequestsPerMinute: 30,
          maxRequestsPerHour: 300,
          maxConcurrentRequests: 5,
          cooldownPeriod: 2000
        },
        requests: [ { timestamp: 2025-04-27T07:41:54.403Z, userId: 'test-user-123' } ],
        activeRequests: 0,
        userLastRequest: Map(1) { 'test-user-123' => 2025-04-27T07:41:54.403Z },
        userActiveRequests: Map(1) { 'test-user-123' => 0 },
        _now: [Function (anonymous)]
      }

      at Function.getInstance (server/src/automation/utils/RateLimiter.ts:73:13)

    console.log
      [RateLimiter.getInstance] Returning existing instance

      at Function.getInstance (server/src/automation/utils/RateLimiter.ts:81:15)

    console.log
      [RateLimiter.getInstance] called with config: undefined current instance: RateLimiter {
        config: {
          maxRequestsPerMinute: 30,
          maxRequestsPerHour: 300,
          maxConcurrentRequests: 5,
          cooldownPeriod: 2000
        },
        requests: [],
        activeRequests: 0,
        userLastRequest: Map(0) {},
        userActiveRequests: Map(0) {},
        _now: [Function (anonymous)]
      }

      at Function.getInstance (server/src/automation/utils/RateLimiter.ts:73:13)

    console.log
      [RateLimiter.getInstance] Returning existing instance

      at Function.getInstance (server/src/automation/utils/RateLimiter.ts:81:15)

    console.log
      [RateLimiter.getInstance] called with config: undefined current instance: RateLimiter {
        config: {
          maxRequestsPerMinute: 30,
          maxRequestsPerHour: 300,
          maxConcurrentRequests: 5,
          cooldownPeriod: 2000
        },
        requests: [],
        activeRequests: 0,
        userLastRequest: Map(0) {},
        userActiveRequests: Map(0) {},
        _now: [Function (anonymous)]
      }

      at Function.getInstance (server/src/automation/utils/RateLimiter.ts:73:13)

    console.log
      [RateLimiter.getInstance] Returning existing instance

      at Function.getInstance (server/src/automation/utils/RateLimiter.ts:81:15)

    console.log
      [acquireToken] BEFORE {
        userId: 'test-user-123',
        now: '2025-04-27T07:41:54.407Z',
        beforeMinute: 0,
        beforeHour: 0
      }

      at RateLimiter.acquireToken (server/src/automation/utils/RateLimiter.ts:203:13)

    console.log
      [acquireToken] AFTER {
        userId: 'test-user-123',
        now: '2025-04-27T07:41:54.407Z',
        afterMinute: 1,
        afterHour: 1,
        userReqs: [ '2025-04-27T07:41:54.407Z' ]
      }

      at RateLimiter.acquireToken (server/src/automation/utils/RateLimiter.ts:223:13)

    console.log
      [RateLimiter.getInstance] called with config: undefined current instance: RateLimiter {
        config: {
          maxRequestsPerMinute: 30,
          maxRequestsPerHour: 300,
          maxConcurrentRequests: 5,
          cooldownPeriod: 2000
        },
        requests: [ { timestamp: 2025-04-27T07:41:54.407Z, userId: 'test-user-123' } ],
        activeRequests: 0,
        userLastRequest: Map(1) { 'test-user-123' => 2025-04-27T07:41:54.407Z },
        userActiveRequests: Map(1) { 'test-user-123' => 0 },
        _now: [Function (anonymous)]
      }

      at Function.getInstance (server/src/automation/utils/RateLimiter.ts:73:13)

    console.log
      [RateLimiter.getInstance] Returning existing instance

      at Function.getInstance (server/src/automation/utils/RateLimiter.ts:81:15)

    console.log
      [RateLimiter.getInstance] called with config: undefined current instance: RateLimiter {
        config: {
          maxRequestsPerMinute: 30,
          maxRequestsPerHour: 300,
          maxConcurrentRequests: 5,
          cooldownPeriod: 2000
        },
        requests: [],
        activeRequests: 0,
        userLastRequest: Map(0) {},
        userActiveRequests: Map(0) {},
        _now: [Function (anonymous)]
      }

      at Function.getInstance (server/src/automation/utils/RateLimiter.ts:73:13)

    console.log
      [RateLimiter.getInstance] Returning existing instance

      at Function.getInstance (server/src/automation/utils/RateLimiter.ts:81:15)

    console.log
      [RateLimiter.getInstance] called with config: undefined current instance: RateLimiter {
        config: {
          maxRequestsPerMinute: 30,
          maxRequestsPerHour: 300,
          maxConcurrentRequests: 5,
          cooldownPeriod: 2000
        },
        requests: [],
        activeRequests: 0,
        userLastRequest: Map(0) {},
        userActiveRequests: Map(0) {},
        _now: [Function (anonymous)]
      }

      at Function.getInstance (server/src/automation/utils/RateLimiter.ts:73:13)

    console.log
      [RateLimiter.getInstance] Returning existing instance

      at Function.getInstance (server/src/automation/utils/RateLimiter.ts:81:15)

    console.log
      [acquireToken] BEFORE {
        userId: 'test-user-123',
        now: '2025-04-27T07:41:54.411Z',
        beforeMinute: 0,
        beforeHour: 0
      }

      at RateLimiter.acquireToken (server/src/automation/utils/RateLimiter.ts:203:13)

    console.log
      [acquireToken] AFTER {
        userId: 'test-user-123',
        now: '2025-04-27T07:41:54.411Z',
        afterMinute: 1,
        afterHour: 1,
        userReqs: [ '2025-04-27T07:41:54.411Z' ]
      }

      at RateLimiter.acquireToken (server/src/automation/utils/RateLimiter.ts:223:13)

    console.log
      [RateLimiter.getInstance] called with config: undefined current instance: RateLimiter {
        config: {
          maxRequestsPerMinute: 30,
          maxRequestsPerHour: 300,
          maxConcurrentRequests: 5,
          cooldownPeriod: 2000
        },
        requests: [ { timestamp: 2025-04-27T07:41:54.411Z, userId: 'test-user-123' } ],
        activeRequests: 0,
        userLastRequest: Map(1) { 'test-user-123' => 2025-04-27T07:41:54.411Z },
        userActiveRequests: Map(1) { 'test-user-123' => 0 },
        _now: [Function (anonymous)]
      }

      at Function.getInstance (server/src/automation/utils/RateLimiter.ts:73:13)

    console.log
      [RateLimiter.getInstance] Returning existing instance

      at Function.getInstance (server/src/automation/utils/RateLimiter.ts:81:15)

    console.log
      [RateLimiter.getInstance] called with config: undefined current instance: RateLimiter {
        config: {
          maxRequestsPerMinute: 30,
          maxRequestsPerHour: 300,
          maxConcurrentRequests: 5,
          cooldownPeriod: 2000
        },
        requests: [],
        activeRequests: 0,
        userLastRequest: Map(0) {},
        userActiveRequests: Map(0) {},
        _now: [Function (anonymous)]
      }

      at Function.getInstance (server/src/automation/utils/RateLimiter.ts:73:13)

    console.log
      [RateLimiter.getInstance] Returning existing instance

      at Function.getInstance (server/src/automation/utils/RateLimiter.ts:81:15)

    console.log
      [RateLimiter.getInstance] called with config: undefined current instance: RateLimiter {
        config: {
          maxRequestsPerMinute: 30,
          maxRequestsPerHour: 300,
          maxConcurrentRequests: 5,
          cooldownPeriod: 2000
        },
        requests: [],
        activeRequests: 0,
        userLastRequest: Map(0) {},
        userActiveRequests: Map(0) {},
        _now: [Function (anonymous)]
      }

      at Function.getInstance (server/src/automation/utils/RateLimiter.ts:73:13)

    console.log
      [RateLimiter.getInstance] Returning existing instance

      at Function.getInstance (server/src/automation/utils/RateLimiter.ts:81:15)

    console.log
      [acquireToken] BEFORE {
        userId: 'test-user-123',
        now: '2025-04-27T07:41:54.417Z',
        beforeMinute: 0,
        beforeHour: 0
      }

      at RateLimiter.acquireToken (server/src/automation/utils/RateLimiter.ts:203:13)

    console.log
      [acquireToken] AFTER {
        userId: 'test-user-123',
        now: '2025-04-27T07:41:54.417Z',
        afterMinute: 1,
        afterHour: 1,
        userReqs: [ '2025-04-27T07:41:54.417Z' ]
      }

      at RateLimiter.acquireToken (server/src/automation/utils/RateLimiter.ts:223:13)

    console.log
      [RateLimiter.getInstance] called with config: undefined current instance: RateLimiter {
        config: {
          maxRequestsPerMinute: 30,
          maxRequestsPerHour: 300,
          maxConcurrentRequests: 5,
          cooldownPeriod: 2000
        },
        requests: [ { timestamp: 2025-04-27T07:41:54.417Z, userId: 'test-user-123' } ],
        activeRequests: 0,
        userLastRequest: Map(1) { 'test-user-123' => 2025-04-27T07:41:54.417Z },
        userActiveRequests: Map(1) { 'test-user-123' => 0 },
        _now: [Function (anonymous)]
      }

      at Function.getInstance (server/src/automation/utils/RateLimiter.ts:73:13)

    console.log
      [RateLimiter.getInstance] Returning existing instance

      at Function.getInstance (server/src/automation/utils/RateLimiter.ts:81:15)

    console.log
      [RateLimiter.getInstance] called with config: undefined current instance: RateLimiter {
        config: {
          maxRequestsPerMinute: 30,
          maxRequestsPerHour: 300,
          maxConcurrentRequests: 5,
          cooldownPeriod: 2000
        },
        requests: [],
        activeRequests: 0,
        userLastRequest: Map(0) {},
        userActiveRequests: Map(0) {},
        _now: [Function (anonymous)]
      }

      at Function.getInstance (server/src/automation/utils/RateLimiter.ts:73:13)

    console.log
      [RateLimiter.getInstance] Returning existing instance

      at Function.getInstance (server/src/automation/utils/RateLimiter.ts:81:15)

    console.log
      [RateLimiter.getInstance] called with config: undefined current instance: RateLimiter {
        config: {
          maxRequestsPerMinute: 30,
          maxRequestsPerHour: 300,
          maxConcurrentRequests: 5,
          cooldownPeriod: 2000
        },
        requests: [],
        activeRequests: 0,
        userLastRequest: Map(0) {},
        userActiveRequests: Map(0) {},
        _now: [Function (anonymous)]
      }

      at Function.getInstance (server/src/automation/utils/RateLimiter.ts:73:13)

    console.log
      [RateLimiter.getInstance] Returning existing instance

      at Function.getInstance (server/src/automation/utils/RateLimiter.ts:81:15)

    console.log
      [RateLimiter.getInstance] called with config: undefined current instance: RateLimiter {
        config: {
          maxRequestsPerMinute: 30,
          maxRequestsPerHour: 300,
          maxConcurrentRequests: 5,
          cooldownPeriod: 2000
        },
        requests: [],
        activeRequests: 0,
        userLastRequest: Map(0) {},
        userActiveRequests: Map(0) {},
        _now: [Function (anonymous)]
      }

      at Function.getInstance (server/src/automation/utils/RateLimiter.ts:73:13)

    console.log
      [RateLimiter.getInstance] Returning existing instance

      at Function.getInstance (server/src/automation/utils/RateLimiter.ts:81:15)

    console.log
      [RateLimiter.getInstance] called with config: undefined current instance: RateLimiter {
        config: {
          maxRequestsPerMinute: 30,
          maxRequestsPerHour: 300,
          maxConcurrentRequests: 5,
          cooldownPeriod: 2000
        },
        requests: [],
        activeRequests: 0,
        userLastRequest: Map(0) {},
        userActiveRequests: Map(0) {},
        _now: [Function (anonymous)]
      }

      at Function.getInstance (server/src/automation/utils/RateLimiter.ts:73:13)

    console.log
      [RateLimiter.getInstance] Returning existing instance

      at Function.getInstance (server/src/automation/utils/RateLimiter.ts:81:15)

    console.log
      [RateLimiter.getInstance] called with config: undefined current instance: RateLimiter {
        config: {
          maxRequestsPerMinute: 30,
          maxRequestsPerHour: 300,
          maxConcurrentRequests: 5,
          cooldownPeriod: 2000
        },
        requests: [],
        activeRequests: 0,
        userLastRequest: Map(0) {},
        userActiveRequests: Map(0) {},
        _now: [Function (anonymous)]
      }

      at Function.getInstance (server/src/automation/utils/RateLimiter.ts:73:13)

    console.log
      [RateLimiter.getInstance] Returning existing instance

      at Function.getInstance (server/src/automation/utils/RateLimiter.ts:81:15)

    console.log
      [acquireToken] BEFORE {
        userId: 'test-user-123',
        now: '2025-04-27T07:41:54.430Z',
        beforeMinute: 0,
        beforeHour: 0
      }

      at RateLimiter.acquireToken (server/src/automation/utils/RateLimiter.ts:203:13)

    console.log
      [acquireToken] AFTER {
        userId: 'test-user-123',
        now: '2025-04-27T07:41:54.430Z',
        afterMinute: 1,
        afterHour: 1,
        userReqs: [ '2025-04-27T07:41:54.430Z' ]
      }

      at RateLimiter.acquireToken (server/src/automation/utils/RateLimiter.ts:223:13)

    console.log
      [acquireToken] BEFORE {
        userId: 'test-user-2',
        now: '2025-04-27T07:41:54.431Z',
        beforeMinute: 0,
        beforeHour: 0
      }

      at RateLimiter.acquireToken (server/src/automation/utils/RateLimiter.ts:203:13)

    console.log
      [acquireToken] AFTER {
        userId: 'test-user-2',
        now: '2025-04-27T07:41:54.431Z',
        afterMinute: 1,
        afterHour: 1,
        userReqs: [ '2025-04-27T07:41:54.431Z' ]
      }

      at RateLimiter.acquireToken (server/src/automation/utils/RateLimiter.ts:223:13)

    console.log
      [RateLimiter.getInstance] called with config: undefined current instance: RateLimiter {
        config: {
          maxRequestsPerMinute: 30,
          maxRequestsPerHour: 300,
          maxConcurrentRequests: 5,
          cooldownPeriod: 2000
        },
        requests: [
          { timestamp: 2025-04-27T07:41:54.430Z, userId: 'test-user-123' },
          { timestamp: 2025-04-27T07:41:54.431Z, userId: 'test-user-2' }
        ],
        activeRequests: 0,
        userLastRequest: Map(2) {
          'test-user-123' => 2025-04-27T07:41:54.430Z,
          'test-user-2' => 2025-04-27T07:41:54.431Z
        },
        userActiveRequests: Map(2) { 'test-user-123' => 0, 'test-user-2' => 0 },
        _now: [Function (anonymous)]
      }

      at Function.getInstance (server/src/automation/utils/RateLimiter.ts:73:13)

    console.log
      [RateLimiter.getInstance] Returning existing instance

      at Function.getInstance (server/src/automation/utils/RateLimiter.ts:81:15)

    console.log
      [RateLimiter.getInstance] called with config: undefined current instance: RateLimiter {
        config: {
          maxRequestsPerMinute: 30,
          maxRequestsPerHour: 300,
          maxConcurrentRequests: 5,
          cooldownPeriod: 2000
        },
        requests: [],
        activeRequests: 0,
        userLastRequest: Map(0) {},
        userActiveRequests: Map(0) {},
        _now: [Function (anonymous)]
      }

      at Function.getInstance (server/src/automation/utils/RateLimiter.ts:73:13)

    console.log
      [RateLimiter.getInstance] Returning existing instance

      at Function.getInstance (server/src/automation/utils/RateLimiter.ts:81:15)

    console.log
      [RateLimiter.getInstance] called with config: undefined current instance: RateLimiter {
        config: {
          maxRequestsPerMinute: 30,
          maxRequestsPerHour: 300,
          maxConcurrentRequests: 5,
          cooldownPeriod: 2000
        },
        requests: [],
        activeRequests: 0,
        userLastRequest: Map(0) {},
        userActiveRequests: Map(0) {},
        _now: [Function (anonymous)]
      }

      at Function.getInstance (server/src/automation/utils/RateLimiter.ts:73:13)

    console.log
      [RateLimiter.getInstance] Returning existing instance

      at Function.getInstance (server/src/automation/utils/RateLimiter.ts:81:15)

    console.log
      [acquireToken] BEFORE {
        userId: 'test-user-123',
        now: '2025-04-27T07:41:54.436Z',
        beforeMinute: 0,
        beforeHour: 0
      }

      at RateLimiter.acquireToken (server/src/automation/utils/RateLimiter.ts:203:13)

    console.log
      [acquireToken] AFTER {
        userId: 'test-user-123',
        now: '2025-04-27T07:41:54.436Z',
        afterMinute: 1,
        afterHour: 1,
        userReqs: [ '2025-04-27T07:41:54.436Z' ]
      }

      at RateLimiter.acquireToken (server/src/automation/utils/RateLimiter.ts:223:13)

    console.log
      [acquireToken] BEFORE {
        userId: 'test-user-2',
        now: '2025-04-27T07:41:54.437Z',
        beforeMinute: 0,
        beforeHour: 0
      }

      at RateLimiter.acquireToken (server/src/automation/utils/RateLimiter.ts:203:13)

    console.log
      [acquireToken] AFTER {
        userId: 'test-user-2',
        now: '2025-04-27T07:41:54.437Z',
        afterMinute: 1,
        afterHour: 1,
        userReqs: [ '2025-04-27T07:41:54.437Z' ]
      }

      at RateLimiter.acquireToken (server/src/automation/utils/RateLimiter.ts:223:13)

    console.log
      [RateLimiter.getInstance] called with config: undefined current instance: RateLimiter {
        config: {
          maxRequestsPerMinute: 30,
          maxRequestsPerHour: 300,
          maxConcurrentRequests: 5,
          cooldownPeriod: 2000
        },
        requests: [
          { timestamp: 2025-04-27T07:41:54.436Z, userId: 'test-user-123' },
          { timestamp: 2025-04-27T07:41:54.437Z, userId: 'test-user-2' }
        ],
        activeRequests: 0,
        userLastRequest: Map(2) {
          'test-user-123' => 2025-04-27T07:41:54.436Z,
          'test-user-2' => 2025-04-27T07:41:54.437Z
        },
        userActiveRequests: Map(2) { 'test-user-123' => 0, 'test-user-2' => 0 },
        _now: [Function (anonymous)]
      }

      at Function.getInstance (server/src/automation/utils/RateLimiter.ts:73:13)

    console.log
      [RateLimiter.getInstance] Returning existing instance

      at Function.getInstance (server/src/automation/utils/RateLimiter.ts:81:15)

    console.log
      [RateLimiter.getInstance] called with config: undefined current instance: RateLimiter {
        config: {
          maxRequestsPerMinute: 30,
          maxRequestsPerHour: 300,
          maxConcurrentRequests: 5,
          cooldownPeriod: 2000
        },
        requests: [],
        activeRequests: 0,
        userLastRequest: Map(0) {},
        userActiveRequests: Map(0) {},
        _now: [Function (anonymous)]
      }

      at Function.getInstance (server/src/automation/utils/RateLimiter.ts:73:13)

    console.log
      [RateLimiter.getInstance] Returning existing instance

      at Function.getInstance (server/src/automation/utils/RateLimiter.ts:81:15)

    console.log
      [RateLimiter.getInstance] called with config: undefined current instance: RateLimiter {
        config: {
          maxRequestsPerMinute: 30,
          maxRequestsPerHour: 300,
          maxConcurrentRequests: 5,
          cooldownPeriod: 2000
        },
        requests: [],
        activeRequests: 0,
        userLastRequest: Map(0) {},
        userActiveRequests: Map(0) {},
        _now: [Function (anonymous)]
      }

      at Function.getInstance (server/src/automation/utils/RateLimiter.ts:73:13)

    console.log
      [RateLimiter.getInstance] Returning existing instance

      at Function.getInstance (server/src/automation/utils/RateLimiter.ts:81:15)

    console.log
      [acquireToken] BEFORE {
        userId: 'test-user-123',
        now: '2025-04-27T07:41:54.459Z',
        beforeMinute: 0,
        beforeHour: 0
      }

      at RateLimiter.acquireToken (server/src/automation/utils/RateLimiter.ts:203:13)

    console.log
      [acquireToken] AFTER {
        userId: 'test-user-123',
        now: '2025-04-27T07:41:54.459Z',
        afterMinute: 1,
        afterHour: 1,
        userReqs: [ '2025-04-27T07:41:54.459Z' ]
      }

      at RateLimiter.acquireToken (server/src/automation/utils/RateLimiter.ts:223:13)

    console.log
      [RateLimiter.getInstance] called with config: undefined current instance: RateLimiter {
        config: {
          maxRequestsPerMinute: 30,
          maxRequestsPerHour: 300,
          maxConcurrentRequests: 5,
          cooldownPeriod: 2000
        },
        requests: [ { timestamp: 2025-04-27T07:41:54.459Z, userId: 'test-user-123' } ],
        activeRequests: 0,
        userLastRequest: Map(1) { 'test-user-123' => 2025-04-27T07:41:54.459Z },
        userActiveRequests: Map(1) { 'test-user-123' => 0 },
        _now: [Function (anonymous)]
      }

      at Function.getInstance (server/src/automation/utils/RateLimiter.ts:73:13)

    console.log
      [RateLimiter.getInstance] Returning existing instance

      at Function.getInstance (server/src/automation/utils/RateLimiter.ts:81:15)

    console.log
      [RateLimiter.getInstance] called with config: undefined current instance: RateLimiter {
        config: {
          maxRequestsPerMinute: 30,
          maxRequestsPerHour: 300,
          maxConcurrentRequests: 5,
          cooldownPeriod: 2000
        },
        requests: [],
        activeRequests: 0,
        userLastRequest: Map(0) {},
        userActiveRequests: Map(0) {},
        _now: [Function (anonymous)]
      }

      at Function.getInstance (server/src/automation/utils/RateLimiter.ts:73:13)

    console.log
      [RateLimiter.getInstance] Returning existing instance

      at Function.getInstance (server/src/automation/utils/RateLimiter.ts:81:15)

    console.log
      [RateLimiter.getInstance] called with config: undefined current instance: RateLimiter {
        config: {
          maxRequestsPerMinute: 30,
          maxRequestsPerHour: 300,
          maxConcurrentRequests: 5,
          cooldownPeriod: 2000
        },
        requests: [],
        activeRequests: 0,
        userLastRequest: Map(0) {},
        userActiveRequests: Map(0) {},
        _now: [Function (anonymous)]
      }

      at Function.getInstance (server/src/automation/utils/RateLimiter.ts:73:13)

    console.log
      [RateLimiter.getInstance] Returning existing instance

      at Function.getInstance (server/src/automation/utils/RateLimiter.ts:81:15)

    console.log
      [acquireToken] BEFORE {
        userId: 'test-user-123',
        now: '2025-04-27T07:41:54.463Z',
        beforeMinute: 0,
        beforeHour: 0
      }

      at RateLimiter.acquireToken (server/src/automation/utils/RateLimiter.ts:203:13)

    console.log
      [acquireToken] AFTER {
        userId: 'test-user-123',
        now: '2025-04-27T07:41:54.463Z',
        afterMinute: 1,
        afterHour: 1,
        userReqs: [ '2025-04-27T07:41:54.463Z' ]
      }

      at RateLimiter.acquireToken (server/src/automation/utils/RateLimiter.ts:223:13)

    console.log
      [RateLimiter.getInstance] called with config: undefined current instance: RateLimiter {
        config: {
          maxRequestsPerMinute: 30,
          maxRequestsPerHour: 300,
          maxConcurrentRequests: 5,
          cooldownPeriod: 2000
        },
        requests: [ { timestamp: 2025-04-27T07:41:54.463Z, userId: 'test-user-123' } ],
        activeRequests: 0,
        userLastRequest: Map(1) { 'test-user-123' => 2025-04-27T07:41:54.463Z },
        userActiveRequests: Map(1) { 'test-user-123' => 0 },
        _now: [Function (anonymous)]
      }

      at Function.getInstance (server/src/automation/utils/RateLimiter.ts:73:13)

    console.log
      [RateLimiter.getInstance] Returning existing instance

      at Function.getInstance (server/src/automation/utils/RateLimiter.ts:81:15)

    console.log
      [RateLimiter.getInstance] called with config: undefined current instance: RateLimiter {
        config: {
          maxRequestsPerMinute: 30,
          maxRequestsPerHour: 300,
          maxConcurrentRequests: 5,
          cooldownPeriod: 2000
        },
        requests: [],
        activeRequests: 0,
        userLastRequest: Map(0) {},
        userActiveRequests: Map(0) {},
        _now: [Function (anonymous)]
      }

      at Function.getInstance (server/src/automation/utils/RateLimiter.ts:73:13)

    console.log
      [RateLimiter.getInstance] Returning existing instance

      at Function.getInstance (server/src/automation/utils/RateLimiter.ts:81:15)

    console.log
      [RateLimiter.getInstance] called with config: undefined current instance: RateLimiter {
        config: {
          maxRequestsPerMinute: 30,
          maxRequestsPerHour: 300,
          maxConcurrentRequests: 5,
          cooldownPeriod: 2000
        },
        requests: [],
        activeRequests: 0,
        userLastRequest: Map(0) {},
        userActiveRequests: Map(0) {},
        _now: [Function (anonymous)]
      }

      at Function.getInstance (server/src/automation/utils/RateLimiter.ts:73:13)

    console.log
      [RateLimiter.getInstance] Returning existing instance

      at Function.getInstance (server/src/automation/utils/RateLimiter.ts:81:15)

    console.log
      [acquireToken] BEFORE {
        userId: 'test-user-123',
        now: '2025-04-27T07:41:54.472Z',
        beforeMinute: 0,
        beforeHour: 0
      }

      at RateLimiter.acquireToken (server/src/automation/utils/RateLimiter.ts:203:13)

    console.log
      [acquireToken] AFTER {
        userId: 'test-user-123',
        now: '2025-04-27T07:41:54.472Z',
        afterMinute: 1,
        afterHour: 1,
        userReqs: [ '2025-04-27T07:41:54.472Z' ]
      }

      at RateLimiter.acquireToken (server/src/automation/utils/RateLimiter.ts:223:13)

    console.log
      [RateLimiter.getInstance] called with config: undefined current instance: RateLimiter {
        config: {
          maxRequestsPerMinute: 30,
          maxRequestsPerHour: 300,
          maxConcurrentRequests: 5,
          cooldownPeriod: 2000
        },
        requests: [ { timestamp: 2025-04-27T07:41:54.472Z, userId: 'test-user-123' } ],
        activeRequests: 0,
        userLastRequest: Map(1) { 'test-user-123' => 2025-04-27T07:41:54.472Z },
        userActiveRequests: Map(1) { 'test-user-123' => 0 },
        _now: [Function (anonymous)]
      }

      at Function.getInstance (server/src/automation/utils/RateLimiter.ts:73:13)

    console.log
      [RateLimiter.getInstance] Returning existing instance

      at Function.getInstance (server/src/automation/utils/RateLimiter.ts:81:15)

    console.log
      [RateLimiter.getInstance] called with config: undefined current instance: RateLimiter {
        config: {
          maxRequestsPerMinute: 30,
          maxRequestsPerHour: 300,
          maxConcurrentRequests: 5,
          cooldownPeriod: 2000
        },
        requests: [],
        activeRequests: 0,
        userLastRequest: Map(0) {},
        userActiveRequests: Map(0) {},
        _now: [Function (anonymous)]
      }

      at Function.getInstance (server/src/automation/utils/RateLimiter.ts:73:13)

    console.log
      [RateLimiter.getInstance] Returning existing instance

      at Function.getInstance (server/src/automation/utils/RateLimiter.ts:81:15)

    console.log
      [RateLimiter.getInstance] called with config: undefined current instance: RateLimiter {
        config: {
          maxRequestsPerMinute: 30,
          maxRequestsPerHour: 300,
          maxConcurrentRequests: 5,
          cooldownPeriod: 2000
        },
        requests: [],
        activeRequests: 0,
        userLastRequest: Map(0) {},
        userActiveRequests: Map(0) {},
        _now: [Function (anonymous)]
      }

      at Function.getInstance (server/src/automation/utils/RateLimiter.ts:73:13)

    console.log
      [RateLimiter.getInstance] Returning existing instance

      at Function.getInstance (server/src/automation/utils/RateLimiter.ts:81:15)

    console.log
      [acquireToken] BEFORE {
        userId: 'test-user-123',
        now: '2025-04-27T07:41:54.478Z',
        beforeMinute: 0,
        beforeHour: 0
      }

      at RateLimiter.acquireToken (server/src/automation/utils/RateLimiter.ts:203:13)

    console.log
      [acquireToken] AFTER {
        userId: 'test-user-123',
        now: '2025-04-27T07:41:54.478Z',
        afterMinute: 1,
        afterHour: 1,
        userReqs: [ '2025-04-27T07:41:54.478Z' ]
      }

      at RateLimiter.acquireToken (server/src/automation/utils/RateLimiter.ts:223:13)

    console.log
      [RateLimiter.getInstance] called with config: undefined current instance: RateLimiter {
        config: {
          maxRequestsPerMinute: 30,
          maxRequestsPerHour: 300,
          maxConcurrentRequests: 5,
          cooldownPeriod: 2000
        },
        requests: [ { timestamp: 2025-04-27T07:41:54.478Z, userId: 'test-user-123' } ],
        activeRequests: 0,
        userLastRequest: Map(1) { 'test-user-123' => 2025-04-27T07:41:54.478Z },
        userActiveRequests: Map(1) { 'test-user-123' => 0 },
        _now: [Function (anonymous)]
      }

      at Function.getInstance (server/src/automation/utils/RateLimiter.ts:73:13)

    console.log
      [RateLimiter.getInstance] Returning existing instance

      at Function.getInstance (server/src/automation/utils/RateLimiter.ts:81:15)

    console.log
      [RateLimiter.getInstance] called with config: undefined current instance: RateLimiter {
        config: {
          maxRequestsPerMinute: 30,
          maxRequestsPerHour: 300,
          maxConcurrentRequests: 5,
          cooldownPeriod: 2000
        },
        requests: [],
        activeRequests: 0,
        userLastRequest: Map(0) {},
        userActiveRequests: Map(0) {},
        _now: [Function (anonymous)]
      }

      at Function.getInstance (server/src/automation/utils/RateLimiter.ts:73:13)

    console.log
      [RateLimiter.getInstance] Returning existing instance

      at Function.getInstance (server/src/automation/utils/RateLimiter.ts:81:15)

    console.log
      [RateLimiter.getInstance] called with config: undefined current instance: RateLimiter {
        config: {
          maxRequestsPerMinute: 30,
          maxRequestsPerHour: 300,
          maxConcurrentRequests: 5,
          cooldownPeriod: 2000
        },
        requests: [],
        activeRequests: 0,
        userLastRequest: Map(0) {},
        userActiveRequests: Map(0) {},
        _now: [Function (anonymous)]
      }

      at Function.getInstance (server/src/automation/utils/RateLimiter.ts:73:13)

    console.log
      [RateLimiter.getInstance] Returning existing instance

      at Function.getInstance (server/src/automation/utils/RateLimiter.ts:81:15)

    console.log
      [acquireToken] BEFORE {
        userId: 'test-user-123',
        now: '2025-04-27T07:41:54.483Z',
        beforeMinute: 0,
        beforeHour: 0
      }

      at RateLimiter.acquireToken (server/src/automation/utils/RateLimiter.ts:203:13)

    console.log
      [acquireToken] AFTER {
        userId: 'test-user-123',
        now: '2025-04-27T07:41:54.483Z',
        afterMinute: 1,
        afterHour: 1,
        userReqs: [ '2025-04-27T07:41:54.483Z' ]
      }

      at RateLimiter.acquireToken (server/src/automation/utils/RateLimiter.ts:223:13)

    console.log
      [RateLimiter.getInstance] called with config: undefined current instance: RateLimiter {
        config: {
          maxRequestsPerMinute: 30,
          maxRequestsPerHour: 300,
          maxConcurrentRequests: 5,
          cooldownPeriod: 2000
        },
        requests: [ { timestamp: 2025-04-27T07:41:54.483Z, userId: 'test-user-123' } ],
        activeRequests: 0,
        userLastRequest: Map(1) { 'test-user-123' => 2025-04-27T07:41:54.483Z },
        userActiveRequests: Map(1) { 'test-user-123' => 0 },
        _now: [Function (anonymous)]
      }

      at Function.getInstance (server/src/automation/utils/RateLimiter.ts:73:13)

    console.log
      [RateLimiter.getInstance] Returning existing instance

      at Function.getInstance (server/src/automation/utils/RateLimiter.ts:81:15)

    console.log
      [RateLimiter.getInstance] called with config: undefined current instance: RateLimiter {
        config: {
          maxRequestsPerMinute: 30,
          maxRequestsPerHour: 300,
          maxConcurrentRequests: 5,
          cooldownPeriod: 2000
        },
        requests: [],
        activeRequests: 0,
        userLastRequest: Map(0) {},
        userActiveRequests: Map(0) {},
        _now: [Function (anonymous)]
      }

      at Function.getInstance (server/src/automation/utils/RateLimiter.ts:73:13)

    console.log
      [RateLimiter.getInstance] Returning existing instance

      at Function.getInstance (server/src/automation/utils/RateLimiter.ts:81:15)

    console.log
      [RateLimiter.getInstance] called with config: undefined current instance: RateLimiter {
        config: {
          maxRequestsPerMinute: 30,
          maxRequestsPerHour: 300,
          maxConcurrentRequests: 5,
          cooldownPeriod: 2000
        },
        requests: [],
        activeRequests: 0,
        userLastRequest: Map(0) {},
        userActiveRequests: Map(0) {},
        _now: [Function (anonymous)]
      }

      at Function.getInstance (server/src/automation/utils/RateLimiter.ts:73:13)

    console.log
      [RateLimiter.getInstance] Returning existing instance

      at Function.getInstance (server/src/automation/utils/RateLimiter.ts:81:15)

    console.log
      [acquireToken] BEFORE {
        userId: 'test-user-123',
        now: '2025-04-27T07:41:54.491Z',
        beforeMinute: 0,
        beforeHour: 0
      }

      at RateLimiter.acquireToken (server/src/automation/utils/RateLimiter.ts:203:13)

    console.log
      [acquireToken] AFTER {
        userId: 'test-user-123',
        now: '2025-04-27T07:41:54.491Z',
        afterMinute: 1,
        afterHour: 1,
        userReqs: [ '2025-04-27T07:41:54.491Z' ]
      }

      at RateLimiter.acquireToken (server/src/automation/utils/RateLimiter.ts:223:13)

    console.log
      [RateLimiter.getInstance] called with config: undefined current instance: RateLimiter {
        config: {
          maxRequestsPerMinute: 30,
          maxRequestsPerHour: 300,
          maxConcurrentRequests: 5,
          cooldownPeriod: 2000
        },
        requests: [ { timestamp: 2025-04-27T07:41:54.491Z, userId: 'test-user-123' } ],
        activeRequests: 0,
        userLastRequest: Map(1) { 'test-user-123' => 2025-04-27T07:41:54.491Z },
        userActiveRequests: Map(1) { 'test-user-123' => 0 },
        _now: [Function (anonymous)]
      }

      at Function.getInstance (server/src/automation/utils/RateLimiter.ts:73:13)

    console.log
      [RateLimiter.getInstance] Returning existing instance

      at Function.getInstance (server/src/automation/utils/RateLimiter.ts:81:15)

    console.log
      [RateLimiter.getInstance] called with config: undefined current instance: RateLimiter {
        config: {
          maxRequestsPerMinute: 30,
          maxRequestsPerHour: 300,
          maxConcurrentRequests: 5,
          cooldownPeriod: 2000
        },
        requests: [],
        activeRequests: 0,
        userLastRequest: Map(0) {},
        userActiveRequests: Map(0) {},
        _now: [Function (anonymous)]
      }

      at Function.getInstance (server/src/automation/utils/RateLimiter.ts:73:13)

    console.log
      [RateLimiter.getInstance] Returning existing instance

      at Function.getInstance (server/src/automation/utils/RateLimiter.ts:81:15)

    console.log
      [RateLimiter.getInstance] called with config: undefined current instance: RateLimiter {
        config: {
          maxRequestsPerMinute: 30,
          maxRequestsPerHour: 300,
          maxConcurrentRequests: 5,
          cooldownPeriod: 2000
        },
        requests: [],
        activeRequests: 0,
        userLastRequest: Map(0) {},
        userActiveRequests: Map(0) {},
        _now: [Function (anonymous)]
      }

      at Function.getInstance (server/src/automation/utils/RateLimiter.ts:73:13)

    console.log
      [RateLimiter.getInstance] Returning existing instance

      at Function.getInstance (server/src/automation/utils/RateLimiter.ts:81:15)

PASS server/src/automation/utils/__tests__/timing.test.ts
FAIL server/dist/src/automation/__tests__/BrowserManager.test.js
  ÔŚĆ BrowserManager ÔÇ║ should check session health

    AutomationError: Rate limit exceeded. Try again after 2025-04-27T07:41:55.927Z

    [0m [90m 208 |[39m             [36mif[39m ([33m![39m[36mawait[39m [36mthis[39m[33m.[39mrateLimiter[33m.[39macquireToken(userId)) {
     [90m 209 |[39m                 [36mconst[39m info [33m=[39m [36mthis[39m[33m.[39mrateLimiter[33m.[39mgetRateLimitInfo(userId)[33m;[39
m
    [31m[1m>[22m[39m[90m 210 |[39m                 [36mthrow[39m [36mnew[39m errors_1[33m.[39m[33mAutomationError[39m([32m`Rate limit exc
eeded. Try again after ${info.nextResetTime.toISOString()}`[39m[33m,[39m errors_1[33m.[39m[33mErrorType[39m[33m.[39m[33mRATE_LIMIT[39m[33m,
[39m [36mtrue[39m)[33m;[39m
     [90m     |[39m                       [31m[1m^[22m[39m
     [90m 211 |[39m             }
     [90m 212 |[39m             [36mtry[39m {
     [90m 213 |[39m                 [36mconst[39m browser [33m=[39m [36mawait[39m playwright_1[33m.[39mchromium[33m.[39mlaunch({[0m

      at server/dist/src/automation/utils/BrowserManager.js:210:23
      at BrowserManager.createSession (server/dist/src/automation/utils/BrowserManager.js:265:20)
      at Object.<anonymous> (server/dist/src/automation/__tests__/BrowserManager.test.js:99:9)

  ÔŚĆ BrowserManager ÔÇ║ should close session successfully

    AutomationError: Rate limit exceeded. Try again after 2025-04-27T07:41:55.927Z

    [0m [90m 208 |[39m             [36mif[39m ([33m![39m[36mawait[39m [36mthis[39m[33m.[39mrateLimiter[33m.[39macquireToken(userId)) {
     [90m 209 |[39m                 [36mconst[39m info [33m=[39m [36mthis[39m[33m.[39mrateLimiter[33m.[39mgetRateLimitInfo(userId)[33m;[39
m
    [31m[1m>[22m[39m[90m 210 |[39m                 [36mthrow[39m [36mnew[39m errors_1[33m.[39m[33mAutomationError[39m([32m`Rate limit exc
eeded. Try again after ${info.nextResetTime.toISOString()}`[39m[33m,[39m errors_1[33m.[39m[33mErrorType[39m[33m.[39m[33mRATE_LIMIT[39m[33m,
[39m [36mtrue[39m)[33m;[39m
     [90m     |[39m                       [31m[1m^[22m[39m
     [90m 211 |[39m             }
     [90m 212 |[39m             [36mtry[39m {
     [90m 213 |[39m                 [36mconst[39m browser [33m=[39m [36mawait[39m playwright_1[33m.[39mchromium[33m.[39mlaunch({[0m

      at server/dist/src/automation/utils/BrowserManager.js:210:23
      at BrowserManager.createSession (server/dist/src/automation/utils/BrowserManager.js:265:20)
      at Object.<anonymous> (server/dist/src/automation/__tests__/BrowserManager.test.js:109:9)

  ÔŚĆ BrowserManager ÔÇ║ createSession ÔÇ║ should create a new browser session

    AutomationError: Rate limit exceeded. Try again after 2025-04-27T07:41:55.927Z

    [0m [90m 208 |[39m             [36mif[39m ([33m![39m[36mawait[39m [36mthis[39m[33m.[39mrateLimiter[33m.[39macquireToken(userId)) {
     [90m 209 |[39m                 [36mconst[39m info [33m=[39m [36mthis[39m[33m.[39mrateLimiter[33m.[39mgetRateLimitInfo(userId)[33m;[39
m
    [31m[1m>[22m[39m[90m 210 |[39m                 [36mthrow[39m [36mnew[39m errors_1[33m.[39m[33mAutomationError[39m([32m`Rate limit exc
eeded. Try again after ${info.nextResetTime.toISOString()}`[39m[33m,[39m errors_1[33m.[39m[33mErrorType[39m[33m.[39m[33mRATE_LIMIT[39m[33m,
[39m [36mtrue[39m)[33m;[39m
     [90m     |[39m                       [31m[1m^[22m[39m
     [90m 211 |[39m             }
     [90m 212 |[39m             [36mtry[39m {
     [90m 213 |[39m                 [36mconst[39m browser [33m=[39m [36mawait[39m playwright_1[33m.[39mchromium[33m.[39mlaunch({[0m

      at server/dist/src/automation/utils/BrowserManager.js:210:23
      at BrowserManager.createSession (server/dist/src/automation/utils/BrowserManager.js:265:20)
      at Object.<anonymous> (server/dist/src/automation/__tests__/BrowserManager.test.js:117:39)

  ÔŚĆ BrowserManager ÔÇ║ createSession ÔÇ║ should handle browser launch failures

    ReferenceError: fail is not defined

    [0m [90m 133 |[39m                 }
     [90m 134 |[39m                 [36melse[39m {
    [31m[1m>[22m[39m[90m 135 |[39m                     fail([32m'Expected error to be instance of MockAutomationError'[39m)[33m;[39m
     [90m     |[39m                     [31m[1m^[22m[39m
     [90m 136 |[39m                 }
     [90m 137 |[39m             }
     [90m 138 |[39m         })[33m;[39m[0m

      at Object.<anonymous> (server/dist/src/automation/__tests__/BrowserManager.test.js:135:21)

  ÔŚĆ BrowserManager ÔÇ║ createSession ÔÇ║ should handle context creation failures

    ReferenceError: fail is not defined

    [0m [90m 149 |[39m                 }
     [90m 150 |[39m                 [36melse[39m {
    [31m[1m>[22m[39m[90m 151 |[39m                     fail([32m'Expected error to be instance of MockAutomationError'[39m)[33m;[39m
     [90m     |[39m                     [31m[1m^[22m[39m
     [90m 152 |[39m                 }
     [90m 153 |[39m             }
     [90m 154 |[39m         })[33m;[39m[0m

      at Object.<anonymous> (server/dist/src/automation/__tests__/BrowserManager.test.js:151:21)

  ÔŚĆ BrowserManager ÔÇ║ createSession ÔÇ║ should set up request interception

    AutomationError: Rate limit exceeded. Try again after 2025-04-27T07:41:55.927Z

    [0m [90m 208 |[39m             [36mif[39m ([33m![39m[36mawait[39m [36mthis[39m[33m.[39mrateLimiter[33m.[39macquireToken(userId)) {
     [90m 209 |[39m                 [36mconst[39m info [33m=[39m [36mthis[39m[33m.[39mrateLimiter[33m.[39mgetRateLimitInfo(userId)[33m;[39
m
    [31m[1m>[22m[39m[90m 210 |[39m                 [36mthrow[39m [36mnew[39m errors_1[33m.[39m[33mAutomationError[39m([32m`Rate limit exc
eeded. Try again after ${info.nextResetTime.toISOString()}`[39m[33m,[39m errors_1[33m.[39m[33mErrorType[39m[33m.[39m[33mRATE_LIMIT[39m[33m,
[39m [36mtrue[39m)[33m;[39m
     [90m     |[39m                       [31m[1m^[22m[39m
     [90m 211 |[39m             }
     [90m 212 |[39m             [36mtry[39m {
     [90m 213 |[39m                 [36mconst[39m browser [33m=[39m [36mawait[39m playwright_1[33m.[39mchromium[33m.[39mlaunch({[0m

      at server/dist/src/automation/utils/BrowserManager.js:210:23
      at BrowserManager.createSession (server/dist/src/automation/utils/BrowserManager.js:265:20)
      at Object.<anonymous> (server/dist/src/automation/__tests__/BrowserManager.test.js:161:13)

  ÔŚĆ BrowserManager ÔÇ║ closeSession ÔÇ║ should close an existing session

    AutomationError: Rate limit exceeded. Try again after 2025-04-27T07:41:55.927Z

    [0m [90m 208 |[39m             [36mif[39m ([33m![39m[36mawait[39m [36mthis[39m[33m.[39mrateLimiter[33m.[39macquireToken(userId)) {
     [90m 209 |[39m                 [36mconst[39m info [33m=[39m [36mthis[39m[33m.[39mrateLimiter[33m.[39mgetRateLimitInfo(userId)[33m;[39
m
    [31m[1m>[22m[39m[90m 210 |[39m                 [36mthrow[39m [36mnew[39m errors_1[33m.[39m[33mAutomationError[39m([32m`Rate limit exc
eeded. Try again after ${info.nextResetTime.toISOString()}`[39m[33m,[39m errors_1[33m.[39m[33mErrorType[39m[33m.[39m[33mRATE_LIMIT[39m[33m,
[39m [36mtrue[39m)[33m;[39m
     [90m     |[39m                       [31m[1m^[22m[39m
     [90m 211 |[39m             }
     [90m 212 |[39m             [36mtry[39m {
     [90m 213 |[39m                 [36mconst[39m browser [33m=[39m [36mawait[39m playwright_1[33m.[39mchromium[33m.[39mlaunch({[0m

      at server/dist/src/automation/utils/BrowserManager.js:210:23
      at BrowserManager.createSession (server/dist/src/automation/utils/BrowserManager.js:265:20)
      at Object.<anonymous> (server/dist/src/automation/__tests__/BrowserManager.test.js:185:13)

  ÔŚĆ BrowserManager ÔÇ║ closeSession ÔÇ║ should handle closure errors

    AutomationError: Rate limit exceeded. Try again after 2025-04-27T07:41:55.927Z

    [0m [90m 208 |[39m             [36mif[39m ([33m![39m[36mawait[39m [36mthis[39m[33m.[39mrateLimiter[33m.[39macquireToken(userId)) {
     [90m 209 |[39m                 [36mconst[39m info [33m=[39m [36mthis[39m[33m.[39mrateLimiter[33m.[39mgetRateLimitInfo(userId)[33m;[39
m
    [31m[1m>[22m[39m[90m 210 |[39m                 [36mthrow[39m [36mnew[39m errors_1[33m.[39m[33mAutomationError[39m([32m`Rate limit exc
eeded. Try again after ${info.nextResetTime.toISOString()}`[39m[33m,[39m errors_1[33m.[39m[33mErrorType[39m[33m.[39m[33mRATE_LIMIT[39m[33m,
[39m [36mtrue[39m)[33m;[39m
     [90m     |[39m                       [31m[1m^[22m[39m
     [90m 211 |[39m             }
     [90m 212 |[39m             [36mtry[39m {
     [90m 213 |[39m                 [36mconst[39m browser [33m=[39m [36mawait[39m playwright_1[33m.[39mchromium[33m.[39mlaunch({[0m

      at server/dist/src/automation/utils/BrowserManager.js:210:23
      at BrowserManager.createSession (server/dist/src/automation/utils/BrowserManager.js:265:20)
      at Object.<anonymous> (server/dist/src/automation/__tests__/BrowserManager.test.js:194:13)

  ÔŚĆ BrowserManager ÔÇ║ closeAllSessions ÔÇ║ should close all active sessions

    AutomationError: Rate limit exceeded. Try again after 2025-04-27T07:41:55.927Z

    [0m [90m 208 |[39m             [36mif[39m ([33m![39m[36mawait[39m [36mthis[39m[33m.[39mrateLimiter[33m.[39macquireToken(userId)) {
     [90m 209 |[39m                 [36mconst[39m info [33m=[39m [36mthis[39m[33m.[39mrateLimiter[33m.[39mgetRateLimitInfo(userId)[33m;[39
m
    [31m[1m>[22m[39m[90m 210 |[39m                 [36mthrow[39m [36mnew[39m errors_1[33m.[39m[33mAutomationError[39m([32m`Rate limit exc
eeded. Try again after ${info.nextResetTime.toISOString()}`[39m[33m,[39m errors_1[33m.[39m[33mErrorType[39m[33m.[39m[33mRATE_LIMIT[39m[33m,
[39m [36mtrue[39m)[33m;[39m
     [90m     |[39m                       [31m[1m^[22m[39m
     [90m 211 |[39m             }
     [90m 212 |[39m             [36mtry[39m {
     [90m 213 |[39m                 [36mconst[39m browser [33m=[39m [36mawait[39m playwright_1[33m.[39mchromium[33m.[39mlaunch({[0m

      at server/dist/src/automation/utils/BrowserManager.js:210:23
      at BrowserManager.createSession (server/dist/src/automation/utils/BrowserManager.js:265:20)
      at Object.<anonymous> (server/dist/src/automation/__tests__/BrowserManager.test.js:201:13)

  ÔŚĆ BrowserManager ÔÇ║ closeAllSessions ÔÇ║ should handle closure errors in multiple sessions

    AutomationError: Rate limit exceeded. Try again after 2025-04-27T07:41:55.927Z

    [0m [90m 208 |[39m             [36mif[39m ([33m![39m[36mawait[39m [36mthis[39m[33m.[39mrateLimiter[33m.[39macquireToken(userId)) {
     [90m 209 |[39m                 [36mconst[39m info [33m=[39m [36mthis[39m[33m.[39mrateLimiter[33m.[39mgetRateLimitInfo(userId)[33m;[39
m
    [31m[1m>[22m[39m[90m 210 |[39m                 [36mthrow[39m [36mnew[39m errors_1[33m.[39m[33mAutomationError[39m([32m`Rate limit exc
eeded. Try again after ${info.nextResetTime.toISOString()}`[39m[33m,[39m errors_1[33m.[39m[33mErrorType[39m[33m.[39m[33mRATE_LIMIT[39m[33m,
[39m [36mtrue[39m)[33m;[39m
     [90m     |[39m                       [31m[1m^[22m[39m
     [90m 211 |[39m             }
     [90m 212 |[39m             [36mtry[39m {
     [90m 213 |[39m                 [36mconst[39m browser [33m=[39m [36mawait[39m playwright_1[33m.[39mchromium[33m.[39mlaunch({[0m

      at server/dist/src/automation/utils/BrowserManager.js:210:23
      at BrowserManager.createSession (server/dist/src/automation/utils/BrowserManager.js:265:20)
      at Object.<anonymous> (server/dist/src/automation/__tests__/BrowserManager.test.js:215:13)

  ÔŚĆ BrowserManager ÔÇ║ Session Health Monitoring ÔÇ║ should update session metrics correctly

    AutomationError: Rate limit exceeded. Try again after 2025-04-27T07:41:55.927Z

    [0m [90m 208 |[39m             [36mif[39m ([33m![39m[36mawait[39m [36mthis[39m[33m.[39mrateLimiter[33m.[39macquireToken(userId)) {
     [90m 209 |[39m                 [36mconst[39m info [33m=[39m [36mthis[39m[33m.[39mrateLimiter[33m.[39mgetRateLimitInfo(userId)[33m;[39
m
    [31m[1m>[22m[39m[90m 210 |[39m                 [36mthrow[39m [36mnew[39m errors_1[33m.[39m[33mAutomationError[39m([32m`Rate limit exc
eeded. Try again after ${info.nextResetTime.toISOString()}`[39m[33m,[39m errors_1[33m.[39m[33mErrorType[39m[33m.[39m[33mRATE_LIMIT[39m[33m,
[39m [36mtrue[39m)[33m;[39m
     [90m     |[39m                       [31m[1m^[22m[39m
     [90m 211 |[39m             }
     [90m 212 |[39m             [36mtry[39m {
     [90m 213 |[39m                 [36mconst[39m browser [33m=[39m [36mawait[39m playwright_1[33m.[39mchromium[33m.[39mlaunch({[0m

      at server/dist/src/automation/utils/BrowserManager.js:210:23
      at BrowserManager.createSession (server/dist/src/automation/utils/BrowserManager.js:265:20)
      at Object.<anonymous> (server/dist/src/automation/__tests__/BrowserManager.test.js:230:13)

  ÔŚĆ BrowserManager ÔÇ║ Session Health Monitoring ÔÇ║ should track failed operations

    AutomationError: Rate limit exceeded. Try again after 2025-04-27T07:41:55.927Z

    [0m [90m 208 |[39m             [36mif[39m ([33m![39m[36mawait[39m [36mthis[39m[33m.[39mrateLimiter[33m.[39macquireToken(userId)) {
     [90m 209 |[39m                 [36mconst[39m info [33m=[39m [36mthis[39m[33m.[39mrateLimiter[33m.[39mgetRateLimitInfo(userId)[33m;[39
m
    [31m[1m>[22m[39m[90m 210 |[39m                 [36mthrow[39m [36mnew[39m errors_1[33m.[39m[33mAutomationError[39m([32m`Rate limit exc
eeded. Try again after ${info.nextResetTime.toISOString()}`[39m[33m,[39m errors_1[33m.[39m[33mErrorType[39m[33m.[39m[33mRATE_LIMIT[39m[33m,
[39m [36mtrue[39m)[33m;[39m
     [90m     |[39m                       [31m[1m^[22m[39m
     [90m 211 |[39m             }
     [90m 212 |[39m             [36mtry[39m {
     [90m 213 |[39m                 [36mconst[39m browser [33m=[39m [36mawait[39m playwright_1[33m.[39mchromium[33m.[39mlaunch({[0m

      at server/dist/src/automation/utils/BrowserManager.js:210:23
      at BrowserManager.createSession (server/dist/src/automation/utils/BrowserManager.js:265:20)
      at Object.<anonymous> (server/dist/src/automation/__tests__/BrowserManager.test.js:243:13)

  ÔŚĆ BrowserManager ÔÇ║ Session Health Monitoring ÔÇ║ should update health status based on metrics

    AutomationError: Rate limit exceeded. Try again after 2025-04-27T07:41:55.927Z

    [0m [90m 208 |[39m             [36mif[39m ([33m![39m[36mawait[39m [36mthis[39m[33m.[39mrateLimiter[33m.[39macquireToken(userId)) {
     [90m 209 |[39m                 [36mconst[39m info [33m=[39m [36mthis[39m[33m.[39mrateLimiter[33m.[39mgetRateLimitInfo(userId)[33m;[39
m
    [31m[1m>[22m[39m[90m 210 |[39m                 [36mthrow[39m [36mnew[39m errors_1[33m.[39m[33mAutomationError[39m([32m`Rate limit exc
eeded. Try again after ${info.nextResetTime.toISOString()}`[39m[33m,[39m errors_1[33m.[39m[33mErrorType[39m[33m.[39m[33mRATE_LIMIT[39m[33m,
[39m [36mtrue[39m)[33m;[39m
     [90m     |[39m                       [31m[1m^[22m[39m
     [90m 211 |[39m             }
     [90m 212 |[39m             [36mtry[39m {
     [90m 213 |[39m                 [36mconst[39m browser [33m=[39m [36mawait[39m playwright_1[33m.[39mchromium[33m.[39mlaunch({[0m

      at server/dist/src/automation/utils/BrowserManager.js:210:23
      at BrowserManager.createSession (server/dist/src/automation/utils/BrowserManager.js:265:20)
      at Object.<anonymous> (server/dist/src/automation/__tests__/BrowserManager.test.js:255:13)

  ÔŚĆ BrowserManager ÔÇ║ Session Health Monitoring ÔÇ║ should mark session as failed with high failure rate

    AutomationError: Rate limit exceeded. Try again after 2025-04-27T07:41:55.927Z

    [0m [90m 208 |[39m             [36mif[39m ([33m![39m[36mawait[39m [36mthis[39m[33m.[39mrateLimiter[33m.[39macquireToken(userId)) {
     [90m 209 |[39m                 [36mconst[39m info [33m=[39m [36mthis[39m[33m.[39mrateLimiter[33m.[39mgetRateLimitInfo(userId)[33m;[39
m
    [31m[1m>[22m[39m[90m 210 |[39m                 [36mthrow[39m [36mnew[39m errors_1[33m.[39m[33mAutomationError[39m([32m`Rate limit exc
eeded. Try again after ${info.nextResetTime.toISOString()}`[39m[33m,[39m errors_1[33m.[39m[33mErrorType[39m[33m.[39m[33mRATE_LIMIT[39m[33m,
[39m [36mtrue[39m)[33m;[39m
     [90m     |[39m                       [31m[1m^[22m[39m
     [90m 211 |[39m             }
     [90m 212 |[39m             [36mtry[39m {
     [90m 213 |[39m                 [36mconst[39m browser [33m=[39m [36mawait[39m playwright_1[33m.[39mchromium[33m.[39mlaunch({[0m

      at server/dist/src/automation/utils/BrowserManager.js:210:23
      at BrowserManager.createSession (server/dist/src/automation/utils/BrowserManager.js:265:20)
      at Object.<anonymous> (server/dist/src/automation/__tests__/BrowserManager.test.js:269:13)

  ÔŚĆ BrowserManager ÔÇ║ Session Health Monitoring ÔÇ║ should attempt session recovery when health check fails

    AutomationError: Rate limit exceeded. Try again after 2025-04-27T07:41:55.927Z

    [0m [90m 208 |[39m             [36mif[39m ([33m![39m[36mawait[39m [36mthis[39m[33m.[39mrateLimiter[33m.[39macquireToken(userId)) {
     [90m 209 |[39m                 [36mconst[39m info [33m=[39m [36mthis[39m[33m.[39mrateLimiter[33m.[39mgetRateLimitInfo(userId)[33m;[39
m
    [31m[1m>[22m[39m[90m 210 |[39m                 [36mthrow[39m [36mnew[39m errors_1[33m.[39m[33mAutomationError[39m([32m`Rate limit exc
eeded. Try again after ${info.nextResetTime.toISOString()}`[39m[33m,[39m errors_1[33m.[39m[33mErrorType[39m[33m.[39m[33mRATE_LIMIT[39m[33m,
[39m [36mtrue[39m)[33m;[39m
     [90m     |[39m                       [31m[1m^[22m[39m
     [90m 211 |[39m             }
     [90m 212 |[39m             [36mtry[39m {
     [90m 213 |[39m                 [36mconst[39m browser [33m=[39m [36mawait[39m playwright_1[33m.[39mchromium[33m.[39mlaunch({[0m

      at server/dist/src/automation/utils/BrowserManager.js:210:23
      at BrowserManager.createSession (server/dist/src/automation/utils/BrowserManager.js:265:20)
      at Object.<anonymous> (server/dist/src/automation/__tests__/BrowserManager.test.js:283:13)

  ÔŚĆ BrowserManager ÔÇ║ Session Health Monitoring ÔÇ║ should close session after max recovery attempts

    AutomationError: Rate limit exceeded. Try again after 2025-04-27T07:41:55.927Z

    [0m [90m 208 |[39m             [36mif[39m ([33m![39m[36mawait[39m [36mthis[39m[33m.[39mrateLimiter[33m.[39macquireToken(userId)) {
     [90m 209 |[39m                 [36mconst[39m info [33m=[39m [36mthis[39m[33m.[39mrateLimiter[33m.[39mgetRateLimitInfo(userId)[33m;[39
m
    [31m[1m>[22m[39m[90m 210 |[39m                 [36mthrow[39m [36mnew[39m errors_1[33m.[39m[33mAutomationError[39m([32m`Rate limit exc
eeded. Try again after ${info.nextResetTime.toISOString()}`[39m[33m,[39m errors_1[33m.[39m[33mErrorType[39m[33m.[39m[33mRATE_LIMIT[39m[33m,
[39m [36mtrue[39m)[33m;[39m
     [90m     |[39m                       [31m[1m^[22m[39m
     [90m 211 |[39m             }
     [90m 212 |[39m             [36mtry[39m {
     [90m 213 |[39m                 [36mconst[39m browser [33m=[39m [36mawait[39m playwright_1[33m.[39mchromium[33m.[39mlaunch({[0m

      at server/dist/src/automation/utils/BrowserManager.js:210:23
      at BrowserManager.createSession (server/dist/src/automation/utils/BrowserManager.js:265:20)
      at Object.<anonymous> (server/dist/src/automation/__tests__/BrowserManager.test.js:291:13)

FAIL server/src/automation/utils/__tests__/RetryManager.test.ts
  ÔŚĆ Console

    console.log
      [RateLimiter.getInstance] called with config: undefined current instance: undefined

      at Function.getInstance (server/src/automation/utils/RateLimiter.ts:73:13)



  ÔŚĆ Test suite failed to run

    RateLimiter config required for first initialization

    [0m [90m 74 |[39m     [36mif[39m ([33m![39m[33mRateLimiter[39m[33m.[39minstance) {
     [90m 75 |[39m       [36mif[39m ([33m![39mconfig) {
    [31m[1m>[22m[39m[90m 76 |[39m         [36mthrow[39m [36mnew[39m [33mError[39m([32m'RateLimiter config required for first initialization
'[39m)[33m;[39m
     [90m    |[39m               [31m[1m^[22m[39m
     [90m 77 |[39m       }
     [90m 78 |[39m       [33mRateLimiter[39m[33m.[39minstance [33m=[39m [36mnew[39m [33mRateLimiter[39m(config)[33m;[39m
     [90m 79 |[39m     } [36melse[39m {[0m

      at Function.getInstance (server/src/automation/utils/RateLimiter.ts:76:15)
      at new BrowserManager (server/src/automation/utils/BrowserManager.ts:23:36)
      at Function.getInstance (server/src/automation/utils/BrowserManager.ts:35:33)
      at Object.<anonymous> (server/src/automation/utils/__tests__/RetryManager.test.ts:6:74)

PASS server/dist/src/automation/utils/__tests__/RetryManager.test.js
  ÔŚĆ Console

    console.log
      [33mwarn[39m: Operation failed, retrying {"attempt":1,"error":{"name":"AutomationError","recoverable":true,"type":"NETWORK"},"nextDelay":1,"serv
ice":"poshmark-automation","timestamp":"2025-04-27T07:41:56.374Z"}

      at Console.log (server/node_modules/winston/lib/winston/transports/console.js:87:23)

    console.log
      [33mwarn[39m: Operation failed, retrying {"attempt":1,"error":{"name":"AutomationError","recoverable":true,"type":"NETWORK"},"nextDelay":1,"serv
ice":"poshmark-automation","timestamp":"2025-04-27T07:41:56.381Z"}

      at Console.log (server/node_modules/winston/lib/winston/transports/console.js:87:23)

    console.log
      [31merror[39m: Max retry attempts reached {"attempts":2,"error":{"name":"AutomationError","recoverable":true,"type":"NETWORK"},"service":"poshma
rk-automation","timestamp":"2025-04-27T07:41:56.391Z"}

      at Console.log (server/node_modules/winston/lib/winston/transports/console.js:87:23)

    console.log
      [31merror[39m: Non-retryable error occurred {"attempt":1,"error":{"name":"AutomationError","recoverable":true,"type":"AUTH_FAILED"},"service":"p
oshmark-automation","timestamp":"2025-04-27T07:41:56.392Z"}

      at Console.log (server/node_modules/winston/lib/winston/transports/console.js:87:23)

    console.log
      [31merror[39m: Non-retryable error occurred {"attempt":1,"error":{},"service":"poshmark-automation","timestamp":"2025-04-27T07:41:56.396Z"}

      at Console.log (server/node_modules/winston/lib/winston/transports/console.js:87:23)

PASS server/src/automation/__tests__/RetryManager.test.ts
  ÔŚĆ Console

    console.log
      [RateLimiter.getInstance] called with config: {
        maxRequestsPerMinute: 30,
        maxRequestsPerHour: 300,
        maxConcurrentRequests: 5,
        cooldownPeriod: 2000
      } current instance: undefined

      at Function.getInstance (server/src/automation/utils/RateLimiter.ts:73:13)

    console.error
      [RateLimiter] Constructed with config: {
        maxRequestsPerMinute: 30,
        maxRequestsPerHour: 300,
        maxConcurrentRequests: 5,
        cooldownPeriod: 2000
      }

    [0m [90m 49 |[39m     [90m// Detailed debug logging for constructor[39m
     [90m 50 |[39m     [90m// eslint-disable-next-line no-console[39m
    [31m[1m>[22m[39m[90m 51 |[39m     console[33m.[39merror([32m'[RateLimiter] Constructed with config:'[39m[33m,[39m config)[33m;[39m
     [90m    |[39m             [31m[1m^[22m[39m
     [90m 52 |[39m     [90m// eslint-disable-next-line no-console[39m
     [90m 53 |[39m     console[33m.[39merror([32m'[RateLimiter] Stack trace:'[39m[33m,[39m [36mnew[39m [33mError[39m([32m'Stack trace for R
ateLimiter instantiation'[39m))[33m;[39m
     [90m 54 |[39m     [90m// Runtime checks for required config fields[39m[0m

      at new RateLimiter (server/src/automation/utils/RateLimiter.ts:51:13)
      at Function.getInstance (server/src/automation/utils/RateLimiter.ts:78:30)
      at Object.<anonymous> (server/src/automation/__tests__/RetryManager.test.ts:18:15)

    console.error
      [RateLimiter] Stack trace: Error: Stack trace for RateLimiter instantiation
          at new RateLimiter (C:\Praca\saas\poshproject\server\src\automation\utils\RateLimiter.ts:53:49)
          at Function.getInstance (C:\Praca\saas\poshproject\server\src\automation\utils\RateLimiter.ts:78:30)
          at Object.<anonymous> (C:\Praca\saas\poshproject\server\src\automation\__tests__\RetryManager.test.ts:18:15)
          at Promise.then.completed (C:\Praca\saas\poshproject\node_modules\jest-circus\build\utils.js:298:28)
          at new Promise (<anonymous>)
          at callAsyncCircusFn (C:\Praca\saas\poshproject\node_modules\jest-circus\build\utils.js:231:10)
          at _callCircusHook (C:\Praca\saas\poshproject\node_modules\jest-circus\build\run.js:281:40)
          at processTicksAndRejections (node:internal/process/task_queues:105:5)
          at _runTestsForDescribeBlock (C:\Praca\saas\poshproject\node_modules\jest-circus\build\run.js:95:7)
          at run (C:\Praca\saas\poshproject\node_modules\jest-circus\build\run.js:71:3)
          at runAndTransformResultsToJestFormat (C:\Praca\saas\poshproject\node_modules\jest-circus\build\legacy-code-todo-rewrite\jestAdapterInit.js:12
2:21)
          at jestAdapter (C:\Praca\saas\poshproject\node_modules\jest-circus\build\legacy-code-todo-rewrite\jestAdapter.js:79:19)
          at runTestInternal (C:\Praca\saas\poshproject\node_modules\jest-runner\build\runTest.js:367:16)
          at runTest (C:\Praca\saas\poshproject\node_modules\jest-runner\build\runTest.js:444:34)
          at Object.worker (C:\Praca\saas\poshproject\node_modules\jest-runner\build\testWorker.js:106:12)

    [0m [90m 51 |[39m     console[33m.[39merror([32m'[RateLimiter] Constructed with config:'[39m[33m,[39m config)[33m;[39m
     [90m 52 |[39m     [90m// eslint-disable-next-line no-console[39m
    [31m[1m>[22m[39m[90m 53 |[39m     console[33m.[39merror([32m'[RateLimiter] Stack trace:'[39m[33m,[39m [36mnew[39m [33mError[39m([32
m'Stack trace for RateLimiter instantiation'[39m))[33m;[39m
     [90m    |[39m             [31m[1m^[22m[39m
     [90m 54 |[39m     [90m// Runtime checks for required config fields[39m
     [90m 55 |[39m     [36mif[39m (
     [90m 56 |[39m       config[33m.[39mmaxRequestsPerMinute [33m===[39m undefined [33m||[39m[0m

      at new RateLimiter (server/src/automation/utils/RateLimiter.ts:53:13)
      at Function.getInstance (server/src/automation/utils/RateLimiter.ts:78:30)
      at Object.<anonymous> (server/src/automation/__tests__/RetryManager.test.ts:18:15)

    console.log
      [RateLimiter.getInstance] called with config: {
        maxRequestsPerMinute: 30,
        maxRequestsPerHour: 300,
        maxConcurrentRequests: 5,
        cooldownPeriod: 2000
      } current instance: undefined

      at Function.getInstance (server/src/automation/utils/RateLimiter.ts:73:13)

    console.error
      [RateLimiter] Constructed with config: {
        maxRequestsPerMinute: 30,
        maxRequestsPerHour: 300,
        maxConcurrentRequests: 5,
        cooldownPeriod: 2000
      }

    [0m [90m 49 |[39m     [90m// Detailed debug logging for constructor[39m
     [90m 50 |[39m     [90m// eslint-disable-next-line no-console[39m
    [31m[1m>[22m[39m[90m 51 |[39m     console[33m.[39merror([32m'[RateLimiter] Constructed with config:'[39m[33m,[39m config)[33m;[39m
     [90m    |[39m             [31m[1m^[22m[39m
     [90m 52 |[39m     [90m// eslint-disable-next-line no-console[39m
     [90m 53 |[39m     console[33m.[39merror([32m'[RateLimiter] Stack trace:'[39m[33m,[39m [36mnew[39m [33mError[39m([32m'Stack trace for R
ateLimiter instantiation'[39m))[33m;[39m
     [90m 54 |[39m     [90m// Runtime checks for required config fields[39m[0m

      at new RateLimiter (server/src/automation/utils/RateLimiter.ts:51:13)
      at Function.getInstance (server/src/automation/utils/RateLimiter.ts:78:30)
      at Object.<anonymous> (server/src/automation/__tests__/RetryManager.test.ts:37:17)

    console.error
      [RateLimiter] Stack trace: Error: Stack trace for RateLimiter instantiation
          at new RateLimiter (C:\Praca\saas\poshproject\server\src\automation\utils\RateLimiter.ts:53:49)
          at Function.getInstance (C:\Praca\saas\poshproject\server\src\automation\utils\RateLimiter.ts:78:30)
          at Object.<anonymous> (C:\Praca\saas\poshproject\server\src\automation\__tests__\RetryManager.test.ts:37:17)
          at Promise.then.completed (C:\Praca\saas\poshproject\node_modules\jest-circus\build\utils.js:298:28)
          at new Promise (<anonymous>)
          at callAsyncCircusFn (C:\Praca\saas\poshproject\node_modules\jest-circus\build\utils.js:231:10)
          at _callCircusHook (C:\Praca\saas\poshproject\node_modules\jest-circus\build\run.js:281:40)
          at processTicksAndRejections (node:internal/process/task_queues:105:5)
          at _runTest (C:\Praca\saas\poshproject\node_modules\jest-circus\build\run.js:246:5)
          at _runTestsForDescribeBlock (C:\Praca\saas\poshproject\node_modules\jest-circus\build\run.js:126:9)
          at _runTestsForDescribeBlock (C:\Praca\saas\poshproject\node_modules\jest-circus\build\run.js:121:9)
          at run (C:\Praca\saas\poshproject\node_modules\jest-circus\build\run.js:71:3)
          at runAndTransformResultsToJestFormat (C:\Praca\saas\poshproject\node_modules\jest-circus\build\legacy-code-todo-rewrite\jestAdapterInit.js:12
2:21)
          at jestAdapter (C:\Praca\saas\poshproject\node_modules\jest-circus\build\legacy-code-todo-rewrite\jestAdapter.js:79:19)
          at runTestInternal (C:\Praca\saas\poshproject\node_modules\jest-runner\build\runTest.js:367:16)
          at runTest (C:\Praca\saas\poshproject\node_modules\jest-runner\build\runTest.js:444:34)
          at Object.worker (C:\Praca\saas\poshproject\node_modules\jest-runner\build\testWorker.js:106:12)

    [0m [90m 51 |[39m     console[33m.[39merror([32m'[RateLimiter] Constructed with config:'[39m[33m,[39m config)[33m;[39m
     [90m 52 |[39m     [90m// eslint-disable-next-line no-console[39m
    [31m[1m>[22m[39m[90m 53 |[39m     console[33m.[39merror([32m'[RateLimiter] Stack trace:'[39m[33m,[39m [36mnew[39m [33mError[39m([32
m'Stack trace for RateLimiter instantiation'[39m))[33m;[39m
     [90m    |[39m             [31m[1m^[22m[39m
     [90m 54 |[39m     [90m// Runtime checks for required config fields[39m
     [90m 55 |[39m     [36mif[39m (
     [90m 56 |[39m       config[33m.[39mmaxRequestsPerMinute [33m===[39m undefined [33m||[39m[0m

      at new RateLimiter (server/src/automation/utils/RateLimiter.ts:53:13)
      at Function.getInstance (server/src/automation/utils/RateLimiter.ts:78:30)
      at Object.<anonymous> (server/src/automation/__tests__/RetryManager.test.ts:37:17)

    console.log
      [RateLimiter.getInstance] called with config: undefined current instance: RateLimiter {
        config: {
          maxRequestsPerMinute: 30,
          maxRequestsPerHour: 300,
          maxConcurrentRequests: 5,
          cooldownPeriod: 2000
        },
        requests: [],
        activeRequests: 0,
        userLastRequest: Map(0) {},
        userActiveRequests: Map(0) {},
        _now: [Function (anonymous)]
      }

      at Function.getInstance (server/src/automation/utils/RateLimiter.ts:73:13)

    console.log
      [RateLimiter.getInstance] Returning existing instance

      at Function.getInstance (server/src/automation/utils/RateLimiter.ts:81:15)

    console.log
      [TEST] RateLimiter singleton after getInstance: RateLimiter {
        config: {
          maxRequestsPerMinute: 30,
          maxRequestsPerHour: 300,
          maxConcurrentRequests: 5,
          cooldownPeriod: 2000
        },
        requests: [],
        activeRequests: 0,
        userLastRequest: Map(0) {},
        userActiveRequests: Map(0) {},
        _now: [Function (anonymous)]
      }

      at Object.<anonymous> (server/src/automation/__tests__/RetryManager.test.ts:45:13)

    console.log
      [TEST] should execute the operation successfully without retries

      at Object.<anonymous> (server/src/automation/__tests__/RetryManager.test.ts:59:13)

    console.log
      [RateLimiter.getInstance] called with config: {
        maxRequestsPerMinute: 30,
        maxRequestsPerHour: 300,
        maxConcurrentRequests: 5,
        cooldownPeriod: 2000
      } current instance: undefined

      at Function.getInstance (server/src/automation/utils/RateLimiter.ts:73:13)

    console.error
      [RateLimiter] Constructed with config: {
        maxRequestsPerMinute: 30,
        maxRequestsPerHour: 300,
        maxConcurrentRequests: 5,
        cooldownPeriod: 2000
      }

    [0m [90m 49 |[39m     [90m// Detailed debug logging for constructor[39m
     [90m 50 |[39m     [90m// eslint-disable-next-line no-console[39m
    [31m[1m>[22m[39m[90m 51 |[39m     console[33m.[39merror([32m'[RateLimiter] Constructed with config:'[39m[33m,[39m config)[33m;[39m
     [90m    |[39m             [31m[1m^[22m[39m
     [90m 52 |[39m     [90m// eslint-disable-next-line no-console[39m
     [90m 53 |[39m     console[33m.[39merror([32m'[RateLimiter] Stack trace:'[39m[33m,[39m [36mnew[39m [33mError[39m([32m'Stack trace for R
ateLimiter instantiation'[39m))[33m;[39m
     [90m 54 |[39m     [90m// Runtime checks for required config fields[39m[0m

      at new RateLimiter (server/src/automation/utils/RateLimiter.ts:51:13)
      at Function.getInstance (server/src/automation/utils/RateLimiter.ts:78:30)
      at Object.<anonymous> (server/src/automation/__tests__/RetryManager.test.ts:37:17)

    console.error
      [RateLimiter] Stack trace: Error: Stack trace for RateLimiter instantiation
          at new RateLimiter (C:\Praca\saas\poshproject\server\src\automation\utils\RateLimiter.ts:53:49)
          at Function.getInstance (C:\Praca\saas\poshproject\server\src\automation\utils\RateLimiter.ts:78:30)
          at Object.<anonymous> (C:\Praca\saas\poshproject\server\src\automation\__tests__\RetryManager.test.ts:37:17)
          at Promise.then.completed (C:\Praca\saas\poshproject\node_modules\jest-circus\build\utils.js:298:28)
          at new Promise (<anonymous>)
          at callAsyncCircusFn (C:\Praca\saas\poshproject\node_modules\jest-circus\build\utils.js:231:10)
          at _callCircusHook (C:\Praca\saas\poshproject\node_modules\jest-circus\build\run.js:281:40)
          at processTicksAndRejections (node:internal/process/task_queues:105:5)
          at _runTest (C:\Praca\saas\poshproject\node_modules\jest-circus\build\run.js:246:5)
          at _runTestsForDescribeBlock (C:\Praca\saas\poshproject\node_modules\jest-circus\build\run.js:126:9)
          at _runTestsForDescribeBlock (C:\Praca\saas\poshproject\node_modules\jest-circus\build\run.js:121:9)
          at run (C:\Praca\saas\poshproject\node_modules\jest-circus\build\run.js:71:3)
          at runAndTransformResultsToJestFormat (C:\Praca\saas\poshproject\node_modules\jest-circus\build\legacy-code-todo-rewrite\jestAdapterInit.js:12
2:21)
          at jestAdapter (C:\Praca\saas\poshproject\node_modules\jest-circus\build\legacy-code-todo-rewrite\jestAdapter.js:79:19)
          at runTestInternal (C:\Praca\saas\poshproject\node_modules\jest-runner\build\runTest.js:367:16)
          at runTest (C:\Praca\saas\poshproject\node_modules\jest-runner\build\runTest.js:444:34)
          at Object.worker (C:\Praca\saas\poshproject\node_modules\jest-runner\build\testWorker.js:106:12)

    [0m [90m 51 |[39m     console[33m.[39merror([32m'[RateLimiter] Constructed with config:'[39m[33m,[39m config)[33m;[39m
     [90m 52 |[39m     [90m// eslint-disable-next-line no-console[39m
    [31m[1m>[22m[39m[90m 53 |[39m     console[33m.[39merror([32m'[RateLimiter] Stack trace:'[39m[33m,[39m [36mnew[39m [33mError[39m([32
m'Stack trace for RateLimiter instantiation'[39m))[33m;[39m
     [90m    |[39m             [31m[1m^[22m[39m
     [90m 54 |[39m     [90m// Runtime checks for required config fields[39m
     [90m 55 |[39m     [36mif[39m (
     [90m 56 |[39m       config[33m.[39mmaxRequestsPerMinute [33m===[39m undefined [33m||[39m[0m

      at new RateLimiter (server/src/automation/utils/RateLimiter.ts:53:13)
      at Function.getInstance (server/src/automation/utils/RateLimiter.ts:78:30)
      at Object.<anonymous> (server/src/automation/__tests__/RetryManager.test.ts:37:17)

    console.log
      [RateLimiter.getInstance] called with config: undefined current instance: RateLimiter {
        config: {
          maxRequestsPerMinute: 30,
          maxRequestsPerHour: 300,
          maxConcurrentRequests: 5,
          cooldownPeriod: 2000
        },
        requests: [],
        activeRequests: 0,
        userLastRequest: Map(0) {},
        userActiveRequests: Map(0) {},
        _now: [Function (anonymous)]
      }

      at Function.getInstance (server/src/automation/utils/RateLimiter.ts:73:13)

    console.log
      [RateLimiter.getInstance] Returning existing instance

      at Function.getInstance (server/src/automation/utils/RateLimiter.ts:81:15)

    console.log
      [TEST] RateLimiter singleton after getInstance: RateLimiter {
        config: {
          maxRequestsPerMinute: 30,
          maxRequestsPerHour: 300,
          maxConcurrentRequests: 5,
          cooldownPeriod: 2000
        },
        requests: [],
        activeRequests: 0,
        userLastRequest: Map(0) {},
        userActiveRequests: Map(0) {},
        _now: [Function (anonymous)]
      }

      at Object.<anonymous> (server/src/automation/__tests__/RetryManager.test.ts:45:13)

    console.log
      [TEST] should retry the operation on retryable errors and eventually succeed

      at Object.<anonymous> (server/src/automation/__tests__/RetryManager.test.ts:74:13)

    console.log
      [RateLimiter.getInstance] called with config: {
        maxRequestsPerMinute: 30,
        maxRequestsPerHour: 300,
        maxConcurrentRequests: 5,
        cooldownPeriod: 2000
      } current instance: undefined

      at Function.getInstance (server/src/automation/utils/RateLimiter.ts:73:13)

    console.error
      [RateLimiter] Constructed with config: {
        maxRequestsPerMinute: 30,
        maxRequestsPerHour: 300,
        maxConcurrentRequests: 5,
        cooldownPeriod: 2000
      }

    [0m [90m 49 |[39m     [90m// Detailed debug logging for constructor[39m
     [90m 50 |[39m     [90m// eslint-disable-next-line no-console[39m
    [31m[1m>[22m[39m[90m 51 |[39m     console[33m.[39merror([32m'[RateLimiter] Constructed with config:'[39m[33m,[39m config)[33m;[39m
     [90m    |[39m             [31m[1m^[22m[39m
     [90m 52 |[39m     [90m// eslint-disable-next-line no-console[39m
     [90m 53 |[39m     console[33m.[39merror([32m'[RateLimiter] Stack trace:'[39m[33m,[39m [36mnew[39m [33mError[39m([32m'Stack trace for R
ateLimiter instantiation'[39m))[33m;[39m
     [90m 54 |[39m     [90m// Runtime checks for required config fields[39m[0m

      at new RateLimiter (server/src/automation/utils/RateLimiter.ts:51:13)
      at Function.getInstance (server/src/automation/utils/RateLimiter.ts:78:30)
      at Object.<anonymous> (server/src/automation/__tests__/RetryManager.test.ts:37:17)

    console.error
      [RateLimiter] Stack trace: Error: Stack trace for RateLimiter instantiation
          at new RateLimiter (C:\Praca\saas\poshproject\server\src\automation\utils\RateLimiter.ts:53:49)
          at Function.getInstance (C:\Praca\saas\poshproject\server\src\automation\utils\RateLimiter.ts:78:30)
          at Object.<anonymous> (C:\Praca\saas\poshproject\server\src\automation\__tests__\RetryManager.test.ts:37:17)
          at Promise.then.completed (C:\Praca\saas\poshproject\node_modules\jest-circus\build\utils.js:298:28)
          at new Promise (<anonymous>)
          at callAsyncCircusFn (C:\Praca\saas\poshproject\node_modules\jest-circus\build\utils.js:231:10)
          at _callCircusHook (C:\Praca\saas\poshproject\node_modules\jest-circus\build\run.js:281:40)
          at _runTest (C:\Praca\saas\poshproject\node_modules\jest-circus\build\run.js:246:5)
          at _runTestsForDescribeBlock (C:\Praca\saas\poshproject\node_modules\jest-circus\build\run.js:126:9)
          at _runTestsForDescribeBlock (C:\Praca\saas\poshproject\node_modules\jest-circus\build\run.js:121:9)
          at run (C:\Praca\saas\poshproject\node_modules\jest-circus\build\run.js:71:3)
          at runAndTransformResultsToJestFormat (C:\Praca\saas\poshproject\node_modules\jest-circus\build\legacy-code-todo-rewrite\jestAdapterInit.js:12
2:21)
          at jestAdapter (C:\Praca\saas\poshproject\node_modules\jest-circus\build\legacy-code-todo-rewrite\jestAdapter.js:79:19)
          at runTestInternal (C:\Praca\saas\poshproject\node_modules\jest-runner\build\runTest.js:367:16)
          at runTest (C:\Praca\saas\poshproject\node_modules\jest-runner\build\runTest.js:444:34)
          at Object.worker (C:\Praca\saas\poshproject\node_modules\jest-runner\build\testWorker.js:106:12)

    [0m [90m 51 |[39m     console[33m.[39merror([32m'[RateLimiter] Constructed with config:'[39m[33m,[39m config)[33m;[39m
     [90m 52 |[39m     [90m// eslint-disable-next-line no-console[39m
    [31m[1m>[22m[39m[90m 53 |[39m     console[33m.[39merror([32m'[RateLimiter] Stack trace:'[39m[33m,[39m [36mnew[39m [33mError[39m([32
m'Stack trace for RateLimiter instantiation'[39m))[33m;[39m
     [90m    |[39m             [31m[1m^[22m[39m
     [90m 54 |[39m     [90m// Runtime checks for required config fields[39m
     [90m 55 |[39m     [36mif[39m (
     [90m 56 |[39m       config[33m.[39mmaxRequestsPerMinute [33m===[39m undefined [33m||[39m[0m

      at new RateLimiter (server/src/automation/utils/RateLimiter.ts:53:13)
      at Function.getInstance (server/src/automation/utils/RateLimiter.ts:78:30)
      at Object.<anonymous> (server/src/automation/__tests__/RetryManager.test.ts:37:17)

    console.log
      [RateLimiter.getInstance] called with config: undefined current instance: RateLimiter {
        config: {
          maxRequestsPerMinute: 30,
          maxRequestsPerHour: 300,
          maxConcurrentRequests: 5,
          cooldownPeriod: 2000
        },
        requests: [],
        activeRequests: 0,
        userLastRequest: Map(0) {},
        userActiveRequests: Map(0) {},
        _now: [Function (anonymous)]
      }

      at Function.getInstance (server/src/automation/utils/RateLimiter.ts:73:13)

    console.log
      [RateLimiter.getInstance] Returning existing instance

      at Function.getInstance (server/src/automation/utils/RateLimiter.ts:81:15)

    console.log
      [TEST] RateLimiter singleton after getInstance: RateLimiter {
        config: {
          maxRequestsPerMinute: 30,
          maxRequestsPerHour: 300,
          maxConcurrentRequests: 5,
          cooldownPeriod: 2000
        },
        requests: [],
        activeRequests: 0,
        userLastRequest: Map(0) {},
        userActiveRequests: Map(0) {},
        _now: [Function (anonymous)]
      }

      at Object.<anonymous> (server/src/automation/__tests__/RetryManager.test.ts:45:13)

    console.log
      [TEST] should throw the error if maxAttempts is reached

      at Object.<anonymous> (server/src/automation/__tests__/RetryManager.test.ts:92:13)

    console.log
      [RateLimiter.getInstance] called with config: {
        maxRequestsPerMinute: 30,
        maxRequestsPerHour: 300,
        maxConcurrentRequests: 5,
        cooldownPeriod: 2000
      } current instance: undefined

      at Function.getInstance (server/src/automation/utils/RateLimiter.ts:73:13)

    console.error
      [RateLimiter] Constructed with config: {
        maxRequestsPerMinute: 30,
        maxRequestsPerHour: 300,
        maxConcurrentRequests: 5,
        cooldownPeriod: 2000
      }

    [0m [90m 49 |[39m     [90m// Detailed debug logging for constructor[39m
     [90m 50 |[39m     [90m// eslint-disable-next-line no-console[39m
    [31m[1m>[22m[39m[90m 51 |[39m     console[33m.[39merror([32m'[RateLimiter] Constructed with config:'[39m[33m,[39m config)[33m;[39m
     [90m    |[39m             [31m[1m^[22m[39m
     [90m 52 |[39m     [90m// eslint-disable-next-line no-console[39m
     [90m 53 |[39m     console[33m.[39merror([32m'[RateLimiter] Stack trace:'[39m[33m,[39m [36mnew[39m [33mError[39m([32m'Stack trace for R
ateLimiter instantiation'[39m))[33m;[39m
     [90m 54 |[39m     [90m// Runtime checks for required config fields[39m[0m

      at new RateLimiter (server/src/automation/utils/RateLimiter.ts:51:13)
      at Function.getInstance (server/src/automation/utils/RateLimiter.ts:78:30)
      at Object.<anonymous> (server/src/automation/__tests__/RetryManager.test.ts:37:17)

    console.error
      [RateLimiter] Stack trace: Error: Stack trace for RateLimiter instantiation
          at new RateLimiter (C:\Praca\saas\poshproject\server\src\automation\utils\RateLimiter.ts:53:49)
          at Function.getInstance (C:\Praca\saas\poshproject\server\src\automation\utils\RateLimiter.ts:78:30)
          at Object.<anonymous> (C:\Praca\saas\poshproject\server\src\automation\__tests__\RetryManager.test.ts:37:17)
          at Promise.then.completed (C:\Praca\saas\poshproject\node_modules\jest-circus\build\utils.js:298:28)
          at new Promise (<anonymous>)
          at callAsyncCircusFn (C:\Praca\saas\poshproject\node_modules\jest-circus\build\utils.js:231:10)
          at _callCircusHook (C:\Praca\saas\poshproject\node_modules\jest-circus\build\run.js:281:40)
          at _runTest (C:\Praca\saas\poshproject\node_modules\jest-circus\build\run.js:246:5)
          at _runTestsForDescribeBlock (C:\Praca\saas\poshproject\node_modules\jest-circus\build\run.js:126:9)
          at _runTestsForDescribeBlock (C:\Praca\saas\poshproject\node_modules\jest-circus\build\run.js:121:9)
          at run (C:\Praca\saas\poshproject\node_modules\jest-circus\build\run.js:71:3)
          at runAndTransformResultsToJestFormat (C:\Praca\saas\poshproject\node_modules\jest-circus\build\legacy-code-todo-rewrite\jestAdapterInit.js:12
2:21)
          at jestAdapter (C:\Praca\saas\poshproject\node_modules\jest-circus\build\legacy-code-todo-rewrite\jestAdapter.js:79:19)
          at runTestInternal (C:\Praca\saas\poshproject\node_modules\jest-runner\build\runTest.js:367:16)
          at runTest (C:\Praca\saas\poshproject\node_modules\jest-runner\build\runTest.js:444:34)
          at Object.worker (C:\Praca\saas\poshproject\node_modules\jest-runner\build\testWorker.js:106:12)

    [0m [90m 51 |[39m     console[33m.[39merror([32m'[RateLimiter] Constructed with config:'[39m[33m,[39m config)[33m;[39m
     [90m 52 |[39m     [90m// eslint-disable-next-line no-console[39m
    [31m[1m>[22m[39m[90m 53 |[39m     console[33m.[39merror([32m'[RateLimiter] Stack trace:'[39m[33m,[39m [36mnew[39m [33mError[39m([32
m'Stack trace for RateLimiter instantiation'[39m))[33m;[39m
     [90m    |[39m             [31m[1m^[22m[39m
     [90m 54 |[39m     [90m// Runtime checks for required config fields[39m
     [90m 55 |[39m     [36mif[39m (
     [90m 56 |[39m       config[33m.[39mmaxRequestsPerMinute [33m===[39m undefined [33m||[39m[0m

      at new RateLimiter (server/src/automation/utils/RateLimiter.ts:53:13)
      at Function.getInstance (server/src/automation/utils/RateLimiter.ts:78:30)
      at Object.<anonymous> (server/src/automation/__tests__/RetryManager.test.ts:37:17)

    console.log
      [RateLimiter.getInstance] called with config: undefined current instance: RateLimiter {
        config: {
          maxRequestsPerMinute: 30,
          maxRequestsPerHour: 300,
          maxConcurrentRequests: 5,
          cooldownPeriod: 2000
        },
        requests: [],
        activeRequests: 0,
        userLastRequest: Map(0) {},
        userActiveRequests: Map(0) {},
        _now: [Function (anonymous)]
      }

      at Function.getInstance (server/src/automation/utils/RateLimiter.ts:73:13)

    console.log
      [RateLimiter.getInstance] Returning existing instance

      at Function.getInstance (server/src/automation/utils/RateLimiter.ts:81:15)

    console.log
      [TEST] RateLimiter singleton after getInstance: RateLimiter {
        config: {
          maxRequestsPerMinute: 30,
          maxRequestsPerHour: 300,
          maxConcurrentRequests: 5,
          cooldownPeriod: 2000
        },
        requests: [],
        activeRequests: 0,
        userLastRequest: Map(0) {},
        userActiveRequests: Map(0) {},
        _now: [Function (anonymous)]
      }

      at Object.<anonymous> (server/src/automation/__tests__/RetryManager.test.ts:45:13)

    console.log
      [TEST] should respect max attempts and throw after all retries fail

      at Object.<anonymous> (server/src/automation/__tests__/RetryManager.test.ts:108:13)

    console.log
      [RateLimiter.getInstance] called with config: {
        maxRequestsPerMinute: 30,
        maxRequestsPerHour: 300,
        maxConcurrentRequests: 5,
        cooldownPeriod: 2000
      } current instance: undefined

      at Function.getInstance (server/src/automation/utils/RateLimiter.ts:73:13)

    console.error
      [RateLimiter] Constructed with config: {
        maxRequestsPerMinute: 30,
        maxRequestsPerHour: 300,
        maxConcurrentRequests: 5,
        cooldownPeriod: 2000
      }

    [0m [90m 49 |[39m     [90m// Detailed debug logging for constructor[39m
     [90m 50 |[39m     [90m// eslint-disable-next-line no-console[39m
    [31m[1m>[22m[39m[90m 51 |[39m     console[33m.[39merror([32m'[RateLimiter] Constructed with config:'[39m[33m,[39m config)[33m;[39m
     [90m    |[39m             [31m[1m^[22m[39m
     [90m 52 |[39m     [90m// eslint-disable-next-line no-console[39m
     [90m 53 |[39m     console[33m.[39merror([32m'[RateLimiter] Stack trace:'[39m[33m,[39m [36mnew[39m [33mError[39m([32m'Stack trace for R
ateLimiter instantiation'[39m))[33m;[39m
     [90m 54 |[39m     [90m// Runtime checks for required config fields[39m[0m

      at new RateLimiter (server/src/automation/utils/RateLimiter.ts:51:13)
      at Function.getInstance (server/src/automation/utils/RateLimiter.ts:78:30)
      at Object.<anonymous> (server/src/automation/__tests__/RetryManager.test.ts:37:17)

    console.error
      [RateLimiter] Stack trace: Error: Stack trace for RateLimiter instantiation
          at new RateLimiter (C:\Praca\saas\poshproject\server\src\automation\utils\RateLimiter.ts:53:49)
          at Function.getInstance (C:\Praca\saas\poshproject\server\src\automation\utils\RateLimiter.ts:78:30)
          at Object.<anonymous> (C:\Praca\saas\poshproject\server\src\automation\__tests__\RetryManager.test.ts:37:17)
          at Promise.then.completed (C:\Praca\saas\poshproject\node_modules\jest-circus\build\utils.js:298:28)
          at new Promise (<anonymous>)
          at callAsyncCircusFn (C:\Praca\saas\poshproject\node_modules\jest-circus\build\utils.js:231:10)
          at _callCircusHook (C:\Praca\saas\poshproject\node_modules\jest-circus\build\run.js:281:40)
          at _runTest (C:\Praca\saas\poshproject\node_modules\jest-circus\build\run.js:246:5)
          at _runTestsForDescribeBlock (C:\Praca\saas\poshproject\node_modules\jest-circus\build\run.js:126:9)
          at _runTestsForDescribeBlock (C:\Praca\saas\poshproject\node_modules\jest-circus\build\run.js:121:9)
          at run (C:\Praca\saas\poshproject\node_modules\jest-circus\build\run.js:71:3)
          at runAndTransformResultsToJestFormat (C:\Praca\saas\poshproject\node_modules\jest-circus\build\legacy-code-todo-rewrite\jestAdapterInit.js:12
2:21)
          at jestAdapter (C:\Praca\saas\poshproject\node_modules\jest-circus\build\legacy-code-todo-rewrite\jestAdapter.js:79:19)
          at runTestInternal (C:\Praca\saas\poshproject\node_modules\jest-runner\build\runTest.js:367:16)
          at runTest (C:\Praca\saas\poshproject\node_modules\jest-runner\build\runTest.js:444:34)
          at Object.worker (C:\Praca\saas\poshproject\node_modules\jest-runner\build\testWorker.js:106:12)

    [0m [90m 51 |[39m     console[33m.[39merror([32m'[RateLimiter] Constructed with config:'[39m[33m,[39m config)[33m;[39m
     [90m 52 |[39m     [90m// eslint-disable-next-line no-console[39m
    [31m[1m>[22m[39m[90m 53 |[39m     console[33m.[39merror([32m'[RateLimiter] Stack trace:'[39m[33m,[39m [36mnew[39m [33mError[39m([32
m'Stack trace for RateLimiter instantiation'[39m))[33m;[39m
     [90m    |[39m             [31m[1m^[22m[39m
     [90m 54 |[39m     [90m// Runtime checks for required config fields[39m
     [90m 55 |[39m     [36mif[39m (
     [90m 56 |[39m       config[33m.[39mmaxRequestsPerMinute [33m===[39m undefined [33m||[39m[0m

      at new RateLimiter (server/src/automation/utils/RateLimiter.ts:53:13)
      at Function.getInstance (server/src/automation/utils/RateLimiter.ts:78:30)
      at Object.<anonymous> (server/src/automation/__tests__/RetryManager.test.ts:37:17)

    console.log
      [RateLimiter.getInstance] called with config: undefined current instance: RateLimiter {
        config: {
          maxRequestsPerMinute: 30,
          maxRequestsPerHour: 300,
          maxConcurrentRequests: 5,
          cooldownPeriod: 2000
        },
        requests: [],
        activeRequests: 0,
        userLastRequest: Map(0) {},
        userActiveRequests: Map(0) {},
        _now: [Function (anonymous)]
      }

      at Function.getInstance (server/src/automation/utils/RateLimiter.ts:73:13)

    console.log
      [RateLimiter.getInstance] Returning existing instance

      at Function.getInstance (server/src/automation/utils/RateLimiter.ts:81:15)

    console.log
      [TEST] RateLimiter singleton after getInstance: RateLimiter {
        config: {
          maxRequestsPerMinute: 30,
          maxRequestsPerHour: 300,
          maxConcurrentRequests: 5,
          cooldownPeriod: 2000
        },
        requests: [],
        activeRequests: 0,
        userLastRequest: Map(0) {},
        userActiveRequests: Map(0) {},
        _now: [Function (anonymous)]
      }

      at Object.<anonymous> (server/src/automation/__tests__/RetryManager.test.ts:45:13)

    console.log
      [TEST] should use exponential backoff for delays

      at Object.<anonymous> (server/src/automation/__tests__/RetryManager.test.ts:127:13)

    console.log
      [RateLimiter.getInstance] called with config: {
        maxRequestsPerMinute: 30,
        maxRequestsPerHour: 300,
        maxConcurrentRequests: 5,
        cooldownPeriod: 2000
      } current instance: undefined

      at Function.getInstance (server/src/automation/utils/RateLimiter.ts:73:13)

    console.error
      [RateLimiter] Constructed with config: {
        maxRequestsPerMinute: 30,
        maxRequestsPerHour: 300,
        maxConcurrentRequests: 5,
        cooldownPeriod: 2000
      }

    [0m [90m 49 |[39m     [90m// Detailed debug logging for constructor[39m
     [90m 50 |[39m     [90m// eslint-disable-next-line no-console[39m
    [31m[1m>[22m[39m[90m 51 |[39m     console[33m.[39merror([32m'[RateLimiter] Constructed with config:'[39m[33m,[39m config)[33m;[39m
     [90m    |[39m             [31m[1m^[22m[39m
     [90m 52 |[39m     [90m// eslint-disable-next-line no-console[39m
     [90m 53 |[39m     console[33m.[39merror([32m'[RateLimiter] Stack trace:'[39m[33m,[39m [36mnew[39m [33mError[39m([32m'Stack trace for R
ateLimiter instantiation'[39m))[33m;[39m
     [90m 54 |[39m     [90m// Runtime checks for required config fields[39m[0m

      at new RateLimiter (server/src/automation/utils/RateLimiter.ts:51:13)
      at Function.getInstance (server/src/automation/utils/RateLimiter.ts:78:30)
      at Object.<anonymous> (server/src/automation/__tests__/RetryManager.test.ts:37:17)

    console.error
      [RateLimiter] Stack trace: Error: Stack trace for RateLimiter instantiation
          at new RateLimiter (C:\Praca\saas\poshproject\server\src\automation\utils\RateLimiter.ts:53:49)
          at Function.getInstance (C:\Praca\saas\poshproject\server\src\automation\utils\RateLimiter.ts:78:30)
          at Object.<anonymous> (C:\Praca\saas\poshproject\server\src\automation\__tests__\RetryManager.test.ts:37:17)
          at Promise.then.completed (C:\Praca\saas\poshproject\node_modules\jest-circus\build\utils.js:298:28)
          at new Promise (<anonymous>)
          at callAsyncCircusFn (C:\Praca\saas\poshproject\node_modules\jest-circus\build\utils.js:231:10)
          at _callCircusHook (C:\Praca\saas\poshproject\node_modules\jest-circus\build\run.js:281:40)
          at _runTest (C:\Praca\saas\poshproject\node_modules\jest-circus\build\run.js:246:5)
          at _runTestsForDescribeBlock (C:\Praca\saas\poshproject\node_modules\jest-circus\build\run.js:126:9)
          at _runTestsForDescribeBlock (C:\Praca\saas\poshproject\node_modules\jest-circus\build\run.js:121:9)
          at run (C:\Praca\saas\poshproject\node_modules\jest-circus\build\run.js:71:3)
          at runAndTransformResultsToJestFormat (C:\Praca\saas\poshproject\node_modules\jest-circus\build\legacy-code-todo-rewrite\jestAdapterInit.js:12
2:21)
          at jestAdapter (C:\Praca\saas\poshproject\node_modules\jest-circus\build\legacy-code-todo-rewrite\jestAdapter.js:79:19)
          at runTestInternal (C:\Praca\saas\poshproject\node_modules\jest-runner\build\runTest.js:367:16)
          at runTest (C:\Praca\saas\poshproject\node_modules\jest-runner\build\runTest.js:444:34)
          at Object.worker (C:\Praca\saas\poshproject\node_modules\jest-runner\build\testWorker.js:106:12)

    [0m [90m 51 |[39m     console[33m.[39merror([32m'[RateLimiter] Constructed with config:'[39m[33m,[39m config)[33m;[39m
     [90m 52 |[39m     [90m// eslint-disable-next-line no-console[39m
    [31m[1m>[22m[39m[90m 53 |[39m     console[33m.[39merror([32m'[RateLimiter] Stack trace:'[39m[33m,[39m [36mnew[39m [33mError[39m([32
m'Stack trace for RateLimiter instantiation'[39m))[33m;[39m
     [90m    |[39m             [31m[1m^[22m[39m
     [90m 54 |[39m     [90m// Runtime checks for required config fields[39m
     [90m 55 |[39m     [36mif[39m (
     [90m 56 |[39m       config[33m.[39mmaxRequestsPerMinute [33m===[39m undefined [33m||[39m[0m

      at new RateLimiter (server/src/automation/utils/RateLimiter.ts:53:13)
      at Function.getInstance (server/src/automation/utils/RateLimiter.ts:78:30)
      at Object.<anonymous> (server/src/automation/__tests__/RetryManager.test.ts:37:17)

    console.log
      [RateLimiter.getInstance] called with config: undefined current instance: RateLimiter {
        config: {
          maxRequestsPerMinute: 30,
          maxRequestsPerHour: 300,
          maxConcurrentRequests: 5,
          cooldownPeriod: 2000
        },
        requests: [],
        activeRequests: 0,
        userLastRequest: Map(0) {},
        userActiveRequests: Map(0) {},
        _now: [Function (anonymous)]
      }

      at Function.getInstance (server/src/automation/utils/RateLimiter.ts:73:13)

    console.log
      [RateLimiter.getInstance] Returning existing instance

      at Function.getInstance (server/src/automation/utils/RateLimiter.ts:81:15)

    console.log
      [TEST] RateLimiter singleton after getInstance: RateLimiter {
        config: {
          maxRequestsPerMinute: 30,
          maxRequestsPerHour: 300,
          maxConcurrentRequests: 5,
          cooldownPeriod: 2000
        },
        requests: [],
        activeRequests: 0,
        userLastRequest: Map(0) {},
        userActiveRequests: Map(0) {},
        _now: [Function (anonymous)]
      }

      at Object.<anonymous> (server/src/automation/__tests__/RetryManager.test.ts:45:13)

    console.log
      [TEST] should respect maxDelay limit

      at Object.<anonymous> (server/src/automation/__tests__/RetryManager.test.ts:138:13)

PASS server/dist/src/automation/utils/__tests__/errors.test.js
PASS server/dist/src/automation/utils/__tests__/timing.test.js
ts-jest[config] (WARN) [94mmessage[0m[90m TS151001: [0mIf you have issues related to imports, you should consider setting `esModuleInterop` to `true
` in your TypeScript configuration file (usually `tsconfig.json`). See https://blogs.msdn.microsoft.com/typescript/2018/01/31/announcing-typescript-2-7/
#easier-ecmascript-module-interoperability for more information.
PASS server/src/__tests__/basic.test.ts
PASS server/dist/src/__tests__/basic.test.js
PASS server/src/automation/utils/__tests__/errors.test.ts
FAIL server/src/automation/__tests__/ShareAutomation.test.ts (11.947 s)
  ÔŚĆ Console

    console.log
      [RateLimiter.getInstance] called with config: {
        maxRequestsPerMinute: 30,
        maxRequestsPerHour: 300,
        maxConcurrentRequests: 5,
        cooldownPeriod: 2000
      } current instance: undefined

      at Function.getInstance (server/src/automation/utils/RateLimiter.ts:73:13)

    console.error
      [RateLimiter] Constructed with config: {
        maxRequestsPerMinute: 30,
        maxRequestsPerHour: 300,
        maxConcurrentRequests: 5,
        cooldownPeriod: 2000
      }

    [0m [90m 49 |[39m     [90m// Detailed debug logging for constructor[39m
     [90m 50 |[39m     [90m// eslint-disable-next-line no-console[39m
    [31m[1m>[22m[39m[90m 51 |[39m     console[33m.[39merror([32m'[RateLimiter] Constructed with config:'[39m[33m,[39m config)[33m;[39m
     [90m    |[39m             [31m[1m^[22m[39m
     [90m 52 |[39m     [90m// eslint-disable-next-line no-console[39m
     [90m 53 |[39m     console[33m.[39merror([32m'[RateLimiter] Stack trace:'[39m[33m,[39m [36mnew[39m [33mError[39m([32m'Stack trace for R
ateLimiter instantiation'[39m))[33m;[39m
     [90m 54 |[39m     [90m// Runtime checks for required config fields[39m[0m

      at new RateLimiter (server/src/automation/utils/RateLimiter.ts:51:13)
      at Function.getInstance (server/src/automation/utils/RateLimiter.ts:78:30)
      at Object.<anonymous> (server/src/automation/__tests__/ShareAutomation.test.ts:11:15)

    console.error
      [RateLimiter] Stack trace: Error: Stack trace for RateLimiter instantiation
          at new RateLimiter (C:\Praca\saas\poshproject\server\src\automation\utils\RateLimiter.ts:53:49)
          at Function.getInstance (C:\Praca\saas\poshproject\server\src\automation\utils\RateLimiter.ts:78:30)
          at Object.<anonymous> (C:\Praca\saas\poshproject\server\src\automation\__tests__\ShareAutomation.test.ts:11:15)
          at Promise.then.completed (C:\Praca\saas\poshproject\node_modules\jest-circus\build\utils.js:298:28)
          at new Promise (<anonymous>)
          at callAsyncCircusFn (C:\Praca\saas\poshproject\node_modules\jest-circus\build\utils.js:231:10)
          at _callCircusHook (C:\Praca\saas\poshproject\node_modules\jest-circus\build\run.js:281:40)
          at processTicksAndRejections (node:internal/process/task_queues:105:5)
          at _runTestsForDescribeBlock (C:\Praca\saas\poshproject\node_modules\jest-circus\build\run.js:95:7)
          at run (C:\Praca\saas\poshproject\node_modules\jest-circus\build\run.js:71:3)
          at runAndTransformResultsToJestFormat (C:\Praca\saas\poshproject\node_modules\jest-circus\build\legacy-code-todo-rewrite\jestAdapterInit.js:12
2:21)
          at jestAdapter (C:\Praca\saas\poshproject\node_modules\jest-circus\build\legacy-code-todo-rewrite\jestAdapter.js:79:19)
          at runTestInternal (C:\Praca\saas\poshproject\node_modules\jest-runner\build\runTest.js:367:16)
          at runTest (C:\Praca\saas\poshproject\node_modules\jest-runner\build\runTest.js:444:34)
          at Object.worker (C:\Praca\saas\poshproject\node_modules\jest-runner\build\testWorker.js:106:12)

    [0m [90m 51 |[39m     console[33m.[39merror([32m'[RateLimiter] Constructed with config:'[39m[33m,[39m config)[33m;[39m
     [90m 52 |[39m     [90m// eslint-disable-next-line no-console[39m
    [31m[1m>[22m[39m[90m 53 |[39m     console[33m.[39merror([32m'[RateLimiter] Stack trace:'[39m[33m,[39m [36mnew[39m [33mError[39m([32
m'Stack trace for RateLimiter instantiation'[39m))[33m;[39m
     [90m    |[39m             [31m[1m^[22m[39m
     [90m 54 |[39m     [90m// Runtime checks for required config fields[39m
     [90m 55 |[39m     [36mif[39m (
     [90m 56 |[39m       config[33m.[39mmaxRequestsPerMinute [33m===[39m undefined [33m||[39m[0m

      at new RateLimiter (server/src/automation/utils/RateLimiter.ts:53:13)
      at Function.getInstance (server/src/automation/utils/RateLimiter.ts:78:30)
      at Object.<anonymous> (server/src/automation/__tests__/ShareAutomation.test.ts:11:15)

    console.log
      [RateLimiter.getInstance] called with config: undefined current instance: RateLimiter {
        config: {
          maxRequestsPerMinute: 30,
          maxRequestsPerHour: 300,
          maxConcurrentRequests: 5,
          cooldownPeriod: 2000
        },
        requests: [],
        activeRequests: 0,
        userLastRequest: Map(0) {},
        userActiveRequests: Map(0) {},
        _now: [Function (anonymous)]
      }

      at Function.getInstance (server/src/automation/utils/RateLimiter.ts:73:13)

    console.log
      [RateLimiter.getInstance] Returning existing instance

      at Function.getInstance (server/src/automation/utils/RateLimiter.ts:81:15)

    console.log
      [RateLimiter.getInstance] called with config: undefined current instance: RateLimiter {
        config: {
          maxRequestsPerMinute: 30,
          maxRequestsPerHour: 300,
          maxConcurrentRequests: 5,
          cooldownPeriod: 2000
        },
        requests: [],
        activeRequests: 0,
        userLastRequest: Map(0) {},
        userActiveRequests: Map(0) {},
        _now: [Function (anonymous)]
      }

      at Function.getInstance (server/src/automation/utils/RateLimiter.ts:73:13)

    console.log
      [RateLimiter.getInstance] Returning existing instance

      at Function.getInstance (server/src/automation/utils/RateLimiter.ts:81:15)

    console.log
      [RateLimiter.getInstance] called with config: undefined current instance: RateLimiter {
        config: {
          maxRequestsPerMinute: 30,
          maxRequestsPerHour: 300,
          maxConcurrentRequests: 5,
          cooldownPeriod: 2000
        },
        requests: [],
        activeRequests: 0,
        userLastRequest: Map(0) {},
        userActiveRequests: Map(0) {},
        _now: [Function (anonymous)]
      }

      at Function.getInstance (server/src/automation/utils/RateLimiter.ts:73:13)

    console.log
      [RateLimiter.getInstance] Returning existing instance

      at Function.getInstance (server/src/automation/utils/RateLimiter.ts:81:15)

    console.log
      [RateLimiter.getInstance] called with config: undefined current instance: RateLimiter {
        config: {
          maxRequestsPerMinute: 30,
          maxRequestsPerHour: 300,
          maxConcurrentRequests: 5,
          cooldownPeriod: 2000
        },
        requests: [],
        activeRequests: 0,
        userLastRequest: Map(0) {},
        userActiveRequests: Map(0) {},
        _now: [Function (anonymous)]
      }

      at Function.getInstance (server/src/automation/utils/RateLimiter.ts:73:13)

    console.log
      [RateLimiter.getInstance] Returning existing instance

      at Function.getInstance (server/src/automation/utils/RateLimiter.ts:81:15)

    console.log
      [RateLimiter.getInstance] called with config: undefined current instance: RateLimiter {
        config: {
          maxRequestsPerMinute: 30,
          maxRequestsPerHour: 300,
          maxConcurrentRequests: 5,
          cooldownPeriod: 2000
        },
        requests: [],
        activeRequests: 0,
        userLastRequest: Map(0) {},
        userActiveRequests: Map(0) {},
        _now: [Function (anonymous)]
      }

      at Function.getInstance (server/src/automation/utils/RateLimiter.ts:73:13)

    console.log
      [RateLimiter.getInstance] Returning existing instance

      at Function.getInstance (server/src/automation/utils/RateLimiter.ts:81:15)

    console.log
      [RateLimiter.getInstance] called with config: undefined current instance: RateLimiter {
        config: {
          maxRequestsPerMinute: 30,
          maxRequestsPerHour: 300,
          maxConcurrentRequests: 5,
          cooldownPeriod: 2000
        },
        requests: [],
        activeRequests: 0,
        userLastRequest: Map(0) {},
        userActiveRequests: Map(0) {},
        _now: [Function (anonymous)]
      }

      at Function.getInstance (server/src/automation/utils/RateLimiter.ts:73:13)

    console.log
      [RateLimiter.getInstance] Returning existing instance

      at Function.getInstance (server/src/automation/utils/RateLimiter.ts:81:15)

    console.log
      [RateLimiter.getInstance] called with config: undefined current instance: RateLimiter {
        config: {
          maxRequestsPerMinute: 30,
          maxRequestsPerHour: 300,
          maxConcurrentRequests: 5,
          cooldownPeriod: 2000
        },
        requests: [],
        activeRequests: 0,
        userLastRequest: Map(0) {},
        userActiveRequests: Map(0) {},
        _now: [Function (anonymous)]
      }

      at Function.getInstance (server/src/automation/utils/RateLimiter.ts:73:13)

    console.log
      [RateLimiter.getInstance] Returning existing instance

      at Function.getInstance (server/src/automation/utils/RateLimiter.ts:81:15)

    console.log
      [RateLimiter.getInstance] called with config: undefined current instance: RateLimiter {
        config: {
          maxRequestsPerMinute: 30,
          maxRequestsPerHour: 300,
          maxConcurrentRequests: 5,
          cooldownPeriod: 2000
        },
        requests: [],
        activeRequests: 0,
        userLastRequest: Map(0) {},
        userActiveRequests: Map(0) {},
        _now: [Function (anonymous)]
      }

      at Function.getInstance (server/src/automation/utils/RateLimiter.ts:73:13)

    console.log
      [RateLimiter.getInstance] Returning existing instance

      at Function.getInstance (server/src/automation/utils/RateLimiter.ts:81:15)

    console.log
      [RateLimiter.getInstance] called with config: undefined current instance: RateLimiter {
        config: {
          maxRequestsPerMinute: 30,
          maxRequestsPerHour: 300,
          maxConcurrentRequests: 5,
          cooldownPeriod: 2000
        },
        requests: [],
        activeRequests: 0,
        userLastRequest: Map(0) {},
        userActiveRequests: Map(0) {},
        _now: [Function (anonymous)]
      }

      at Function.getInstance (server/src/automation/utils/RateLimiter.ts:73:13)

    console.log
      [RateLimiter.getInstance] Returning existing instance

      at Function.getInstance (server/src/automation/utils/RateLimiter.ts:81:15)

    console.log
      [RateLimiter.getInstance] called with config: undefined current instance: RateLimiter {
        config: {
          maxRequestsPerMinute: 30,
          maxRequestsPerHour: 300,
          maxConcurrentRequests: 5,
          cooldownPeriod: 2000
        },
        requests: [],
        activeRequests: 0,
        userLastRequest: Map(0) {},
        userActiveRequests: Map(0) {},
        _now: [Function (anonymous)]
      }

      at Function.getInstance (server/src/automation/utils/RateLimiter.ts:73:13)

    console.log
      [RateLimiter.getInstance] Returning existing instance

      at Function.getInstance (server/src/automation/utils/RateLimiter.ts:81:15)

    console.log
      [RateLimiter.getInstance] called with config: undefined current instance: RateLimiter {
        config: {
          maxRequestsPerMinute: 30,
          maxRequestsPerHour: 300,
          maxConcurrentRequests: 5,
          cooldownPeriod: 2000
        },
        requests: [],
        activeRequests: 0,
        userLastRequest: Map(0) {},
        userActiveRequests: Map(0) {},
        _now: [Function (anonymous)]
      }

      at Function.getInstance (server/src/automation/utils/RateLimiter.ts:73:13)

    console.log
      [RateLimiter.getInstance] Returning existing instance

      at Function.getInstance (server/src/automation/utils/RateLimiter.ts:81:15)

    console.log
      [RateLimiter.getInstance] called with config: undefined current instance: RateLimiter {
        config: {
          maxRequestsPerMinute: 30,
          maxRequestsPerHour: 300,
          maxConcurrentRequests: 5,
          cooldownPeriod: 2000
        },
        requests: [],
        activeRequests: 0,
        userLastRequest: Map(0) {},
        userActiveRequests: Map(0) {},
        _now: [Function (anonymous)]
      }

      at Function.getInstance (server/src/automation/utils/RateLimiter.ts:73:13)

    console.log
      [RateLimiter.getInstance] Returning existing instance

      at Function.getInstance (server/src/automation/utils/RateLimiter.ts:81:15)

    console.log
      [RateLimiter.getInstance] called with config: undefined current instance: RateLimiter {
        config: {
          maxRequestsPerMinute: 30,
          maxRequestsPerHour: 300,
          maxConcurrentRequests: 5,
          cooldownPeriod: 2000
        },
        requests: [],
        activeRequests: 0,
        userLastRequest: Map(0) {},
        userActiveRequests: Map(0) {},
        _now: [Function (anonymous)]
      }

      at Function.getInstance (server/src/automation/utils/RateLimiter.ts:73:13)

    console.log
      [RateLimiter.getInstance] Returning existing instance

      at Function.getInstance (server/src/automation/utils/RateLimiter.ts:81:15)

    console.log
      [RateLimiter.getInstance] called with config: undefined current instance: RateLimiter {
        config: {
          maxRequestsPerMinute: 30,
          maxRequestsPerHour: 300,
          maxConcurrentRequests: 5,
          cooldownPeriod: 2000
        },
        requests: [],
        activeRequests: 0,
        userLastRequest: Map(0) {},
        userActiveRequests: Map(0) {},
        _now: [Function (anonymous)]
      }

      at Function.getInstance (server/src/automation/utils/RateLimiter.ts:73:13)

    console.log
      [RateLimiter.getInstance] Returning existing instance

      at Function.getInstance (server/src/automation/utils/RateLimiter.ts:81:15)

    console.log
      [RateLimiter.getInstance] called with config: undefined current instance: RateLimiter {
        config: {
          maxRequestsPerMinute: 30,
          maxRequestsPerHour: 300,
          maxConcurrentRequests: 5,
          cooldownPeriod: 2000
        },
        requests: [],
        activeRequests: 0,
        userLastRequest: Map(0) {},
        userActiveRequests: Map(0) {},
        _now: [Function (anonymous)]
      }

      at Function.getInstance (server/src/automation/utils/RateLimiter.ts:73:13)

    console.log
      [RateLimiter.getInstance] Returning existing instance

      at Function.getInstance (server/src/automation/utils/RateLimiter.ts:81:15)

    console.log
      [RateLimiter.getInstance] called with config: undefined current instance: RateLimiter {
        config: {
          maxRequestsPerMinute: 30,
          maxRequestsPerHour: 300,
          maxConcurrentRequests: 5,
          cooldownPeriod: 2000
        },
        requests: [],
        activeRequests: 0,
        userLastRequest: Map(0) {},
        userActiveRequests: Map(0) {},
        _now: [Function (anonymous)]
      }

      at Function.getInstance (server/src/automation/utils/RateLimiter.ts:73:13)

    console.log
      [RateLimiter.getInstance] Returning existing instance

      at Function.getInstance (server/src/automation/utils/RateLimiter.ts:81:15)

    console.log
      [RateLimiter.getInstance] called with config: undefined current instance: RateLimiter {
        config: {
          maxRequestsPerMinute: 30,
          maxRequestsPerHour: 300,
          maxConcurrentRequests: 5,
          cooldownPeriod: 2000
        },
        requests: [],
        activeRequests: 0,
        userLastRequest: Map(0) {},
        userActiveRequests: Map(0) {},
        _now: [Function (anonymous)]
      }

      at Function.getInstance (server/src/automation/utils/RateLimiter.ts:73:13)

    console.log
      [RateLimiter.getInstance] Returning existing instance

      at Function.getInstance (server/src/automation/utils/RateLimiter.ts:81:15)

    console.log
      [RateLimiter.getInstance] called with config: undefined current instance: RateLimiter {
        config: {
          maxRequestsPerMinute: 30,
          maxRequestsPerHour: 300,
          maxConcurrentRequests: 5,
          cooldownPeriod: 2000
        },
        requests: [],
        activeRequests: 0,
        userLastRequest: Map(0) {},
        userActiveRequests: Map(0) {},
        _now: [Function (anonymous)]
      }

      at Function.getInstance (server/src/automation/utils/RateLimiter.ts:73:13)

    console.log
      [RateLimiter.getInstance] Returning existing instance

      at Function.getInstance (server/src/automation/utils/RateLimiter.ts:81:15)

    console.log
      [RateLimiter.getInstance] called with config: undefined current instance: RateLimiter {
        config: {
          maxRequestsPerMinute: 30,
          maxRequestsPerHour: 300,
          maxConcurrentRequests: 5,
          cooldownPeriod: 2000
        },
        requests: [],
        activeRequests: 0,
        userLastRequest: Map(0) {},
        userActiveRequests: Map(0) {},
        _now: [Function (anonymous)]
      }

      at Function.getInstance (server/src/automation/utils/RateLimiter.ts:73:13)

    console.log
      [RateLimiter.getInstance] Returning existing instance

      at Function.getInstance (server/src/automation/utils/RateLimiter.ts:81:15)

    console.log
      [RateLimiter.getInstance] called with config: undefined current instance: RateLimiter {
        config: {
          maxRequestsPerMinute: 30,
          maxRequestsPerHour: 300,
          maxConcurrentRequests: 5,
          cooldownPeriod: 2000
        },
        requests: [],
        activeRequests: 0,
        userLastRequest: Map(0) {},
        userActiveRequests: Map(0) {},
        _now: [Function (anonymous)]
      }

      at Function.getInstance (server/src/automation/utils/RateLimiter.ts:73:13)

    console.log
      [RateLimiter.getInstance] Returning existing instance

      at Function.getInstance (server/src/automation/utils/RateLimiter.ts:81:15)

    console.log
      [RateLimiter.getInstance] called with config: undefined current instance: RateLimiter {
        config: {
          maxRequestsPerMinute: 30,
          maxRequestsPerHour: 300,
          maxConcurrentRequests: 5,
          cooldownPeriod: 2000
        },
        requests: [],
        activeRequests: 0,
        userLastRequest: Map(0) {},
        userActiveRequests: Map(0) {},
        _now: [Function (anonymous)]
      }

      at Function.getInstance (server/src/automation/utils/RateLimiter.ts:73:13)

    console.log
      [RateLimiter.getInstance] Returning existing instance

      at Function.getInstance (server/src/automation/utils/RateLimiter.ts:81:15)

    console.log
      [RateLimiter.getInstance] called with config: undefined current instance: RateLimiter {
        config: {
          maxRequestsPerMinute: 30,
          maxRequestsPerHour: 300,
          maxConcurrentRequests: 5,
          cooldownPeriod: 2000
        },
        requests: [],
        activeRequests: 0,
        userLastRequest: Map(0) {},
        userActiveRequests: Map(0) {},
        _now: [Function (anonymous)]
      }

      at Function.getInstance (server/src/automation/utils/RateLimiter.ts:73:13)

    console.log
      [RateLimiter.getInstance] Returning existing instance

      at Function.getInstance (server/src/automation/utils/RateLimiter.ts:81:15)

    console.log
      [RateLimiter.getInstance] called with config: undefined current instance: RateLimiter {
        config: {
          maxRequestsPerMinute: 30,
          maxRequestsPerHour: 300,
          maxConcurrentRequests: 5,
          cooldownPeriod: 2000
        },
        requests: [],
        activeRequests: 0,
        userLastRequest: Map(0) {},
        userActiveRequests: Map(0) {},
        _now: [Function (anonymous)]
      }

      at Function.getInstance (server/src/automation/utils/RateLimiter.ts:73:13)

    console.log
      [RateLimiter.getInstance] Returning existing instance

      at Function.getInstance (server/src/automation/utils/RateLimiter.ts:81:15)

    console.log
      [RateLimiter.getInstance] called with config: undefined current instance: RateLimiter {
        config: {
          maxRequestsPerMinute: 30,
          maxRequestsPerHour: 300,
          maxConcurrentRequests: 5,
          cooldownPeriod: 2000
        },
        requests: [],
        activeRequests: 0,
        userLastRequest: Map(0) {},
        userActiveRequests: Map(0) {},
        _now: [Function (anonymous)]
      }

      at Function.getInstance (server/src/automation/utils/RateLimiter.ts:73:13)

    console.log
      [RateLimiter.getInstance] Returning existing instance

      at Function.getInstance (server/src/automation/utils/RateLimiter.ts:81:15)

    console.log
      [RateLimiter.getInstance] called with config: undefined current instance: RateLimiter {
        config: {
          maxRequestsPerMinute: 30,
          maxRequestsPerHour: 300,
          maxConcurrentRequests: 5,
          cooldownPeriod: 2000
        },
        requests: [],
        activeRequests: 0,
        userLastRequest: Map(0) {},
        userActiveRequests: Map(0) {},
        _now: [Function (anonymous)]
      }

      at Function.getInstance (server/src/automation/utils/RateLimiter.ts:73:13)

    console.log
      [RateLimiter.getInstance] Returning existing instance

      at Function.getInstance (server/src/automation/utils/RateLimiter.ts:81:15)

    console.log
      [RateLimiter.getInstance] called with config: undefined current instance: RateLimiter {
        config: {
          maxRequestsPerMinute: 30,
          maxRequestsPerHour: 300,
          maxConcurrentRequests: 5,
          cooldownPeriod: 2000
        },
        requests: [],
        activeRequests: 0,
        userLastRequest: Map(0) {},
        userActiveRequests: Map(0) {},
        _now: [Function (anonymous)]
      }

      at Function.getInstance (server/src/automation/utils/RateLimiter.ts:73:13)

    console.log
      [RateLimiter.getInstance] Returning existing instance

      at Function.getInstance (server/src/automation/utils/RateLimiter.ts:81:15)

    console.log
      [RateLimiter.getInstance] called with config: undefined current instance: RateLimiter {
        config: {
          maxRequestsPerMinute: 30,
          maxRequestsPerHour: 300,
          maxConcurrentRequests: 5,
          cooldownPeriod: 2000
        },
        requests: [],
        activeRequests: 0,
        userLastRequest: Map(0) {},
        userActiveRequests: Map(0) {},
        _now: [Function (anonymous)]
      }

      at Function.getInstance (server/src/automation/utils/RateLimiter.ts:73:13)

    console.log
      [RateLimiter.getInstance] Returning existing instance

      at Function.getInstance (server/src/automation/utils/RateLimiter.ts:81:15)

    console.log
      [RateLimiter.getInstance] called with config: undefined current instance: RateLimiter {
        config: {
          maxRequestsPerMinute: 30,
          maxRequestsPerHour: 300,
          maxConcurrentRequests: 5,
          cooldownPeriod: 2000
        },
        requests: [],
        activeRequests: 0,
        userLastRequest: Map(0) {},
        userActiveRequests: Map(0) {},
        _now: [Function (anonymous)]
      }

      at Function.getInstance (server/src/automation/utils/RateLimiter.ts:73:13)

    console.log
      [RateLimiter.getInstance] Returning existing instance

      at Function.getInstance (server/src/automation/utils/RateLimiter.ts:81:15)

    console.log
      [RateLimiter.getInstance] called with config: undefined current instance: RateLimiter {
        config: {
          maxRequestsPerMinute: 30,
          maxRequestsPerHour: 300,
          maxConcurrentRequests: 5,
          cooldownPeriod: 2000
        },
        requests: [],
        activeRequests: 0,
        userLastRequest: Map(0) {},
        userActiveRequests: Map(0) {},
        _now: [Function (anonymous)]
      }

      at Function.getInstance (server/src/automation/utils/RateLimiter.ts:73:13)

    console.log
      [RateLimiter.getInstance] Returning existing instance

      at Function.getInstance (server/src/automation/utils/RateLimiter.ts:81:15)

    console.log
      [RateLimiter.getInstance] called with config: undefined current instance: RateLimiter {
        config: {
          maxRequestsPerMinute: 30,
          maxRequestsPerHour: 300,
          maxConcurrentRequests: 5,
          cooldownPeriod: 2000
        },
        requests: [],
        activeRequests: 0,
        userLastRequest: Map(0) {},
        userActiveRequests: Map(0) {},
        _now: [Function (anonymous)]
      }

      at Function.getInstance (server/src/automation/utils/RateLimiter.ts:73:13)

    console.log
      [RateLimiter.getInstance] Returning existing instance

      at Function.getInstance (server/src/automation/utils/RateLimiter.ts:81:15)

    console.log
      [RateLimiter.getInstance] called with config: undefined current instance: RateLimiter {
        config: {
          maxRequestsPerMinute: 30,
          maxRequestsPerHour: 300,
          maxConcurrentRequests: 5,
          cooldownPeriod: 2000
        },
        requests: [],
        activeRequests: 0,
        userLastRequest: Map(0) {},
        userActiveRequests: Map(0) {},
        _now: [Function (anonymous)]
      }

      at Function.getInstance (server/src/automation/utils/RateLimiter.ts:73:13)

    console.log
      [RateLimiter.getInstance] Returning existing instance

      at Function.getInstance (server/src/automation/utils/RateLimiter.ts:81:15)

    console.log
      [RateLimiter.getInstance] called with config: undefined current instance: RateLimiter {
        config: {
          maxRequestsPerMinute: 30,
          maxRequestsPerHour: 300,
          maxConcurrentRequests: 5,
          cooldownPeriod: 2000
        },
        requests: [],
        activeRequests: 0,
        userLastRequest: Map(0) {},
        userActiveRequests: Map(0) {},
        _now: [Function (anonymous)]
      }

      at Function.getInstance (server/src/automation/utils/RateLimiter.ts:73:13)

    console.log
      [RateLimiter.getInstance] Returning existing instance

      at Function.getInstance (server/src/automation/utils/RateLimiter.ts:81:15)

    console.log
      [RateLimiter.getInstance] called with config: undefined current instance: RateLimiter {
        config: {
          maxRequestsPerMinute: 30,
          maxRequestsPerHour: 300,
          maxConcurrentRequests: 5,
          cooldownPeriod: 2000
        },
        requests: [],
        activeRequests: 0,
        userLastRequest: Map(0) {},
        userActiveRequests: Map(0) {},
        _now: [Function (anonymous)]
      }

      at Function.getInstance (server/src/automation/utils/RateLimiter.ts:73:13)

    console.log
      [RateLimiter.getInstance] Returning existing instance

      at Function.getInstance (server/src/automation/utils/RateLimiter.ts:81:15)

    console.log
      [RateLimiter.getInstance] called with config: undefined current instance: RateLimiter {
        config: {
          maxRequestsPerMinute: 30,
          maxRequestsPerHour: 300,
          maxConcurrentRequests: 5,
          cooldownPeriod: 2000
        },
        requests: [],
        activeRequests: 0,
        userLastRequest: Map(0) {},
        userActiveRequests: Map(0) {},
        _now: [Function (anonymous)]
      }

      at Function.getInstance (server/src/automation/utils/RateLimiter.ts:73:13)

    console.log
      [RateLimiter.getInstance] Returning existing instance

      at Function.getInstance (server/src/automation/utils/RateLimiter.ts:81:15)

  ÔŚĆ ShareAutomation ÔÇ║ shareCloset ÔÇ║ should share items successfully

    thrown: "Exceeded timeout of 5000 ms for a test.
    Add a timeout value to this test to increase the timeout, if this is a long-running test. See https://jestjs.io/docs/api#testname-fn-timeout."

    [0m [90m 185 |[39m     })[33m;[39m
     [90m 186 |[39m
    [31m[1m>[22m[39m[90m 187 |[39m     it([32m'should share items successfully'[39m[33m,[39m [36masync[39m () [33m=>[39m {
     [90m     |[39m     [31m[1m^[22m[39m
     [90m 188 |[39m       [36mconst[39m mockItems [33m=[39m [33mArray[39m([35m5[39m)[33m.[39mfill([36mnull[39m)[33m.[39mmap(() [33m=>[
39m ({
     [90m 189 |[39m         $[33m:[39m jest[33m.[39mfn()[33m.[39mmockResolvedValue({
     [90m 190 |[39m           click[33m:[39m jest[33m.[39mfn()[33m.[39mmockResolvedValue(undefined)[0m

      at server/src/automation/__tests__/ShareAutomation.test.ts:187:5
      at server/src/automation/__tests__/ShareAutomation.test.ts:171:3
      at Object.<anonymous> (server/src/automation/__tests__/ShareAutomation.test.ts:19:1)

  ÔŚĆ ShareAutomation ÔÇ║ shareCloset ÔÇ║ should respect maxItems limit

    thrown: "Exceeded timeout of 5000 ms for a test.
    Add a timeout value to this test to increase the timeout, if this is a long-running test. See https://jestjs.io/docs/api#testname-fn-timeout."

    [0m [90m 229 |[39m     })[33m;[39m
     [90m 230 |[39m
    [31m[1m>[22m[39m[90m 231 |[39m     it([32m'should respect maxItems limit'[39m[33m,[39m [36masync[39m () [33m=>[39m {
     [90m     |[39m     [31m[1m^[22m[39m
     [90m 232 |[39m       [36mconst[39m mockItems [33m=[39m [33mArray[39m([35m6[39m)[33m.[39mfill([36mnull[39m)[33m.[39mmap(() [33m=>[
39m ({
     [90m 233 |[39m         $[33m:[39m jest[33m.[39mfn()[33m.[39mmockResolvedValue({
     [90m 234 |[39m           click[33m:[39m jest[33m.[39mfn()[33m,[39m[0m

      at server/src/automation/__tests__/ShareAutomation.test.ts:231:5
      at server/src/automation/__tests__/ShareAutomation.test.ts:171:3
      at Object.<anonymous> (server/src/automation/__tests__/ShareAutomation.test.ts:19:1)

A worker process has failed to exit gracefully and has been force exited. This is likely caused by tests leaking due to improper teardown. Try running w
ith --detectOpenHandles to find leaks. Active timers can also cause this, ensure that .unref() was called on them.
Test Suites: 7 failed, 10 passed, 17 total
Tests:       46 failed, 128 passed, 174 total
Snapshots:   0 total
Time:        14.125 s
Ran all test suites.
npm verbose cwd C:\Praca\saas\poshproject
npm verbose os Windows_NT 10.0.19045
npm verbose node v22.11.0
npm verbose npm  v10.9.0
npm verbose exit 1
npm verbose code 1
